Archive member included to satisfy reference by file (symbol)

c:/nxp/mcuxpressoide_11.8.0_1165/ide/plugins/com.nxp.mcuxpresso.tools.win32_11.8.0.202306131047/tools/bin/../lib/gcc/arm-none-eabi/12.2.1/../../../../arm-none-eabi/lib/thumb/v7e-m+dp/hard\libcr_nohost_nf.a(_cr__main.o)
                              ./startup/startup_mimxrt1062.o (__main)
c:/nxp/mcuxpressoide_11.8.0_1165/ide/plugins/com.nxp.mcuxpresso.tools.win32_11.8.0.202306131047/tools/bin/../lib/gcc/arm-none-eabi/12.2.1/../../../../arm-none-eabi/lib/thumb/v7e-m+dp/hard\libcr_c.a(memcpy.o)
                              ./utilities/fsl_debug_console.o (memcpy)
c:/nxp/mcuxpressoide_11.8.0_1165/ide/plugins/com.nxp.mcuxpresso.tools.win32_11.8.0.202306131047/tools/bin/../lib/gcc/arm-none-eabi/12.2.1/../../../../arm-none-eabi/lib/thumb/v7e-m+dp/hard\libcr_c.a(memset.o)
                              ./source/flexspi_nor_flash_ops.o (memset)
c:/nxp/mcuxpressoide_11.8.0_1165/ide/plugins/com.nxp.mcuxpresso.tools.win32_11.8.0.202306131047/tools/bin/../lib/gcc/arm-none-eabi/12.2.1/../../../../arm-none-eabi/lib/thumb/v7e-m+dp/hard\libcr_c.a(alloc.o)
                              ./drivers/fsl_common.o (malloc)
c:/nxp/mcuxpressoide_11.8.0_1165/ide/plugins/com.nxp.mcuxpresso.tools.win32_11.8.0.202306131047/tools/bin/../lib/gcc/arm-none-eabi/12.2.1/../../../../arm-none-eabi/lib/thumb/v7e-m+dp/hard\libcr_c.a(errno.o)
                              ./utilities/fsl_str.o (errno)
c:/nxp/mcuxpressoide_11.8.0_1165/ide/plugins/com.nxp.mcuxpresso.tools.win32_11.8.0.202306131047/tools/bin/../lib/gcc/arm-none-eabi/12.2.1/../../../../arm-none-eabi/lib/thumb/v7e-m+dp/hard\libcr_c.a(initio.o)
                              c:/nxp/mcuxpressoide_11.8.0_1165/ide/plugins/com.nxp.mcuxpresso.tools.win32_11.8.0.202306131047/tools/bin/../lib/gcc/arm-none-eabi/12.2.1/../../../../arm-none-eabi/lib/thumb/v7e-m+dp/hard\libcr_nohost_nf.a(_cr__main.o) (_initio)
c:/nxp/mcuxpressoide_11.8.0_1165/ide/plugins/com.nxp.mcuxpresso.tools.win32_11.8.0.202306131047/tools/bin/../lib/gcc/arm-none-eabi/12.2.1/../../../../arm-none-eabi/lib/thumb/v7e-m+dp/hard\libcr_c.a(memcmp.o)
                              ./fatfs/source/ff.o (memcmp)
c:/nxp/mcuxpressoide_11.8.0_1165/ide/plugins/com.nxp.mcuxpresso.tools.win32_11.8.0.202306131047/tools/bin/../lib/gcc/arm-none-eabi/12.2.1/../../../../arm-none-eabi/lib/thumb/v7e-m+dp/hard\libcr_c.a(printf.o)
                              ./source/host_msd_fatfs.o (_sprintf)
c:/nxp/mcuxpressoide_11.8.0_1165/ide/plugins/com.nxp.mcuxpresso.tools.win32_11.8.0.202306131047/tools/bin/../lib/gcc/arm-none-eabi/12.2.1/../../../../arm-none-eabi/lib/thumb/v7e-m+dp/hard\libcr_c.a(scanf.o)
                              ./source/host_msd_fatfs.o (strtol)
c:/nxp/mcuxpressoide_11.8.0_1165/ide/plugins/com.nxp.mcuxpresso.tools.win32_11.8.0.202306131047/tools/bin/../lib/gcc/arm-none-eabi/12.2.1/../../../../arm-none-eabi/lib/thumb/v7e-m+dp/hard\libcr_c.a(setvbuf.o)
                              c:/nxp/mcuxpressoide_11.8.0_1165/ide/plugins/com.nxp.mcuxpresso.tools.win32_11.8.0.202306131047/tools/bin/../lib/gcc/arm-none-eabi/12.2.1/../../../../arm-none-eabi/lib/thumb/v7e-m+dp/hard\libcr_c.a(initio.o) (setvbuf)
c:/nxp/mcuxpressoide_11.8.0_1165/ide/plugins/com.nxp.mcuxpresso.tools.win32_11.8.0.202306131047/tools/bin/../lib/gcc/arm-none-eabi/12.2.1/../../../../arm-none-eabi/lib/thumb/v7e-m+dp/hard\libcr_c.a(strchr.o)
                              ./fatfs/source/ff.o (strchr)
c:/nxp/mcuxpressoide_11.8.0_1165/ide/plugins/com.nxp.mcuxpresso.tools.win32_11.8.0.202306131047/tools/bin/../lib/gcc/arm-none-eabi/12.2.1/../../../../arm-none-eabi/lib/thumb/v7e-m+dp/hard\libcr_c.a(strlen.o)
                              ./utilities/fsl_debug_console.o (strlen)
c:/nxp/mcuxpressoide_11.8.0_1165/ide/plugins/com.nxp.mcuxpresso.tools.win32_11.8.0.202306131047/tools/bin/../lib/gcc/arm-none-eabi/12.2.1/../../../../arm-none-eabi/lib/thumb/v7e-m+dp/hard\libcr_c.a(ungetc.o)
                              c:/nxp/mcuxpressoide_11.8.0_1165/ide/plugins/com.nxp.mcuxpresso.tools.win32_11.8.0.202306131047/tools/bin/../lib/gcc/arm-none-eabi/12.2.1/../../../../arm-none-eabi/lib/thumb/v7e-m+dp/hard\libcr_c.a(scanf.o) (ungetc)
c:/nxp/mcuxpressoide_11.8.0_1165/ide/plugins/com.nxp.mcuxpresso.tools.win32_11.8.0.202306131047/tools/bin/../lib/gcc/arm-none-eabi/12.2.1/../../../../arm-none-eabi/lib/thumb/v7e-m+dp/hard\libcr_c.a(__fillbuf.o)
                              c:/nxp/mcuxpressoide_11.8.0_1165/ide/plugins/com.nxp.mcuxpresso.tools.win32_11.8.0.202306131047/tools/bin/../lib/gcc/arm-none-eabi/12.2.1/../../../../arm-none-eabi/lib/thumb/v7e-m+dp/hard\libcr_c.a(scanf.o) (__filbuf)
c:/nxp/mcuxpressoide_11.8.0_1165/ide/plugins/com.nxp.mcuxpresso.tools.win32_11.8.0.202306131047/tools/bin/../lib/gcc/arm-none-eabi/12.2.1/../../../../arm-none-eabi/lib/thumb/v7e-m+dp/hard\libcr_c.a(__init_alloc.o)
[...]
Memory Configuration

Name             Origin             Length             Attributes
BOARD_FLASH      0x60000000         0x00400000         xr
BOARD_FLASH_4096 0x60400000         0x00400000         xr
SRAM_DTC         0x20000000         0x00020000         xrw
SRAM_ITC         0x00000000         0x00020000         xrw
SRAM_OC          0x20200000         0x000c0000         xrw
BOARD_SDRAM      0x80000000         0x01e00000         xrw
NCACHE_REGION    0x81e00000         0x00200000         xrw
*default*        0x00000000         0xffffffff

Linker script and memory map

LOAD ./xip/evkbmimxrt1060_flexspi_nor_config.o
LOAD ./xip/fsl_flexspi_nor_boot.o
LOAD ./utilities/fsl_assert.o
LOAD ./utilities/fsl_debug_console.o
LOAD ./utilities/fsl_str.o
LOAD ./usb/phy/usb_phy.o
LOAD ./usb/host/class/usb_host_hub.o
LOAD ./usb/host/class/usb_host_hub_app.o
LOAD ./usb/host/class/usb_host_msd.o
LOAD ./usb/host/class/usb_host_msd_ufi.o
LOAD ./usb/host/usb_host_devices.o
LOAD ./usb/host/usb_host_ehci.o
LOAD ./usb/host/usb_host_framework.o
LOAD ./usb/host/usb_host_hci.o
LOAD ./startup/startup_mimxrt1062.o
LOAD ./source/flexspi_nor_flash_ops.o
LOAD ./source/flexspi_nor_polling_transfer.o
LOAD ./source/host_msd_fatfs.o
LOAD ./source/semihost_hardfault.o
LOAD ./fatfs/source/fsl_usb_disk/fsl_usb_disk_bm.o
LOAD ./fatfs/source/fsl_ram_disk/fsl_ram_disk.o
LOAD ./fatfs/source/diskio.o
LOAD ./fatfs/source/ff.o
LOAD ./fatfs/source/ffsystem.o
LOAD ./fatfs/source/ffunicode.o
LOAD ./drivers/fsl_cache.o
LOAD ./drivers/fsl_clock.o
LOAD ./drivers/fsl_common.o
LOAD ./drivers/fsl_common_arm.o
LOAD ./drivers/fsl_flexspi.o
LOAD ./drivers/fsl_gpio.o
LOAD ./drivers/fsl_lpuart.o
LOAD ./device/system_MIMXRT1062.o
LOAD ./component/uart/fsl_adapter_lpuart.o
LOAD ./component/osa/fsl_os_abstraction_bm.o
LOAD ./component/lists/fsl_component_generic_list.o
LOAD ./board/board.o
LOAD ./board/clock_config.o
LOAD ./board/dcd.o
LOAD ./board/pin_mux.o
START GROUP
LOAD c:/nxp/mcuxpressoide_11.8.0_1165/ide/plugins/com.nxp.mcuxpresso.tools.win32_11.8.0.202306131047/tools/bin/../lib/gcc/arm-none-eabi/12.2.1/../../../../arm-none-eabi/lib/thumb/v7e-m+dp/hard\libcr_nohost_nf.a
LOAD c:/nxp/mcuxpressoide_11.8.0_1165/ide/plugins/com.nxp.mcuxpresso.tools.win32_11.8.0.202306131047/tools/bin/../lib/gcc/arm-none-eabi/12.2.1/../../../../arm-none-eabi/lib/thumb/v7e-m+dp/hard\libcr_c.a
LOAD c:/nxp/mcuxpressoide_11.8.0_1165/ide/plugins/com.nxp.mcuxpresso.tools.win32_11.8.0.202306131047/tools/bin/../lib/gcc/arm-none-eabi/12.2.1/thumb/v7e-m+dp/hard\libcr_eabihelpers.a
LOAD c:/nxp/mcuxpressoide_11.8.0_1165/ide/plugins/com.nxp.mcuxpresso.tools.win32_11.8.0.202306131047/tools/bin/../lib/gcc/arm-none-eabi/12.2.1/thumb/v7e-m+dp/hard\libgcc.a
END GROUP
                0x60000000                __base_BOARD_FLASH = 0x60000000
                0x60000000                __base_Flash = 0x60000000
                0x60400000                __top_BOARD_FLASH = 0x60400000
                0x60400000                __top_Flash = 0x60400000
                0x60400000                __base_BOARD_FLASH_4096 = 0x60400000
                0x60400000                __base_Flash2 = 0x60400000
                0x60800000                __top_BOARD_FLASH_4096 = 0x60800000
                0x60800000                __top_Flash2 = 0x60800000
                0x20000000                __base_SRAM_DTC = 0x20000000
                0x20000000                __base_RAM = 0x20000000
                0x20020000                __top_SRAM_DTC = 0x20020000
                0x20020000                __top_RAM = 0x20020000
                0x00000000                __base_SRAM_ITC = 0x0
                0x00000000                __base_RAM2 = 0x0
                0x00020000                __top_SRAM_ITC = 0x20000
                0x00020000                __top_RAM2 = 0x20000
                0x20200000                __base_SRAM_OC = 0x20200000
                0x20200000                __base_RAM3 = 0x20200000
                0x202c0000                __top_SRAM_OC = 0x202c0000
                0x202c0000                __top_RAM3 = 0x202c0000
                0x80000000                __base_BOARD_SDRAM = 0x80000000
                0x80000000                __base_RAM4 = 0x80000000
                0x81e00000                __top_BOARD_SDRAM = 0x81e00000
                0x81e00000                __top_RAM4 = 0x81e00000
                0x81e00000                __base_NCACHE_REGION = 0x81e00000
                0x81e00000                __base_RAM5 = 0x81e00000
                0x82000000                __top_NCACHE_REGION = 0x82000000
                0x82000000                __top_RAM5 = 0x82000000
TARGET(binary)
LOAD C:\Users\PDS-User\Documents\MCUXpressoIDE_11.8.0_1165\workspace\evkbmimxrt1060_iled_blinky\Debug\evkbmimxrt1060_iled_blinky.bin

.text_Flash2    0x60400000        0x0
 FILL mask 0xff
 *(SORT_BY_ALIGNMENT(.text_Flash2))
 *(SORT_BY_ALIGNMENT(.text_BOARD_FLASH_4096))
 *(SORT_BY_ALIGNMENT(.text.$Flash2))
 *(SORT_BY_ALIGNMENT(.text.$BOARD_FLASH_4096))
 *(SORT_BY_ALIGNMENT(.text_Flash2.*))
 *(SORT_BY_ALIGNMENT(.text_BOARD_FLASH_4096.*))
 *(SORT_BY_ALIGNMENT(.text.$Flash2.*))
 *(SORT_BY_ALIGNMENT(.text.$BOARD_FLASH_4096.*))
 *(SORT_BY_ALIGNMENT(.rodata.$Flash2))
 *(SORT_BY_ALIGNMENT(.rodata.$BOARD_FLASH_4096))
 *(SORT_BY_ALIGNMENT(.rodata.$Flash2.*))
 *(SORT_BY_ALIGNMENT(.rodata.$BOARD_FLASH_4096.*))

.boot_hdr       0x60000000     0x2000
 FILL mask 0xff
                0x60000000                __boot_hdr_start__ = ABSOLUTE (.)
 *(SORT_BY_ALIGNMENT(.boot_hdr.conf))
 .boot_hdr.conf
                0x60000000      0x200 ./xip/evkbmimxrt1060_flexspi_nor_config.o
                0x60000000                qspiflash_config
                0x00001000                . = 0x1000
 *fill*         0x60000200      0xe00 ff
 *(SORT_BY_ALIGNMENT(.boot_hdr.ivt))
 .boot_hdr.ivt  0x60001000       0x20 ./xip/fsl_flexspi_nor_boot.o
                0x60001000                image_vector_table
                0x00001020                . = 0x1020
 *(SORT_BY_ALIGNMENT(.boot_hdr.boot_data))
 .boot_hdr.boot_data
                0x60001020       0x10 ./xip/fsl_flexspi_nor_boot.o
                0x60001020                g_boot_data
                0x00001030                . = 0x1030
 *(SORT_BY_ALIGNMENT(.boot_hdr.dcd_data))
                0x60001030                __boot_hdr_end__ = ABSOLUTE (.)
                0x00002000                . = 0x2000
 *fill*         0x60001030      0xfd0 ff

.text           0x60002000    0x106e4
 FILL mask 0xff
                0x60002000                __vectors_start__ = ABSOLUTE (.)
 *(SORT_BY_ALIGNMENT(.isr_vector))
 .isr_vector    0x60002000      0x2b8 ./startup/startup_mimxrt1062.o
                0x60002000                g_pfnVectors
                0x60002000                __Vectors
                0x600022b8                . = ALIGN (0x4)
                0x600022b8                __section_table_start = .
                0x600022b8                __data_section_table = .
                0x600022b8        0x4 LONG 0x60013b7c LOADADDR (.data)
                0x600022bc        0x4 LONG 0x20000000 ADDR (.data)
                0x600022c0        0x4 LONG 0x38 SIZEOF (.data)
                0x600022c4        0x4 LONG 0x600126e4 LOADADDR (.data_RAM2)
                0x600022c8        0x4 LONG 0x0 ADDR (.data_RAM2)
                0x600022cc        0x4 LONG 0x1498 SIZEOF (.data_RAM2)
                0x600022d0        0x4 LONG 0x60013b7c LOADADDR (.data_RAM3)
                0x600022d4        0x4 LONG 0x20200000 ADDR (.data_RAM3)
                0x600022d8        0x4 LONG 0x0 SIZEOF (.data_RAM3)
                0x600022dc        0x4 LONG 0x60013b7c LOADADDR (.data_RAM4)
                0x600022e0        0x4 LONG 0x80000000 ADDR (.data_RAM4)
                0x600022e4        0x4 LONG 0x0 SIZEOF (.data_RAM4)
                0x600022e8        0x4 LONG 0x60013b7c LOADADDR (.data_RAM5)
                0x600022ec        0x4 LONG 0x81e00000 ADDR (.data_RAM5)
                0x600022f0        0x4 LONG 0x0 SIZEOF (.data_RAM5)
                0x600022f4                __data_section_table_end = .
                0x600022f4                __bss_section_table = .
                0x600022f4        0x4 LONG 0x20001000 ADDR (.bss)
                0x600022f8        0x4 LONG 0x39b4 SIZEOF (.bss)
                0x600022fc        0x4 LONG 0x1498 ADDR (.bss_RAM2)
                0x60002300        0x4 LONG 0x0 SIZEOF (.bss_RAM2)
                0x60002304        0x4 LONG 0x20200000 ADDR (.bss_RAM3)
                0x60002308        0x4 LONG 0x0 SIZEOF (.bss_RAM3)
                0x6000230c        0x4 LONG 0x80000000 ADDR (.bss_RAM4)
                0x60002310        0x4 LONG 0x0 SIZEOF (.bss_RAM4)
                0x60002314        0x4 LONG 0x81e00000 ADDR (.bss_RAM5)
                0x60002318        0x4 LONG 0x0 SIZEOF (.bss_RAM5)
                0x6000231c                __bss_section_table_end = .
                0x6000231c                __section_table_end = .
 *(SORT_BY_ALIGNMENT(.after_vectors*))
 .after_vectors.reset
                0x6000231c       0x54 ./startup/startup_mimxrt1062.o
                0x6000231c                ResetISR
 .after_vectors.init_data
                0x60002370       0x1e ./startup/startup_mimxrt1062.o
                0x60002370                data_init
 .after_vectors.init_bss
                0x6000238e       0x12 ./startup/startup_mimxrt1062.o
                0x6000238e                bss_init
 .after_vectors
                0x600023a0       0x14 ./startup/startup_mimxrt1062.o
                0x600023a0                NMI_Handler
                0x600023a4                MemManage_Handler
                0x600023a6                BusFault_Handler
                0x600023a8                UsageFault_Handler
                0x600023aa                SVC_Handler
                0x600023ac                DebugMon_Handler
                0x600023ae                PendSV_Handler
                0x600023b0                SysTick_Handler
                0x600023b2                PIT_DriverIRQHandler
                0x600023b2                PMU_EVENT_DriverIRQHandler
                0x600023b2                PWM4_FAULT_DriverIRQHandler
                0x600023b2                DMA13_DMA29_DriverIRQHandler
                0x600023b2                SAI3_RX_DriverIRQHandler
                0x600023b2                LPSPI4_DriverIRQHandler
                0x600023b2                SEMC_DriverIRQHandler
                0x600023b2                SPDIF_DriverIRQHandler
                0x600023b2                CCM_2_DriverIRQHandler
                0x600023b2                PWM4_3_DriverIRQHandler
                0x600023b2                ENET2_DriverIRQHandler
                0x600023b2                FLEXRAM_DriverIRQHandler
                0x600023b2                LCDIF_DriverIRQHandler
                0x600023b2                USB_PHY1_DriverIRQHandler
                0x600023b2                GPIO3_Combined_0_15_DriverIRQHandler
                0x600023b2                CAN3_DriverIRQHandler
                0x600023b2                Reserved171_DriverIRQHandler
                0x600023b2                DMA7_DMA23_DriverIRQHandler
                0x600023b2                BEE_DriverIRQHandler
                0x600023b2                LPI2C3_DriverIRQHandler
                0x600023b2                GPR_IRQ_DriverIRQHandler
                0x600023b2                PWM2_FAULT_DriverIRQHandler
                0x600023b2                PWM3_1_DriverIRQHandler
                0x600023b2                DMA14_DMA30_DriverIRQHandler
                0x600023b2                TMR1_DriverIRQHandler
                0x600023b2                TRNG_DriverIRQHandler
                0x600023b2                PWM3_2_DriverIRQHandler
                0x600023b2                ENET_1588_Timer_DriverIRQHandler
                0x600023b2                FLEXIO2_DriverIRQHandler
                0x600023b2                GPIO2_Combined_16_31_DriverIRQHandler
                0x600023b2                Reserved143_DriverIRQHandler
                0x600023b2                LPSPI2_DriverIRQHandler
                0x600023b2                PWM4_1_DriverIRQHandler
                0x600023b2                PWM3_3_DriverIRQHandler
                0x600023b2                DMA0_DMA16_DriverIRQHandler
                0x600023b2                IntDefaultHandler
                0x600023b2                DMA2_DMA18_DriverIRQHandler
                0x600023b2                SRC_DriverIRQHandler
                0x600023b2                GPIO1_INT4_DriverIRQHandler
                0x600023b2                Reserved144_DriverIRQHandler
                0x600023b2                USDHC1_DriverIRQHandler
                0x600023b2                ENC3_DriverIRQHandler
                0x600023b2                PWM3_FAULT_DriverIRQHandler
                0x600023b2                EWM_DriverIRQHandler
                0x600023b2                FLEXSPI2_DriverIRQHandler
                0x600023b2                WDOG1_DriverIRQHandler
                0x600023b2                FLEXIO1_DriverIRQHandler
                0x600023b2                ENET_DriverIRQHandler
                0x600023b2                Reserved78_DriverIRQHandler
                0x600023b2                TMR4_DriverIRQHandler
                0x600023b2                ENC2_DriverIRQHandler
                0x600023b2                ADC_ETC_IRQ2_DriverIRQHandler
                0x600023b2                GPIO1_Combined_16_31_DriverIRQHandler
                0x600023b2                GPIO1_INT7_DriverIRQHandler
                0x600023b2                SAI1_DriverIRQHandler
                0x600023b2                DCDC_DriverIRQHandler
                0x600023b2                DMA12_DMA28_DriverIRQHandler
                0x600023b2                PWM4_0_DriverIRQHandler
                0x600023b2                ADC_ETC_ERROR_IRQ_DriverIRQHandler
                0x600023b2                ACMP2_DriverIRQHandler
                0x600023b2                GPIO5_Combined_0_15_DriverIRQHandler
                0x600023b2                GPIO1_INT0_DriverIRQHandler
                0x600023b2                GPIO1_INT2_DriverIRQHandler
                0x600023b2                RTWDOG_DriverIRQHandler
                0x600023b2                GPT2_DriverIRQHandler
                0x600023b2                USB_PHY2_DriverIRQHandler
                0x600023b2                DMA10_DMA26_DriverIRQHandler
                0x600023b2                PWM2_1_DriverIRQHandler
                0x600023b2                PWM1_1_DriverIRQHandler
                0x600023b2                PXP_DriverIRQHandler
                0x600023b2                ADC1_DriverIRQHandler
                0x600023b2                GPIO10_Combined_0_31_DriverIRQHandler
                0x600023b2                PWM1_0_DriverIRQHandler
                0x600023b2                SJC_DriverIRQHandler
                0x600023b2                DMA1_DMA17_DriverIRQHandler
                0x600023b2                ENC1_DriverIRQHandler
                0x600023b2                ENC4_DriverIRQHandler
                0x600023b2                CAN2_DriverIRQHandler
                0x600023b2                DCP_DriverIRQHandler
                0x600023b2                CTI0_ERROR_DriverIRQHandler
                0x600023b2                DMA8_DMA24_DriverIRQHandler
                0x600023b2                GPT1_DriverIRQHandler
                0x600023b2                ACMP3_DriverIRQHandler
                0x600023b2                DMA6_DMA22_DriverIRQHandler
                0x600023b2                CSU_DriverIRQHandler
                0x600023b2                GPIO1_INT5_DriverIRQHandler
                0x600023b2                TMR3_DriverIRQHandler
                0x600023b2                TMR2_DriverIRQHandler
                0x600023b2                CTI1_ERROR_DriverIRQHandler
                0x600023b2                GPIO1_Combined_0_15_DriverIRQHandler
                0x600023b2                USDHC2_DriverIRQHandler
                0x600023b2                PWM4_2_DriverIRQHandler
                0x600023b2                KPP_DriverIRQHandler
                0x600023b2                SAI2_DriverIRQHandler
                0x600023b2                CORE_DriverIRQHandler
                0x600023b2                TSC_DIG_DriverIRQHandler
                0x600023b2                DMA11_DMA27_DriverIRQHandler
                0x600023b2                CSI_DriverIRQHandler
                0x600023b2                PWM2_3_DriverIRQHandler
                0x600023b2                XBAR1_IRQ_2_3_DriverIRQHandler
                0x600023b2                SNVS_HP_WRAPPER_TZ_DriverIRQHandler
                0x600023b2                GPIO3_Combined_16_31_DriverIRQHandler
                0x600023b2                PWM1_FAULT_DriverIRQHandler
                0x600023b2                LPI2C1_DriverIRQHandler
                0x600023b2                ENET2_1588_Timer_DriverIRQHandler
                0x600023b2                PWM2_2_DriverIRQHandler
                0x600023b2                DMA4_DMA20_DriverIRQHandler
                0x600023b2                DMA9_DMA25_DriverIRQHandler
                0x600023b2                SNVS_HP_WRAPPER_DriverIRQHandler
                0x600023b2                XBAR1_IRQ_0_1_DriverIRQHandler
                0x600023b2                ADC_ETC_IRQ1_DriverIRQHandler
                0x600023b2                LPSPI1_DriverIRQHandler
                0x600023b2                DMA3_DMA19_DriverIRQHandler
                0x600023b2                GPIO1_INT3_DriverIRQHandler
                0x600023b2                DCP_VMI_DriverIRQHandler
                0x600023b2                LPI2C4_DriverIRQHandler
                0x600023b2                GPC_DriverIRQHandler
                0x600023b2                GPIO2_Combined_0_15_DriverIRQHandler
                0x600023b2                PWM1_2_DriverIRQHandler
                0x600023b2                USB_OTG1_DriverIRQHandler
                0x600023b2                TEMP_LOW_HIGH_DriverIRQHandler
                0x600023b2                SAI3_TX_DriverIRQHandler
                0x600023b2                FLEXIO3_DriverIRQHandler
                0x600023b2                WDOG2_DriverIRQHandler
                0x600023b2                Reserved68_DriverIRQHandler
                0x600023b2                PWM3_0_DriverIRQHandler
                0x600023b2                GPIO4_Combined_0_15_DriverIRQHandler
                0x600023b2                GPIO4_Combined_16_31_DriverIRQHandler
                0x600023b2                GPIO6_7_8_9_DriverIRQHandler
                0x600023b2                GPIO5_Combined_16_31_DriverIRQHandler
                0x600023b2                DMA5_DMA21_DriverIRQHandler
                0x600023b2                CCM_1_DriverIRQHandler
                0x600023b2                ADC2_DriverIRQHandler
                0x600023b2                Reserved115_DriverIRQHandler
                0x600023b2                TEMP_PANIC_DriverIRQHandler
                0x600023b2                ACMP4_DriverIRQHandler
                0x600023b2                DMA15_DMA31_DriverIRQHandler
                0x600023b2                LPSPI3_DriverIRQHandler
                0x600023b2                PWM1_3_DriverIRQHandler
                0x600023b2                ACMP1_DriverIRQHandler
                0x600023b2                LPI2C2_DriverIRQHandler
                0x600023b2                Reserved86_DriverIRQHandler
                0x600023b2                DMA_ERROR_DriverIRQHandler
                0x600023b2                ADC_ETC_IRQ0_DriverIRQHandler
                0x600023b2                CAN1_DriverIRQHandler
                0x600023b2                GPIO1_INT6_DriverIRQHandler
                0x600023b2                GPIO1_INT1_DriverIRQHandler
                0x600023b2                PWM2_0_DriverIRQHandler
                0x600023b2                SNVS_LP_WRAPPER_DriverIRQHandler
                0x600023b2                USB_OTG2_DriverIRQHandler
 *(SORT_BY_ALIGNMENT(EXCLUDE_FILE(*fsl_flexspi.o *flexspi_nor_flash_ops.o) .text*))
 .text.__assertion_failed
                0x600023b4       0x18 ./utilities/fsl_assert.o
                0x600023b4                __assertion_failed
 .text.DbgConsole_Init
                0x600023cc       0x88 ./utilities/fsl_debug_console.o
                0x600023cc                DbgConsole_Init
 .text.DbgConsole_Vprintf
                0x60002454       0x3c ./utilities/fsl_debug_console.o
                0x60002454                DbgConsole_Vprintf
 .text.DbgConsole_Putchar
                0x60002490       0x30 ./utilities/fsl_debug_console.o
                0x60002490                DbgConsole_Putchar
 .text.DbgConsole_PrintfFormattedData
                0x600024c0      0x3e0 ./utilities/fsl_debug_console.o
 .text.USB_EhciPhyGetBase
                0x600028a0       0x94 ./usb/phy/usb_phy.o
                0x600028a0                USB_EhciPhyGetBase
 .text.USB_EhciPhyInit
                0x60002934       0xc8 ./usb/phy/usb_phy.o
                0x60002934                USB_EhciPhyInit
 .text.USB_HostHubClassRequestCommon
                0x600029fc       0xcc ./usb/host/class/usb_host_hub.o
 .text.USB_HostHubInterruptRecv
                0x60002ac8       0x94 ./usb/host/class/usb_host_hub.o
                0x60002ac8                USB_HostHubInterruptRecv
 .text.USB_HostHubGetHubList
                0x60002b5c       0xe4 ./usb/host/class/usb_host_hub_app.o
 .text.USB_HostHubGetInterruptStatus
                0x60002c40       0x5c ./usb/host/class/usb_host_hub_app.o
 .text.USB_HostHubProcess
                0x60002c9c      0x2e0 ./usb/host/class/usb_host_hub_app.o
 .text.USB_HostHubProcessPortAttach
                0x60002f7c      0x458 ./usb/host/class/usb_host_hub_app.o
 .text.USB_HostHubProcessPortDetach
                0x600033d4      0x264 ./usb/host/class/usb_host_hub_app.o
 .text.USB_HostHubProcessData
                0x60003638      0x110 ./usb/host/class/usb_host_hub_app.o
 .text.USB_HostHubDeviceEvent
                0x60003748      0x360 ./usb/host/class/usb_host_hub_app.o
                0x60003748                USB_HostHubDeviceEvent
 .text.USB_HostMsdMassResetClearInCallback
                0x60003aa8       0x5c ./usb/host/class/usb_host_msd.o
 .text.USB_HostMsdMassResetCallback
                0x60003b04       0x60 ./usb/host/class/usb_host_msd.o
 .text.USB_HostMsdCswCallback
                0x60003b64      0x1ac ./usb/host/class/usb_host_msd.o
 .text.USB_HostMsdCbwCallback
                0x60003d10      0x180 ./usb/host/class/usb_host_msd.o
 .text.USB_HostMsdDataCallback
                0x60003e90       0xf4 ./usb/host/class/usb_host_msd.o
 .text.USB_HostMsdProcessCommand
                0x60003f84      0x188 ./usb/host/class/usb_host_msd.o
 .text.USB_HostMsdInit
                0x6000410c       0x98 ./usb/host/class/usb_host_msd.o
                0x6000410c                USB_HostMsdInit
 .text.USB_HostMsdSetInterface
                0x600041a4      0x148 ./usb/host/class/usb_host_msd.o
                0x600041a4                USB_HostMsdSetInterface
 .text.USB_HostMsdMassStorageReset
                0x600042ec       0x3c ./usb/host/class/usb_host_msd.o
                0x600042ec                USB_HostMsdMassStorageReset
 .text.USB_HostEnumerationTransferCallback
                0x60004328      0x194 ./usb/host/usb_host_devices.o
 .text.USB_HostProcessState
                0x600044bc      0x1f4 ./usb/host/usb_host_devices.o
 .text.USB_HostProcessCallback
                0x600046b0      0x208 ./usb/host/usb_host_devices.o
 .text.USB_HostOpenDeviceInterface
                0x600048b8       0xf4 ./usb/host/usb_host_devices.o
                0x600048b8                USB_HostOpenDeviceInterface
 .text.USB_HostCloseDeviceInterface
                0x600049ac      0x160 ./usb/host/usb_host_devices.o
                0x600049ac                USB_HostCloseDeviceInterface
 .text.USB_HostBandwidthComputeTime
                0x60004b0c      0x128 ./usb/host/usb_host_ehci.o
 .text.USB_HostBandwidthHsHostComputeCurrentFsls
                0x60004c34      0x1e4 ./usb/host/usb_host_ehci.o
 .text.USB_HostBandwidthHsHostAllocateHsCommon
                0x60004e18       0xec ./usb/host/usb_host_ehci.o
 .text.USB_HostBandwidthHsHostAllocateInterrupt
                0x60004f04      0x400 ./usb/host/usb_host_ehci.o
 .text.USB_HostBandwidthFslsHostAllocate
                0x60005304      0x114 ./usb/host/usb_host_ehci.o
 .text.USB_HostEhciQhQtdListInit
                0x60005418      0x3a8 ./usb/host/usb_host_ehci.o
 .text.USB_HostEhciStartIP
                0x600057c0       0xb8 ./usb/host/usb_host_ehci.o
 .text.USB_HostEhciControlBus
                0x60005878       0xd4 ./usb/host/usb_host_ehci.o
 .text.USB_HostEhciCreate
                0x6000594c      0x314 ./usb/host/usb_host_ehci.o
                0x6000594c                USB_HostEhciCreate
 .text.USB_HostEhciDestory
                0x60005c60       0x74 ./usb/host/usb_host_ehci.o
                0x60005c60                USB_HostEhciDestory
 .text.USB_HostEhciIoctl
                0x60005cd4      0x148 ./usb/host/usb_host_ehci.o
                0x60005cd4                USB_HostEhciIoctl
 .text.USB_HostEhciIsrFunction
                0x60005e1c       0xc8 ./usb/host/usb_host_ehci.o
                0x60005e1c                USB_HostEhciIsrFunction
 .text.USB_HostGetInstance
                0x60005ee4       0xf8 ./usb/host/usb_host_hci.o
 .text.USB_HostGetControllerInterface
                0x60005fdc       0x30 ./usb/host/usb_host_hci.o
 .text.USB_HostHelperGetPeripheralInformation
                0x6000600c      0x188 ./usb/host/usb_host_hci.o
                0x6000600c                USB_HostHelperGetPeripheralInformation
 .text.__NVIC_EnableIRQ
                0x60006194       0x3c ./source/flexspi_nor_polling_transfer.o
 .text.__NVIC_SetPriority
                0x600061d0       0x54 ./source/flexspi_nor_polling_transfer.o
 .text.USB_OTG1_IRQHandler
                0x60006224       0x18 ./source/flexspi_nor_polling_transfer.o
                0x60006224                USB_OTG1_IRQHandler
 .text.USB_OTG2_IRQHandler
                0x6000623c       0x18 ./source/flexspi_nor_polling_transfer.o
                0x6000623c                USB_OTG2_IRQHandler
 .text.USB_HostClockInit
                0x60006254       0x48 ./source/flexspi_nor_polling_transfer.o
                0x60006254                USB_HostClockInit
 .text.USB_HostEvent
                0x6000629c       0x88 ./source/flexspi_nor_polling_transfer.o
 .text.USB_HostApplicationInit
                0x60006324       0x4c ./source/flexspi_nor_polling_transfer.o
 .text.main     0x60006370      0x268 ./source/flexspi_nor_polling_transfer.o
                0x60006370                main
 .text.USB_HostMsdControlCallback
                0x600065d8       0x48 ./source/host_msd_fatfs.o
                0x600065d8                USB_HostMsdControlCallback
 .text.USB_HostMsdFatfsTestDone
                0x60006620       0x14 ./source/host_msd_fatfs.o
 .text.USB_HostMsdFatfsTest
                0x60006634      0x17c ./source/host_msd_fatfs.o
 .text.USB_HostMsdTask
                0x600067b0      0x114 ./source/host_msd_fatfs.o
                0x600067b0                USB_HostMsdTask
 .text.USB_HostMsdEvent
                0x600068c4      0x1a0 ./source/host_msd_fatfs.o
                0x600068c4                USB_HostMsdEvent
 .text.getFileInformation
                0x60006a64      0x54c ./source/host_msd_fatfs.o
                0x60006a64                getFileInformation
 .text.protocol_setIsFirstAddress
                0x60006fb0       0x20 ./source/host_msd_fatfs.o
                0x60006fb0                protocol_setIsFirstAddress
 .text.protocol_getIsFirstAddress
                0x60006fd0       0x18 ./source/host_msd_fatfs.o
                0x60006fd0                protocol_getIsFirstAddress
 .text.protocol_setAddressToFirmware
                0x60006fe8       0x20 ./source/host_msd_fatfs.o
                0x60006fe8                protocol_setAddressToFirmware
 .text.protocol_getAddressToFirmware
                0x60007008       0x18 ./source/host_msd_fatfs.o
                0x60007008                protocol_getAddressToFirmware
 .text.protocol_fullAddressHex
                0x60007020       0xc8 ./source/host_msd_fatfs.o
                0x60007020                protocol_fullAddressHex
 .text.protocol_feedFirmwareBuffer
                0x600070e8      0x164 ./source/host_msd_fatfs.o
                0x600070e8                protocol_feedFirmwareBuffer
 .text.businessRules_saveFirmware
                0x6000724c       0x34 ./source/host_msd_fatfs.o
                0x6000724c                businessRules_saveFirmware
 .text.FLASH_writeData
                0x60007280      0x1bc ./source/host_msd_fatfs.o
                0x60007280                FLASH_writeData
 .text.FLASH_checkWhichAddrSector
                0x6000743c       0x24 ./source/host_msd_fatfs.o
                0x6000743c                FLASH_checkWhichAddrSector
 .text.setArquivoGravado
                0x60007460       0x20 ./source/host_msd_fatfs.o
                0x60007460                setArquivoGravado
 .text.getArquivoGravado
                0x60007480       0x18 ./source/host_msd_fatfs.o
                0x60007480                getArquivoGravado
 .text.USB_HostMsdUfiCallback
                0x60007498       0x30 ./fatfs/source/fsl_usb_disk/fsl_usb_disk_bm.o
 .text.USB_HostMsdInitializeDisk
                0x600074c8      0x140 ./fatfs/source/fsl_usb_disk/fsl_usb_disk_bm.o
                0x600074c8                USB_HostMsdInitializeDisk
 .text.USB_HostMsdReadDisk
                0x60007608       0xe0 ./fatfs/source/fsl_usb_disk/fsl_usb_disk_bm.o
                0x60007608                USB_HostMsdReadDisk
 .text.USB_HostMsdWriteDisk
                0x600076e8       0xe0 ./fatfs/source/fsl_usb_disk/fsl_usb_disk_bm.o
                0x600076e8                USB_HostMsdWriteDisk
 .text.create_name
                0x600077c8      0x190 ./fatfs/source/ff.o
 .text.check_fs
                0x60007958      0x148 ./fatfs/source/ff.o
 .text.mount_volume
                0x60007aa0      0x3fc ./fatfs/source/ff.o
 .text.f_mount  0x60007e9c       0x80 ./fatfs/source/ff.o
                0x60007e9c                f_mount
 .text.f_open   0x60007f1c      0x314 ./fatfs/source/ff.o
                0x60007f1c                f_open
 .text.L1CACHE_InvalidateDCacheByRange
                0x60008230       0x68 ./drivers/fsl_cache.o
 .text.CLOCK_GetOscFreq
                0x60008298       0x30 ./drivers/fsl_clock.o
 .text.CLOCK_InitExternalClk
                0x600082c8       0x6c ./drivers/fsl_clock.o
                0x600082c8                CLOCK_InitExternalClk
 .text.CLOCK_SwitchOsc
                0x60008334       0x34 ./drivers/fsl_clock.o
                0x60008334                CLOCK_SwitchOsc
 .text.CLOCK_InitRcOsc24M
                0x60008368       0x24 ./drivers/fsl_clock.o
                0x60008368                CLOCK_InitRcOsc24M
 .text.CLOCK_EnableUsbhs1Clock
                0x6000838c       0x80 ./drivers/fsl_clock.o
                0x6000838c                CLOCK_EnableUsbhs1Clock
 .text.CLOCK_InitArmPll
                0x6000840c       0x68 ./drivers/fsl_clock.o
                0x6000840c                CLOCK_InitArmPll
 .text.CLOCK_InitSysPll
                0x60008474       0x9c ./drivers/fsl_clock.o
                0x60008474                CLOCK_InitSysPll
 .text.CLOCK_InitUsb2Pll
                0x60008510       0x68 ./drivers/fsl_clock.o
                0x60008510                CLOCK_InitUsb2Pll
 .text.CLOCK_DeinitUsb2Pll
                0x60008578       0x18 ./drivers/fsl_clock.o
                0x60008578                CLOCK_DeinitUsb2Pll
 .text.CLOCK_DeinitAudioPll
                0x60008590       0x1c ./drivers/fsl_clock.o
                0x60008590                CLOCK_DeinitAudioPll
 .text.CLOCK_DeinitEnetPll
                0x600085ac       0x1c ./drivers/fsl_clock.o
                0x600085ac                CLOCK_DeinitEnetPll
 .text.CLOCK_GetPllFreq
                0x600085c8      0x3d8 ./drivers/fsl_clock.o
                0x600085c8                CLOCK_GetPllFreq
 .text.CLOCK_InitSysPfd
                0x600089a0       0x64 ./drivers/fsl_clock.o
                0x600089a0                CLOCK_InitSysPfd
 .text.CLOCK_EnableUsbhs1PhyPllClock
                0x60008a04       0x50 ./drivers/fsl_clock.o
                0x60008a04                CLOCK_EnableUsbhs1PhyPllClock
 .text.CLOCK_DisableUsbhs1PhyPllClock
                0x60008a54       0x30 ./drivers/fsl_clock.o
                0x60008a54                CLOCK_DisableUsbhs1PhyPllClock
 .text.CLOCK_ControlGate
                0x60008a84       0x60 ./drivers/fsl_lpuart.o
 .text.LPUART_GetInstance
                0x60008ae4       0x4c ./drivers/fsl_lpuart.o
                0x60008ae4                LPUART_GetInstance
 .text.LPUART_Init
                0x60008b30      0x310 ./drivers/fsl_lpuart.o
                0x60008b30                LPUART_Init
 .text.LPUART_GetDefaultConfig
                0x60008e40       0x88 ./drivers/fsl_lpuart.o
                0x60008e40                LPUART_GetDefaultConfig
 .text.LPUART_GetStatusFlags
                0x60008ec8       0x38 ./drivers/fsl_lpuart.o
                0x60008ec8                LPUART_GetStatusFlags
 .text.LPUART_ClearStatusFlags
                0x60008f00       0x7c ./drivers/fsl_lpuart.o
                0x60008f00                LPUART_ClearStatusFlags
 .text.LPUART_WriteBlocking
                0x60008f7c       0x68 ./drivers/fsl_lpuart.o
                0x60008f7c                LPUART_WriteBlocking
 .text.LPUART_ReadBlocking
                0x60008fe4      0x160 ./drivers/fsl_lpuart.o
                0x60008fe4                LPUART_ReadBlocking
 .text.LPUART1_DriverIRQHandler
                0x60009144       0x28 ./drivers/fsl_lpuart.o
                0x60009144                LPUART1_DriverIRQHandler
 .text.LPUART2_DriverIRQHandler
                0x6000916c       0x28 ./drivers/fsl_lpuart.o
                0x6000916c                LPUART2_DriverIRQHandler
 .text.LPUART3_DriverIRQHandler
                0x60009194       0x28 ./drivers/fsl_lpuart.o
                0x60009194                LPUART3_DriverIRQHandler
 .text.LPUART4_DriverIRQHandler
                0x600091bc       0x28 ./drivers/fsl_lpuart.o
                0x600091bc                LPUART4_DriverIRQHandler
 .text.LPUART5_DriverIRQHandler
                0x600091e4       0x28 ./drivers/fsl_lpuart.o
                0x600091e4                LPUART5_DriverIRQHandler
 .text.LPUART6_DriverIRQHandler
                0x6000920c       0x28 ./drivers/fsl_lpuart.o
                0x6000920c                LPUART6_DriverIRQHandler
 .text.LPUART7_DriverIRQHandler
                0x60009234       0x28 ./drivers/fsl_lpuart.o
                0x60009234                LPUART7_DriverIRQHandler
 .text.LPUART8_DriverIRQHandler
                0x6000925c       0x28 ./drivers/fsl_lpuart.o
                0x6000925c                LPUART8_DriverIRQHandler
 .text.SystemInit
                0x60009284      0x144 ./device/system_MIMXRT1062.o
                0x60009284                SystemInit
 .text.HAL_UartInitCommon
                0x600093c8       0xe0 ./component/uart/fsl_adapter_lpuart.o
 .text.HAL_UartInit
                0x600094a8       0x84 ./component/uart/fsl_adapter_lpuart.o
                0x600094a8                HAL_UartInit
 .text.HAL_UartReceiveBlocking
                0x6000952c       0x6c ./component/uart/fsl_adapter_lpuart.o
                0x6000952c                HAL_UartReceiveBlocking
 .text.HAL_UartSendBlocking
                0x60009598       0x64 ./component/uart/fsl_adapter_lpuart.o
                0x60009598                HAL_UartSendBlocking
 .text.OSA_MutexCreate
                0x600095fc       0x34 ./component/osa/fsl_os_abstraction_bm.o
                0x600095fc                OSA_MutexCreate
 .text.OSA_MutexUnlock
                0x60009630       0x40 ./component/osa/fsl_os_abstraction_bm.o
                0x60009630                OSA_MutexUnlock
 .text.OSA_MutexDestroy
                0x60009670       0x30 ./component/osa/fsl_os_abstraction_bm.o
                0x60009670                OSA_MutexDestroy
 .text.OSA_EventCreate
                0x600096a0       0x48 ./component/osa/fsl_os_abstraction_bm.o
                0x600096a0                OSA_EventCreate
 .text.OSA_EventDestroy
                0x600096e8       0x30 ./component/osa/fsl_os_abstraction_bm.o
                0x600096e8                OSA_EventDestroy
 .text.ARM_MPU_Enable
                0x60009718       0x44 ./board/board.o
 .text.ARM_MPU_Disable
                0x6000975c       0x40 ./board/board.o
 .text.CLOCK_GetMux
                0x6000979c       0x44 ./board/board.o
 .text.CLOCK_GetDiv
                0x600097e0       0x44 ./board/board.o
 .text.CLOCK_GetOscFreq
                0x60009824       0x30 ./board/board.o
 .text.BOARD_DebugConsoleSrcFreq
                0x60009854       0x64 ./board/board.o
                0x60009854                BOARD_DebugConsoleSrcFreq
 .text.BOARD_ConfigMPU
                0x600098b8      0x34c ./board/board.o
                0x600098b8                BOARD_ConfigMPU
 .text.CLOCK_SetMux
                0x60009c04       0x9c ./board/clock_config.o
 .text.CLOCK_SetDiv
                0x60009ca0       0x9c ./board/clock_config.o
 .text.CLOCK_ControlGate
                0x60009d3c       0x60 ./board/clock_config.o
 .text.CLOCK_SetXtalFreq
                0x60009d9c       0x20 ./board/clock_config.o
 .text.CLOCK_SetRtcXtalFreq
                0x60009dbc       0x20 ./board/clock_config.o
 .text.IOMUXC_MQSConfig
                0x60009ddc       0x44 ./board/clock_config.o
 .text.BOARD_BootClockRUN
                0x60009e20      0x6d0 ./board/clock_config.o
                0x60009e20                BOARD_BootClockRUN
 .text.CLOCK_ControlGate
                0x6000a4f0       0x60 ./board/pin_mux.o
 .text.BOARD_InitPins
                0x6000a550      0x1f0 ./board/pin_mux.o
                0x6000a550                BOARD_InitPins
 .text.malloc   0x6000a740       0xe8 c:/nxp/mcuxpressoide_11.8.0_1165/ide/plugins/com.nxp.mcuxpresso.tools.win32_11.8.0.202306131047/tools/bin/../lib/gcc/arm-none-eabi/12.2.1/../../../../arm-none-eabi/lib/thumb/v7e-m+dp/hard\libcr_c.a(alloc.o)
                0x6000a740                malloc
 .text._Csys_alloc
                0x6000a828       0x20 c:/nxp/mcuxpressoide_11.8.0_1165/ide/plugins/com.nxp.mcuxpresso.tools.win32_11.8.0.202306131047/tools/bin/../lib/gcc/arm-none-eabi/12.2.1/../../../../arm-none-eabi/lib/thumb/v7e-m+dp/hard\libcr_c.a(alloc.o)
                0x6000a828                _Csys_alloc
 .text._initio  0x6000a848       0x78 c:/nxp/mcuxpressoide_11.8.0_1165/ide/plugins/com.nxp.mcuxpresso.tools.win32_11.8.0.202306131047/tools/bin/../lib/gcc/arm-none-eabi/12.2.1/../../../../arm-none-eabi/lib/thumb/v7e-m+dp/hard\libcr_c.a(initio.o)
                0x6000a848                _initio
 .text.__vfprintf
                0x6000a8c0      0xb74 c:/nxp/mcuxpressoide_11.8.0_1165/ide/plugins/com.nxp.mcuxpresso.tools.win32_11.8.0.202306131047/tools/bin/../lib/gcc/arm-none-eabi/12.2.1/../../../../arm-none-eabi/lib/thumb/v7e-m+dp/hard\libcr_c.a(printf.o)
                0x6000a8c0                __vfprintf
 .text._sprintf
                0x6000b434       0x6c c:/nxp/mcuxpressoide_11.8.0_1165/ide/plugins/com.nxp.mcuxpresso.tools.win32_11.8.0.202306131047/tools/bin/../lib/gcc/arm-none-eabi/12.2.1/../../../../arm-none-eabi/lib/thumb/v7e-m+dp/hard\libcr_c.a(printf.o)
                0x6000b434                _sprintf
 .text._vsnprintf
                0x6000b4a0       0x68 c:/nxp/mcuxpressoide_11.8.0_1165/ide/plugins/com.nxp.mcuxpresso.tools.win32_11.8.0.202306131047/tools/bin/../lib/gcc/arm-none-eabi/12.2.1/../../../../arm-none-eabi/lib/thumb/v7e-m+dp/hard\libcr_c.a(printf.o)
                0x6000b4a0                _vsnprintf
 .text._printf  0x6000b508       0x54 c:/nxp/mcuxpressoide_11.8.0_1165/ide/plugins/com.nxp.mcuxpresso.tools.win32_11.8.0.202306131047/tools/bin/../lib/gcc/arm-none-eabi/12.2.1/../../../../arm-none-eabi/lib/thumb/v7e-m+dp/hard\libcr_c.a(printf.o)
                0x6000b508                _printf
 .text.ch_val   0x6000b55c       0x30 c:/nxp/mcuxpressoide_11.8.0_1165/ide/plugins/com.nxp.mcuxpresso.tools.win32_11.8.0.202306131047/tools/bin/../lib/gcc/arm-none-eabi/12.2.1/../../../../arm-none-eabi/lib/thumb/v7e-m+dp/hard\libcr_c.a(scanf.o)
 .text._strtoul
                0x6000b58c       0xb0 c:/nxp/mcuxpressoide_11.8.0_1165/ide/plugins/com.nxp.mcuxpresso.tools.win32_11.8.0.202306131047/tools/bin/../lib/gcc/arm-none-eabi/12.2.1/../../../../arm-none-eabi/lib/thumb/v7e-m+dp/hard\libcr_c.a(scanf.o)
 .text.strtol   0x6000b63c       0x78 c:/nxp/mcuxpressoide_11.8.0_1165/ide/plugins/com.nxp.mcuxpresso.tools.win32_11.8.0.202306131047/tools/bin/../lib/gcc/arm-none-eabi/12.2.1/../../../../arm-none-eabi/lib/thumb/v7e-m+dp/hard\libcr_c.a(scanf.o)
                0x6000b63c                strtol
 .text._sbrk    0x6000b6b4       0x3c c:/nxp/mcuxpressoide_11.8.0_1165/ide/plugins/com.nxp.mcuxpresso.tools.win32_11.8.0.202306131047/tools/bin/../lib/gcc/arm-none-eabi/12.2.1/../../../../arm-none-eabi/lib/thumb/v7e-m+dp/hard\libcr_c.a(_cr_sbrk.o)
                0x6000b6b4                _sbrk
 .text._Cwritebuf
                0x6000b6f0       0x6c c:/nxp/mcuxpressoide_11.8.0_1165/ide/plugins/com.nxp.mcuxpresso.tools.win32_11.8.0.202306131047/tools/bin/../lib/gcc/arm-none-eabi/12.2.1/../../../../arm-none-eabi/lib/thumb/v7e-m+dp/hard\libcr_c.a(_writebuf.o)
                0x6000b6f0                _Cwritebuf
 .text.fflush   0x6000b75c       0x3c c:/nxp/mcuxpressoide_11.8.0_1165/ide/plugins/com.nxp.mcuxpresso.tools.win32_11.8.0.202306131047/tools/bin/../lib/gcc/arm-none-eabi/12.2.1/../../../../arm-none-eabi/lib/thumb/v7e-m+dp/hard\libcr_c.a(fflush.o)
                0x6000b75c                fflush
 .text.fseek    0x6000b798       0xf8 c:/nxp/mcuxpressoide_11.8.0_1165/ide/plugins/com.nxp.mcuxpresso.tools.win32_11.8.0.202306131047/tools/bin/../lib/gcc/arm-none-eabi/12.2.1/../../../../arm-none-eabi/lib/thumb/v7e-m+dp/hard\libcr_c.a(fseek.o)
                0x6000b798                fseek
 .text.ftell    0x6000b890       0x44 c:/nxp/mcuxpressoide_11.8.0_1165/ide/plugins/com.nxp.mcuxpresso.tools.win32_11.8.0.202306131047/tools/bin/../lib/gcc/arm-none-eabi/12.2.1/../../../../arm-none-eabi/lib/thumb/v7e-m+dp/hard\libcr_c.a(ftell.o)
                0x6000b890                ftell
 .text.__check_heap_overflow
                0x6000b8d4       0x18 c:/nxp/mcuxpressoide_11.8.0_1165/ide/plugins/com.nxp.mcuxpresso.tools.win32_11.8.0.202306131047/tools/bin/../lib/gcc/arm-none-eabi/12.2.1/../../../../arm-none-eabi/lib/thumb/v7e-m+dp/hard\libcr_c.a(_cr_check_heap.o)
                0x6000b8d4                __check_heap_overflow
 .text.DbgConsole_Printf
                0x6000b8ec       0x2c ./utilities/fsl_debug_console.o
                0x6000b8ec                DbgConsole_Printf
 .text.DbgConsole_PrintfPaddingCharacter
                0x6000b918       0x40 ./utilities/fsl_debug_console.o
 .text.DbgConsole_ConvertRadixNumToString
                0x6000b958       0xc2 ./utilities/fsl_debug_console.o
 .text.USB_EhcihostPhyDisconnectDetectCmd
                0x6000ba1a       0x4a ./usb/phy/usb_phy.o
                0x6000ba1a                USB_EhcihostPhyDisconnectDetectCmd
 .text.USB_HostHubControlCallback
                0x6000ba64       0x48 ./usb/host/class/usb_host_hub.o
 .text.USB_HostHubInPipeCallback
                0x6000baac       0x42 ./usb/host/class/usb_host_hub.o
 .text.USB_HostHubInit
                0x6000baee       0x84 ./usb/host/class/usb_host_hub.o
                0x6000baee                USB_HostHubInit
 .text.USB_HostHubSetInterface
                0x6000bb72      0x168 ./usb/host/class/usb_host_hub.o
                0x6000bb72                USB_HostHubSetInterface
 .text.USB_HostHubDeinit
                0x6000bcda       0xa4 ./usb/host/class/usb_host_hub.o
                0x6000bcda                USB_HostHubDeinit
 .text.USB_HostHubGetDescriptor
                0x6000bd7e       0x3a ./usb/host/class/usb_host_hub.o
                0x6000bd7e                USB_HostHubGetDescriptor
 .text.USB_HostHubClearFeature
                0x6000bdb8       0x3e ./usb/host/class/usb_host_hub.o
                0x6000bdb8                USB_HostHubClearFeature
 .text.USB_HostHubGetStatus
                0x6000bdf6       0x3a ./usb/host/class/usb_host_hub.o
                0x6000bdf6                USB_HostHubGetStatus
 .text.USB_HostHubSetPortFeature
                0x6000be30       0x42 ./usb/host/class/usb_host_hub.o
                0x6000be30                USB_HostHubSetPortFeature
 .text.USB_HostHubClearPortFeature
                0x6000be72       0x42 ./usb/host/class/usb_host_hub.o
                0x6000be72                USB_HostHubClearPortFeature
 .text.USB_HostHubGetPortStatus
                0x6000beb4       0x40 ./usb/host/class/usb_host_hub.o
                0x6000beb4                USB_HostHubGetPortStatus
 .text.USB_HostHubProcessPort
                0x6000bef4       0x3e ./usb/host/class/usb_host_hub_app.o
 .text.USB_HostHubControlCallback
                0x6000bf32       0x92 ./usb/host/class/usb_host_hub_app.o
 .text.USB_HostHubInterruptInCallback
                0x6000bfc4       0x70 ./usb/host/class/usb_host_hub_app.o
                0x6000bfc4                USB_HostHubInterruptInCallback
 .text.USB_HostHubGetHsHubNumber
                0x6000c034       0x96 ./usb/host/class/usb_host_hub_app.o
                0x6000c034                USB_HostHubGetHsHubNumber
 .text.USB_HostHubGetHsHubPort
                0x6000c0ca       0x9a ./usb/host/class/usb_host_hub_app.o
                0x6000c0ca                USB_HostHubGetHsHubPort
 .text.USB_HostHubGetTotalThinkTime
                0x6000c164       0x68 ./usb/host/class/usb_host_hub_app.o
                0x6000c164                USB_HostHubGetTotalThinkTime
 .text.USB_HostMsdClearHaltCallback
                0x6000c1cc       0x42 ./usb/host/class/usb_host_msd.o
 .text.USB_HostMsdClearHalt
                0x6000c20e       0xa6 ./usb/host/class/usb_host_msd.o
 .text.USB_HostMsdResetDone
                0x6000c2b4       0x60 ./usb/host/class/usb_host_msd.o
 .text.USB_HostMsdMassResetClearOutCallback
                0x6000c314       0x36 ./usb/host/class/usb_host_msd.o
 .text.USB_HostMsdCommandDone
                0x6000c34a       0x38 ./usb/host/class/usb_host_msd.o
 .text.USB_HostMsdCommand
                0x6000c382       0xd2 ./usb/host/class/usb_host_msd.o
                0x6000c382                USB_HostMsdCommand
 .text.USB_HostMsdOpenInterface
                0x6000c454      0x194 ./usb/host/class/usb_host_msd.o
 .text.USB_HostMsdSetInterfaceCallback
                0x6000c5e8       0x54 ./usb/host/class/usb_host_msd.o
 .text.USB_HostMsdDeinit
                0x6000c63c       0xd8 ./usb/host/class/usb_host_msd.o
                0x6000c63c                USB_HostMsdDeinit
 .text.USB_HostMsdControl
                0x6000c714       0xc0 ./usb/host/class/usb_host_msd.o
 .text.USB_HostMsdRead10
                0x6000c7d4       0x74 ./usb/host/class/usb_host_msd_ufi.o
                0x6000c7d4                USB_HostMsdRead10
 .text.USB_HostMsdWrite10
                0x6000c848       0x74 ./usb/host/class/usb_host_msd_ufi.o
                0x6000c848                USB_HostMsdWrite10
 .text.USB_HostMsdReadCapacity
                0x6000c8bc       0x60 ./usb/host/class/usb_host_msd_ufi.o
                0x6000c8bc                USB_HostMsdReadCapacity
 .text.USB_HostMsdTestUnitReady
                0x6000c91c       0x48 ./usb/host/class/usb_host_msd_ufi.o
                0x6000c91c                USB_HostMsdTestUnitReady
 .text.USB_HostMsdRequestSense
                0x6000c964       0x62 ./usb/host/class/usb_host_msd_ufi.o
                0x6000c964                USB_HostMsdRequestSense
 .text.USB_HostNotifyDevice
                0x6000c9c6       0xe6 ./usb/host/usb_host_devices.o
 .text.USB_HostAllocateDeviceAddress
                0x6000caac       0xa6 ./usb/host/usb_host_devices.o
 .text.USB_HostReleaseDeviceAddress
                0x6000cb52       0x60 ./usb/host/usb_host_devices.o
 .text.USB_HostRemoveDeviceInstance
                0x6000cbb2       0x76 ./usb/host/usb_host_devices.o
 .text.USB_HostReleaseDeviceResource
                0x6000cc28       0xb6 ./usb/host/usb_host_devices.o
 .text.USB_HostParseDeviceConfigurationDescriptor
                0x6000ccde      0x432 ./usb/host/usb_host_devices.o
 .text.USB_HostAttachDevice
                0x6000d110      0x262 ./usb/host/usb_host_devices.o
                0x6000d110                USB_HostAttachDevice
 .text.USB_HostDetachDevice
                0x6000d372       0x82 ./usb/host/usb_host_devices.o
                0x6000d372                USB_HostDetachDevice
 .text.USB_HostDetachDeviceInternal
                0x6000d3f4       0x80 ./usb/host/usb_host_devices.o
                0x6000d3f4                USB_HostDetachDeviceInternal
 .text.USB_HostValidateDevice
                0x6000d474       0x4a ./usb/host/usb_host_devices.o
                0x6000d474                USB_HostValidateDevice
 .text.USB_HostControlBus
                0x6000d4be       0x3e ./usb/host/usb_host_devices.o
 .text.USB_HostBandwidthFslsHostComputeCurrent
                0x6000d4fc       0x78 ./usb/host/usb_host_ehci.o
 .text.USB_HostBandwidthHsHostComputeCurrentHsAll
                0x6000d574      0x1b2 ./usb/host/usb_host_ehci.o
 .text.USB_HostEhciGet2PowerValue
                0x6000d726       0x88 ./usb/host/usb_host_ehci.o
 .text.USB_HostEhciZeroMem
                0x6000d7ae       0x32 ./usb/host/usb_host_ehci.o
 .text.USB_HostEhciDelay
                0x6000d7e0       0x4a ./usb/host/usb_host_ehci.o
 .text.USB_HostEhciStartAsync
                0x6000d82a       0x80 ./usb/host/usb_host_ehci.o
 .text.USB_HostEhciStopAsync
                0x6000d8aa       0x66 ./usb/host/usb_host_ehci.o
 .text.USB_HostEhciStartPeriodic
                0x6000d910       0x92 ./usb/host/usb_host_ehci.o
 .text.USB_HostEhciStopPeriodic
                0x6000d9a2       0x66 ./usb/host/usb_host_ehci.o
 .text.USB_HostEhciQtdListRelease
                0x6000da08       0xc4 ./usb/host/usb_host_ehci.o
 .text.USB_HostEhciQhQtdListDeinit
                0x6000dacc      0x100 ./usb/host/usb_host_ehci.o
 .text.USB_HostEhciTransferQtdListDeinit
                0x6000dbcc      0x17e ./usb/host/usb_host_ehci.o
 .text.USB_HostEhciQhInit
                0x6000dd4a      0x1d4 ./usb/host/usb_host_ehci.o
 .text.USB_HostEhciQhDeinit
                0x6000df1e       0x48 ./usb/host/usb_host_ehci.o
 .text.USB_HostEhciAddQhToFrame
                0x6000df66       0x9e ./usb/host/usb_host_ehci.o
 .text.USB_HostEhciRemoveFromFrame
                0x6000e004       0x62 ./usb/host/usb_host_ehci.o
 .text.USB_HostEhciOpenControlBulk
                0x6000e066       0x42 ./usb/host/usb_host_ehci.o
 .text.USB_HostEhciCloseControlBulk
                0x6000e0a8       0xf8 ./usb/host/usb_host_ehci.o
 .text.USB_HostEhciOpenInterrupt
                0x6000e1a0       0x8c ./usb/host/usb_host_ehci.o
 .text.USB_HostEhciCloseInterrupt
                0x6000e22c       0x5e ./usb/host/usb_host_ehci.o
 .text.USB_HostEhciResetIP
                0x6000e28a       0x4e ./usb/host/usb_host_ehci.o
 .text.USB_HostEhciCancelPipe
                0x6000e2d8       0x88 ./usb/host/usb_host_ehci.o
 .text.USB_HostEhciTransactionDone
                0x6000e360      0x2d0 ./usb/host/usb_host_ehci.o
                0x6000e360                USB_HostEhciTransactionDone
 .text.USB_HostEhciPortChange
                0x6000e630      0x1e6 ./usb/host/usb_host_ehci.o
 .text.USB_HostEhciTimer0
                0x6000e816      0x1d8 ./usb/host/usb_host_ehci.o
 .text.USB_HostEhciOpenPipe
                0x6000e9ee      0x1ec ./usb/host/usb_host_ehci.o
                0x6000e9ee                USB_HostEhciOpenPipe
 .text.USB_HostEhciClosePipe
                0x6000ebda       0xd0 ./usb/host/usb_host_ehci.o
                0x6000ebda                USB_HostEhciClosePipe
 .text.USB_HostEhciWritePipe
                0x6000ecaa       0x46 ./usb/host/usb_host_ehci.o
                0x6000ecaa                USB_HostEhciWritePipe
 .text.USB_HostEhciReadpipe
                0x6000ecf0       0x20 ./usb/host/usb_host_ehci.o
                0x6000ecf0                USB_HostEhciReadpipe
 .text.USB_HostEhciTaskFunction
                0x6000ed10      0x108 ./usb/host/usb_host_ehci.o
                0x6000ed10                USB_HostEhciTaskFunction
 .text.USB_HostCh9RequestCommon
                0x6000ee18       0x56 ./usb/host/usb_host_framework.o
                0x6000ee18                USB_HostCh9RequestCommon
 .text.USB_HostStandardSetAddress
                0x6000ee6e       0x32 ./usb/host/usb_host_framework.o
                0x6000ee6e                USB_HostStandardSetAddress
 .text.USB_HostStandardSetGetDescriptor
                0x6000eea0       0x4c ./usb/host/usb_host_framework.o
                0x6000eea0                USB_HostStandardSetGetDescriptor
 .text.USB_HostReleaseInstance
                0x6000eeec       0x2e ./usb/host/usb_host_hci.o
 .text.USB_HostInit
                0x6000ef1a      0x168 ./usb/host/usb_host_hci.o
                0x6000ef1a                USB_HostInit
 .text.USB_HostOpenPipe
                0x6000f082       0x44 ./usb/host/usb_host_hci.o
                0x6000f082                USB_HostOpenPipe
 .text.USB_HostClosePipe
                0x6000f0c6       0x42 ./usb/host/usb_host_hci.o
                0x6000f0c6                USB_HostClosePipe
 .text.USB_HostSend
                0x6000f108       0x6e ./usb/host/usb_host_hci.o
                0x6000f108                USB_HostSend
 .text.USB_HostSendSetup
                0x6000f176       0x92 ./usb/host/usb_host_hci.o
                0x6000f176                USB_HostSendSetup
 .text.USB_HostRecv
                0x6000f208       0x6e ./usb/host/usb_host_hci.o
                0x6000f208                USB_HostRecv
 .text.USB_HostCancelTransfer
                0x6000f276       0x4e ./usb/host/usb_host_hci.o
                0x6000f276                USB_HostCancelTransfer
 .text.USB_HostMallocTransfer
                0x6000f2c4       0x74 ./usb/host/usb_host_hci.o
                0x6000f2c4                USB_HostMallocTransfer
 .text.USB_HostFreeTransfer
                0x6000f338       0x54 ./usb/host/usb_host_hci.o
                0x6000f338                USB_HostFreeTransfer
 .text.DMA0_DMA16_IRQHandler
                0x6000f38c        0x8 ./startup/startup_mimxrt1062.o
                0x6000f38c                DMA0_DMA16_IRQHandler
 .text.DMA1_DMA17_IRQHandler
                0x6000f394        0x8 ./startup/startup_mimxrt1062.o
                0x6000f394                DMA1_DMA17_IRQHandler
 .text.DMA2_DMA18_IRQHandler
                0x6000f39c        0x8 ./startup/startup_mimxrt1062.o
                0x6000f39c                DMA2_DMA18_IRQHandler
 .text.DMA3_DMA19_IRQHandler
                0x6000f3a4        0x8 ./startup/startup_mimxrt1062.o
                0x6000f3a4                DMA3_DMA19_IRQHandler
 .text.DMA4_DMA20_IRQHandler
                0x6000f3ac        0x8 ./startup/startup_mimxrt1062.o
                0x6000f3ac                DMA4_DMA20_IRQHandler
 .text.DMA5_DMA21_IRQHandler
                0x6000f3b4        0x8 ./startup/startup_mimxrt1062.o
                0x6000f3b4                DMA5_DMA21_IRQHandler
 .text.DMA6_DMA22_IRQHandler
                0x6000f3bc        0x8 ./startup/startup_mimxrt1062.o
                0x6000f3bc                DMA6_DMA22_IRQHandler
 .text.DMA7_DMA23_IRQHandler
                0x6000f3c4        0x8 ./startup/startup_mimxrt1062.o
                0x6000f3c4                DMA7_DMA23_IRQHandler
 .text.DMA8_DMA24_IRQHandler
                0x6000f3cc        0x8 ./startup/startup_mimxrt1062.o
                0x6000f3cc                DMA8_DMA24_IRQHandler
 .text.DMA9_DMA25_IRQHandler
                0x6000f3d4        0x8 ./startup/startup_mimxrt1062.o
                0x6000f3d4                DMA9_DMA25_IRQHandler
 .text.DMA10_DMA26_IRQHandler
                0x6000f3dc        0x8 ./startup/startup_mimxrt1062.o
                0x6000f3dc                DMA10_DMA26_IRQHandler
 .text.DMA11_DMA27_IRQHandler
                0x6000f3e4        0x8 ./startup/startup_mimxrt1062.o
                0x6000f3e4                DMA11_DMA27_IRQHandler
 .text.DMA12_DMA28_IRQHandler
                0x6000f3ec        0x8 ./startup/startup_mimxrt1062.o
                0x6000f3ec                DMA12_DMA28_IRQHandler
 .text.DMA13_DMA29_IRQHandler
                0x6000f3f4        0x8 ./startup/startup_mimxrt1062.o
                0x6000f3f4                DMA13_DMA29_IRQHandler
 .text.DMA14_DMA30_IRQHandler
                0x6000f3fc        0x8 ./startup/startup_mimxrt1062.o
                0x6000f3fc                DMA14_DMA30_IRQHandler
 .text.DMA15_DMA31_IRQHandler
                0x6000f404        0x8 ./startup/startup_mimxrt1062.o
                0x6000f404                DMA15_DMA31_IRQHandler
 .text.DMA_ERROR_IRQHandler
                0x6000f40c        0x8 ./startup/startup_mimxrt1062.o
                0x6000f40c                DMA_ERROR_IRQHandler
 .text.CTI0_ERROR_IRQHandler
                0x6000f414        0x8 ./startup/startup_mimxrt1062.o
                0x6000f414                CTI0_ERROR_IRQHandler
 .text.CTI1_ERROR_IRQHandler
                0x6000f41c        0x8 ./startup/startup_mimxrt1062.o
                0x6000f41c                CTI1_ERROR_IRQHandler
 .text.CORE_IRQHandler
                0x6000f424        0x8 ./startup/startup_mimxrt1062.o
                0x6000f424                CORE_IRQHandler
 .text.LPUART1_IRQHandler
                0x6000f42c        0x8 ./startup/startup_mimxrt1062.o
                0x6000f42c                LPUART1_IRQHandler
 .text.LPUART2_IRQHandler
                0x6000f434        0x8 ./startup/startup_mimxrt1062.o
                0x6000f434                LPUART2_IRQHandler
 .text.LPUART3_IRQHandler
                0x6000f43c        0x8 ./startup/startup_mimxrt1062.o
                0x6000f43c                LPUART3_IRQHandler
 .text.LPUART4_IRQHandler
                0x6000f444        0x8 ./startup/startup_mimxrt1062.o
                0x6000f444                LPUART4_IRQHandler
 .text.LPUART5_IRQHandler
                0x6000f44c        0x8 ./startup/startup_mimxrt1062.o
                0x6000f44c                LPUART5_IRQHandler
 .text.LPUART6_IRQHandler
                0x6000f454        0x8 ./startup/startup_mimxrt1062.o
                0x6000f454                LPUART6_IRQHandler
 .text.LPUART7_IRQHandler
                0x6000f45c        0x8 ./startup/startup_mimxrt1062.o
                0x6000f45c                LPUART7_IRQHandler
 .text.LPUART8_IRQHandler
                0x6000f464        0x8 ./startup/startup_mimxrt1062.o
                0x6000f464                LPUART8_IRQHandler
 .text.LPI2C1_IRQHandler
                0x6000f46c        0x8 ./startup/startup_mimxrt1062.o
                0x6000f46c                LPI2C1_IRQHandler
 .text.LPI2C2_IRQHandler
                0x6000f474        0x8 ./startup/startup_mimxrt1062.o
                0x6000f474                LPI2C2_IRQHandler
 .text.LPI2C3_IRQHandler
                0x6000f47c        0x8 ./startup/startup_mimxrt1062.o
                0x6000f47c                LPI2C3_IRQHandler
 .text.LPI2C4_IRQHandler
                0x6000f484        0x8 ./startup/startup_mimxrt1062.o
                0x6000f484                LPI2C4_IRQHandler
 .text.LPSPI1_IRQHandler
                0x6000f48c        0x8 ./startup/startup_mimxrt1062.o
                0x6000f48c                LPSPI1_IRQHandler
 .text.LPSPI2_IRQHandler
                0x6000f494        0x8 ./startup/startup_mimxrt1062.o
                0x6000f494                LPSPI2_IRQHandler
 .text.LPSPI3_IRQHandler
                0x6000f49c        0x8 ./startup/startup_mimxrt1062.o
                0x6000f49c                LPSPI3_IRQHandler
 .text.LPSPI4_IRQHandler
                0x6000f4a4        0x8 ./startup/startup_mimxrt1062.o
                0x6000f4a4                LPSPI4_IRQHandler
 .text.CAN1_IRQHandler
                0x6000f4ac        0x8 ./startup/startup_mimxrt1062.o
                0x6000f4ac                CAN1_IRQHandler
 .text.CAN2_IRQHandler
                0x6000f4b4        0x8 ./startup/startup_mimxrt1062.o
                0x6000f4b4                CAN2_IRQHandler
 .text.FLEXRAM_IRQHandler
                0x6000f4bc        0x8 ./startup/startup_mimxrt1062.o
                0x6000f4bc                FLEXRAM_IRQHandler
 .text.KPP_IRQHandler
                0x6000f4c4        0x8 ./startup/startup_mimxrt1062.o
                0x6000f4c4                KPP_IRQHandler
 .text.TSC_DIG_IRQHandler
                0x6000f4cc        0x8 ./startup/startup_mimxrt1062.o
                0x6000f4cc                TSC_DIG_IRQHandler
 .text.GPR_IRQ_IRQHandler
                0x6000f4d4        0x8 ./startup/startup_mimxrt1062.o
                0x6000f4d4                GPR_IRQ_IRQHandler
 .text.LCDIF_IRQHandler
                0x6000f4dc        0x8 ./startup/startup_mimxrt1062.o
                0x6000f4dc                LCDIF_IRQHandler
 .text.CSI_IRQHandler
                0x6000f4e4        0x8 ./startup/startup_mimxrt1062.o
                0x6000f4e4                CSI_IRQHandler
 .text.PXP_IRQHandler
                0x6000f4ec        0x8 ./startup/startup_mimxrt1062.o
                0x6000f4ec                PXP_IRQHandler
 .text.WDOG2_IRQHandler
                0x6000f4f4        0x8 ./startup/startup_mimxrt1062.o
                0x6000f4f4                WDOG2_IRQHandler
 .text.SNVS_HP_WRAPPER_IRQHandler
                0x6000f4fc        0x8 ./startup/startup_mimxrt1062.o
                0x6000f4fc                SNVS_HP_WRAPPER_IRQHandler
 .text.SNVS_HP_WRAPPER_TZ_IRQHandler
                0x6000f504        0x8 ./startup/startup_mimxrt1062.o
                0x6000f504                SNVS_HP_WRAPPER_TZ_IRQHandler
 .text.SNVS_LP_WRAPPER_IRQHandler
                0x6000f50c        0x8 ./startup/startup_mimxrt1062.o
                0x6000f50c                SNVS_LP_WRAPPER_IRQHandler
 .text.CSU_IRQHandler
                0x6000f514        0x8 ./startup/startup_mimxrt1062.o
                0x6000f514                CSU_IRQHandler
 .text.DCP_IRQHandler
                0x6000f51c        0x8 ./startup/startup_mimxrt1062.o
                0x6000f51c                DCP_IRQHandler
 .text.DCP_VMI_IRQHandler
                0x6000f524        0x8 ./startup/startup_mimxrt1062.o
                0x6000f524                DCP_VMI_IRQHandler
 .text.Reserved68_IRQHandler
                0x6000f52c        0x8 ./startup/startup_mimxrt1062.o
                0x6000f52c                Reserved68_IRQHandler
 .text.TRNG_IRQHandler
                0x6000f534        0x8 ./startup/startup_mimxrt1062.o
                0x6000f534                TRNG_IRQHandler
 .text.SJC_IRQHandler
                0x6000f53c        0x8 ./startup/startup_mimxrt1062.o
                0x6000f53c                SJC_IRQHandler
 .text.BEE_IRQHandler
                0x6000f544        0x8 ./startup/startup_mimxrt1062.o
                0x6000f544                BEE_IRQHandler
 .text.SAI1_IRQHandler
                0x6000f54c        0x8 ./startup/startup_mimxrt1062.o
                0x6000f54c                SAI1_IRQHandler
 .text.SAI2_IRQHandler
                0x6000f554        0x8 ./startup/startup_mimxrt1062.o
                0x6000f554                SAI2_IRQHandler
 .text.SAI3_RX_IRQHandler
                0x6000f55c        0x8 ./startup/startup_mimxrt1062.o
                0x6000f55c                SAI3_RX_IRQHandler
 .text.SAI3_TX_IRQHandler
                0x6000f564        0x8 ./startup/startup_mimxrt1062.o
                0x6000f564                SAI3_TX_IRQHandler
 .text.SPDIF_IRQHandler
                0x6000f56c        0x8 ./startup/startup_mimxrt1062.o
                0x6000f56c                SPDIF_IRQHandler
 .text.PMU_EVENT_IRQHandler
                0x6000f574        0x8 ./startup/startup_mimxrt1062.o
                0x6000f574                PMU_EVENT_IRQHandler
 .text.Reserved78_IRQHandler
                0x6000f57c        0x8 ./startup/startup_mimxrt1062.o
                0x6000f57c                Reserved78_IRQHandler
 .text.TEMP_LOW_HIGH_IRQHandler
                0x6000f584        0x8 ./startup/startup_mimxrt1062.o
                0x6000f584                TEMP_LOW_HIGH_IRQHandler
 .text.TEMP_PANIC_IRQHandler
                0x6000f58c        0x8 ./startup/startup_mimxrt1062.o
                0x6000f58c                TEMP_PANIC_IRQHandler
 .text.USB_PHY1_IRQHandler
                0x6000f594        0x8 ./startup/startup_mimxrt1062.o
                0x6000f594                USB_PHY1_IRQHandler
 .text.USB_PHY2_IRQHandler
                0x6000f59c        0x8 ./startup/startup_mimxrt1062.o
                0x6000f59c                USB_PHY2_IRQHandler
 .text.ADC1_IRQHandler
                0x6000f5a4        0x8 ./startup/startup_mimxrt1062.o
                0x6000f5a4                ADC1_IRQHandler
 .text.ADC2_IRQHandler
                0x6000f5ac        0x8 ./startup/startup_mimxrt1062.o
                0x6000f5ac                ADC2_IRQHandler
 .text.DCDC_IRQHandler
                0x6000f5b4        0x8 ./startup/startup_mimxrt1062.o
                0x6000f5b4                DCDC_IRQHandler
 .text.Reserved86_IRQHandler
                0x6000f5bc        0x8 ./startup/startup_mimxrt1062.o
                0x6000f5bc                Reserved86_IRQHandler
 .text.GPIO10_Combined_0_31_IRQHandler
                0x6000f5c4        0x8 ./startup/startup_mimxrt1062.o
                0x6000f5c4                GPIO10_Combined_0_31_IRQHandler
 .text.GPIO1_INT0_IRQHandler
                0x6000f5cc        0x8 ./startup/startup_mimxrt1062.o
                0x6000f5cc                GPIO1_INT0_IRQHandler
 .text.GPIO1_INT1_IRQHandler
                0x6000f5d4        0x8 ./startup/startup_mimxrt1062.o
                0x6000f5d4                GPIO1_INT1_IRQHandler
 .text.GPIO1_INT2_IRQHandler
                0x6000f5dc        0x8 ./startup/startup_mimxrt1062.o
                0x6000f5dc                GPIO1_INT2_IRQHandler
 .text.GPIO1_INT3_IRQHandler
                0x6000f5e4        0x8 ./startup/startup_mimxrt1062.o
                0x6000f5e4                GPIO1_INT3_IRQHandler
 .text.GPIO1_INT4_IRQHandler
                0x6000f5ec        0x8 ./startup/startup_mimxrt1062.o
                0x6000f5ec                GPIO1_INT4_IRQHandler
 .text.GPIO1_INT5_IRQHandler
                0x6000f5f4        0x8 ./startup/startup_mimxrt1062.o
                0x6000f5f4                GPIO1_INT5_IRQHandler
 .text.GPIO1_INT6_IRQHandler
                0x6000f5fc        0x8 ./startup/startup_mimxrt1062.o
                0x6000f5fc                GPIO1_INT6_IRQHandler
 .text.GPIO1_INT7_IRQHandler
                0x6000f604        0x8 ./startup/startup_mimxrt1062.o
                0x6000f604                GPIO1_INT7_IRQHandler
 .text.GPIO1_Combined_0_15_IRQHandler
                0x6000f60c        0x8 ./startup/startup_mimxrt1062.o
                0x6000f60c                GPIO1_Combined_0_15_IRQHandler
 .text.GPIO1_Combined_16_31_IRQHandler
                0x6000f614        0x8 ./startup/startup_mimxrt1062.o
                0x6000f614                GPIO1_Combined_16_31_IRQHandler
 .text.GPIO2_Combined_0_15_IRQHandler
                0x6000f61c        0x8 ./startup/startup_mimxrt1062.o
                0x6000f61c                GPIO2_Combined_0_15_IRQHandler
 .text.GPIO2_Combined_16_31_IRQHandler
                0x6000f624        0x8 ./startup/startup_mimxrt1062.o
                0x6000f624                GPIO2_Combined_16_31_IRQHandler
 .text.GPIO3_Combined_0_15_IRQHandler
                0x6000f62c        0x8 ./startup/startup_mimxrt1062.o
                0x6000f62c                GPIO3_Combined_0_15_IRQHandler
 .text.GPIO3_Combined_16_31_IRQHandler
                0x6000f634        0x8 ./startup/startup_mimxrt1062.o
                0x6000f634                GPIO3_Combined_16_31_IRQHandler
 .text.GPIO4_Combined_0_15_IRQHandler
                0x6000f63c        0x8 ./startup/startup_mimxrt1062.o
                0x6000f63c                GPIO4_Combined_0_15_IRQHandler
 .text.GPIO4_Combined_16_31_IRQHandler
                0x6000f644        0x8 ./startup/startup_mimxrt1062.o
                0x6000f644                GPIO4_Combined_16_31_IRQHandler
 .text.GPIO5_Combined_0_15_IRQHandler
                0x6000f64c        0x8 ./startup/startup_mimxrt1062.o
                0x6000f64c                GPIO5_Combined_0_15_IRQHandler
 .text.GPIO5_Combined_16_31_IRQHandler
                0x6000f654        0x8 ./startup/startup_mimxrt1062.o
                0x6000f654                GPIO5_Combined_16_31_IRQHandler
 .text.FLEXIO1_IRQHandler
                0x6000f65c        0x8 ./startup/startup_mimxrt1062.o
                0x6000f65c                FLEXIO1_IRQHandler
 .text.FLEXIO2_IRQHandler
                0x6000f664        0x8 ./startup/startup_mimxrt1062.o
                0x6000f664                FLEXIO2_IRQHandler
 .text.WDOG1_IRQHandler
                0x6000f66c        0x8 ./startup/startup_mimxrt1062.o
                0x6000f66c                WDOG1_IRQHandler
 .text.RTWDOG_IRQHandler
                0x6000f674        0x8 ./startup/startup_mimxrt1062.o
                0x6000f674                RTWDOG_IRQHandler
 .text.EWM_IRQHandler
                0x6000f67c        0x8 ./startup/startup_mimxrt1062.o
                0x6000f67c                EWM_IRQHandler
 .text.CCM_1_IRQHandler
                0x6000f684        0x8 ./startup/startup_mimxrt1062.o
                0x6000f684                CCM_1_IRQHandler
 .text.CCM_2_IRQHandler
                0x6000f68c        0x8 ./startup/startup_mimxrt1062.o
                0x6000f68c                CCM_2_IRQHandler
 .text.GPC_IRQHandler
                0x6000f694        0x8 ./startup/startup_mimxrt1062.o
                0x6000f694                GPC_IRQHandler
 .text.SRC_IRQHandler
                0x6000f69c        0x8 ./startup/startup_mimxrt1062.o
                0x6000f69c                SRC_IRQHandler
 .text.Reserved115_IRQHandler
                0x6000f6a4        0x8 ./startup/startup_mimxrt1062.o
                0x6000f6a4                Reserved115_IRQHandler
 .text.GPT1_IRQHandler
                0x6000f6ac        0x8 ./startup/startup_mimxrt1062.o
                0x6000f6ac                GPT1_IRQHandler
 .text.GPT2_IRQHandler
                0x6000f6b4        0x8 ./startup/startup_mimxrt1062.o
                0x6000f6b4                GPT2_IRQHandler
 .text.PWM1_0_IRQHandler
                0x6000f6bc        0x8 ./startup/startup_mimxrt1062.o
                0x6000f6bc                PWM1_0_IRQHandler
 .text.PWM1_1_IRQHandler
                0x6000f6c4        0x8 ./startup/startup_mimxrt1062.o
                0x6000f6c4                PWM1_1_IRQHandler
 .text.PWM1_2_IRQHandler
                0x6000f6cc        0x8 ./startup/startup_mimxrt1062.o
                0x6000f6cc                PWM1_2_IRQHandler
 .text.PWM1_3_IRQHandler
                0x6000f6d4        0x8 ./startup/startup_mimxrt1062.o
                0x6000f6d4                PWM1_3_IRQHandler
 .text.PWM1_FAULT_IRQHandler
                0x6000f6dc        0x8 ./startup/startup_mimxrt1062.o
                0x6000f6dc                PWM1_FAULT_IRQHandler
 .text.FLEXSPI2_IRQHandler
                0x6000f6e4        0x8 ./startup/startup_mimxrt1062.o
                0x6000f6e4                FLEXSPI2_IRQHandler
 .text.FLEXSPI_IRQHandler
                0x6000f6ec        0x8 ./startup/startup_mimxrt1062.o
                0x6000f6ec                FLEXSPI_IRQHandler
 .text.SEMC_IRQHandler
                0x6000f6f4        0x8 ./startup/startup_mimxrt1062.o
                0x6000f6f4                SEMC_IRQHandler
 .text.USDHC1_IRQHandler
                0x6000f6fc        0x8 ./startup/startup_mimxrt1062.o
                0x6000f6fc                USDHC1_IRQHandler
 .text.USDHC2_IRQHandler
                0x6000f704        0x8 ./startup/startup_mimxrt1062.o
                0x6000f704                USDHC2_IRQHandler
 .text.ENET_IRQHandler
                0x6000f70c        0x8 ./startup/startup_mimxrt1062.o
                0x6000f70c                ENET_IRQHandler
 .text.ENET_1588_Timer_IRQHandler
                0x6000f714        0x8 ./startup/startup_mimxrt1062.o
                0x6000f714                ENET_1588_Timer_IRQHandler
 .text.XBAR1_IRQ_0_1_IRQHandler
                0x6000f71c        0x8 ./startup/startup_mimxrt1062.o
                0x6000f71c                XBAR1_IRQ_0_1_IRQHandler
 .text.XBAR1_IRQ_2_3_IRQHandler
                0x6000f724        0x8 ./startup/startup_mimxrt1062.o
                0x6000f724                XBAR1_IRQ_2_3_IRQHandler
 .text.ADC_ETC_IRQ0_IRQHandler
                0x6000f72c        0x8 ./startup/startup_mimxrt1062.o
                0x6000f72c                ADC_ETC_IRQ0_IRQHandler
 .text.ADC_ETC_IRQ1_IRQHandler
                0x6000f734        0x8 ./startup/startup_mimxrt1062.o
                0x6000f734                ADC_ETC_IRQ1_IRQHandler
 .text.ADC_ETC_IRQ2_IRQHandler
                0x6000f73c        0x8 ./startup/startup_mimxrt1062.o
                0x6000f73c                ADC_ETC_IRQ2_IRQHandler
 .text.ADC_ETC_ERROR_IRQ_IRQHandler
                0x6000f744        0x8 ./startup/startup_mimxrt1062.o
                0x6000f744                ADC_ETC_ERROR_IRQ_IRQHandler
 .text.PIT_IRQHandler
                0x6000f74c        0x8 ./startup/startup_mimxrt1062.o
                0x6000f74c                PIT_IRQHandler
 .text.ACMP1_IRQHandler
                0x6000f754        0x8 ./startup/startup_mimxrt1062.o
                0x6000f754                ACMP1_IRQHandler
 .text.ACMP2_IRQHandler
                0x6000f75c        0x8 ./startup/startup_mimxrt1062.o
                0x6000f75c                ACMP2_IRQHandler
 .text.ACMP3_IRQHandler
                0x6000f764        0x8 ./startup/startup_mimxrt1062.o
                0x6000f764                ACMP3_IRQHandler
 .text.ACMP4_IRQHandler
                0x6000f76c        0x8 ./startup/startup_mimxrt1062.o
                0x6000f76c                ACMP4_IRQHandler
 .text.Reserved143_IRQHandler
                0x6000f774        0x8 ./startup/startup_mimxrt1062.o
                0x6000f774                Reserved143_IRQHandler
 .text.Reserved144_IRQHandler
                0x6000f77c        0x8 ./startup/startup_mimxrt1062.o
                0x6000f77c                Reserved144_IRQHandler
 .text.ENC1_IRQHandler
                0x6000f784        0x8 ./startup/startup_mimxrt1062.o
                0x6000f784                ENC1_IRQHandler
 .text.ENC2_IRQHandler
                0x6000f78c        0x8 ./startup/startup_mimxrt1062.o
                0x6000f78c                ENC2_IRQHandler
 .text.ENC3_IRQHandler
                0x6000f794        0x8 ./startup/startup_mimxrt1062.o
                0x6000f794                ENC3_IRQHandler
 .text.ENC4_IRQHandler
                0x6000f79c        0x8 ./startup/startup_mimxrt1062.o
                0x6000f79c                ENC4_IRQHandler
 .text.TMR1_IRQHandler
                0x6000f7a4        0x8 ./startup/startup_mimxrt1062.o
                0x6000f7a4                TMR1_IRQHandler
 .text.TMR2_IRQHandler
                0x6000f7ac        0x8 ./startup/startup_mimxrt1062.o
                0x6000f7ac                TMR2_IRQHandler
 .text.TMR3_IRQHandler
                0x6000f7b4        0x8 ./startup/startup_mimxrt1062.o
                0x6000f7b4                TMR3_IRQHandler
 .text.TMR4_IRQHandler
                0x6000f7bc        0x8 ./startup/startup_mimxrt1062.o
                0x6000f7bc                TMR4_IRQHandler
 .text.PWM2_0_IRQHandler
                0x6000f7c4        0x8 ./startup/startup_mimxrt1062.o
                0x6000f7c4                PWM2_0_IRQHandler
 .text.PWM2_1_IRQHandler
                0x6000f7cc        0x8 ./startup/startup_mimxrt1062.o
                0x6000f7cc                PWM2_1_IRQHandler
 .text.PWM2_2_IRQHandler
                0x6000f7d4        0x8 ./startup/startup_mimxrt1062.o
                0x6000f7d4                PWM2_2_IRQHandler
 .text.PWM2_3_IRQHandler
                0x6000f7dc        0x8 ./startup/startup_mimxrt1062.o
                0x6000f7dc                PWM2_3_IRQHandler
 .text.PWM2_FAULT_IRQHandler
                0x6000f7e4        0x8 ./startup/startup_mimxrt1062.o
                0x6000f7e4                PWM2_FAULT_IRQHandler
 .text.PWM3_0_IRQHandler
                0x6000f7ec        0x8 ./startup/startup_mimxrt1062.o
                0x6000f7ec                PWM3_0_IRQHandler
 .text.PWM3_1_IRQHandler
                0x6000f7f4        0x8 ./startup/startup_mimxrt1062.o
                0x6000f7f4                PWM3_1_IRQHandler
 .text.PWM3_2_IRQHandler
                0x6000f7fc        0x8 ./startup/startup_mimxrt1062.o
                0x6000f7fc                PWM3_2_IRQHandler
 .text.PWM3_3_IRQHandler
                0x6000f804        0x8 ./startup/startup_mimxrt1062.o
                0x6000f804                PWM3_3_IRQHandler
 .text.PWM3_FAULT_IRQHandler
                0x6000f80c        0x8 ./startup/startup_mimxrt1062.o
                0x6000f80c                PWM3_FAULT_IRQHandler
 .text.PWM4_0_IRQHandler
                0x6000f814        0x8 ./startup/startup_mimxrt1062.o
                0x6000f814                PWM4_0_IRQHandler
 .text.PWM4_1_IRQHandler
                0x6000f81c        0x8 ./startup/startup_mimxrt1062.o
                0x6000f81c                PWM4_1_IRQHandler
 .text.PWM4_2_IRQHandler
                0x6000f824        0x8 ./startup/startup_mimxrt1062.o
                0x6000f824                PWM4_2_IRQHandler
 .text.PWM4_3_IRQHandler
                0x6000f82c        0x8 ./startup/startup_mimxrt1062.o
                0x6000f82c                PWM4_3_IRQHandler
 .text.PWM4_FAULT_IRQHandler
                0x6000f834        0x8 ./startup/startup_mimxrt1062.o
                0x6000f834                PWM4_FAULT_IRQHandler
 .text.ENET2_IRQHandler
                0x6000f83c        0x8 ./startup/startup_mimxrt1062.o
                0x6000f83c                ENET2_IRQHandler
 .text.ENET2_1588_Timer_IRQHandler
                0x6000f844        0x8 ./startup/startup_mimxrt1062.o
                0x6000f844                ENET2_1588_Timer_IRQHandler
 .text.CAN3_IRQHandler
                0x6000f84c        0x8 ./startup/startup_mimxrt1062.o
                0x6000f84c                CAN3_IRQHandler
 .text.Reserved171_IRQHandler
                0x6000f854        0x8 ./startup/startup_mimxrt1062.o
                0x6000f854                Reserved171_IRQHandler
 .text.FLEXIO3_IRQHandler
                0x6000f85c        0x8 ./startup/startup_mimxrt1062.o
                0x6000f85c                FLEXIO3_IRQHandler
 .text.GPIO6_7_8_9_IRQHandler
                0x6000f864        0x8 ./startup/startup_mimxrt1062.o
                0x6000f864                GPIO6_7_8_9_IRQHandler
 .text.EnableIRQ
                0x6000f86c       0x32 ./source/flexspi_nor_polling_transfer.o
 .text.USB_HostIsrEnable
                0x6000f89e       0x2e ./source/flexspi_nor_polling_transfer.o
                0x6000f89e                USB_HostIsrEnable
 .text.USB_HostTaskFn
                0x6000f8cc       0x16 ./source/flexspi_nor_polling_transfer.o
                0x6000f8cc                USB_HostTaskFn
 .text.DisableGlobalIRQ
                0x6000f8e2       0x22 ./source/host_msd_fatfs.o
 .text.EnableGlobalIRQ
                0x6000f904       0x20 ./source/host_msd_fatfs.o
 .text.businessRules_updateFirmware
                0x6000f924       0xc4 ./source/host_msd_fatfs.o
                0x6000f924                businessRules_updateFirmware
 .text.FLASH_checkWhichAddrPage
                0x6000f9e8       0x1e ./source/host_msd_fatfs.o
                0x6000f9e8                FLASH_checkWhichAddrPage
 .text.FLASH_readData
                0x6000fa06       0x20 ./source/host_msd_fatfs.o
                0x6000fa06                FLASH_readData
 .text.HardFault_Handler
                0x6000fa26       0x2c ./source/semihost_hardfault.o
                0x6000fa26                HardFault_Handler
 .text.USB_HostControllerTaskFunction
                0x6000fa52       0x16 ./fatfs/source/fsl_usb_disk/fsl_usb_disk_bm.o
 .text.USB_HostMsdGetDiskStatus
                0x6000fa68       0x18 ./fatfs/source/fsl_usb_disk/fsl_usb_disk_bm.o
                0x6000fa68                USB_HostMsdGetDiskStatus
 .text.disk_status
                0x6000fa80       0x2c ./fatfs/source/diskio.o
                0x6000fa80                disk_status
 .text.disk_initialize
                0x6000faac       0x2c ./fatfs/source/diskio.o
                0x6000faac                disk_initialize
 .text.disk_read
                0x6000fad8       0x36 ./fatfs/source/diskio.o
                0x6000fad8                disk_read
 .text.disk_write
                0x6000fb0e       0x36 ./fatfs/source/diskio.o
                0x6000fb0e                disk_write
 .text.ld_word  0x6000fb44       0x30 ./fatfs/source/ff.o
 .text.ld_dword
                0x6000fb74       0x46 ./fatfs/source/ff.o
 .text.st_word  0x6000fbba       0x36 ./fatfs/source/ff.o
 .text.st_dword
                0x6000fbf0       0x58 ./fatfs/source/ff.o
 .text.dbc_1st  0x6000fc48       0x40 ./fatfs/source/ff.o
 .text.dbc_2nd  0x6000fc88       0x54 ./fatfs/source/ff.o
 .text.sync_window
                0x6000fcdc       0x78 ./fatfs/source/ff.o
 .text.move_window
                0x6000fd54       0x5a ./fatfs/source/ff.o
 .text.clst2sect
                0x6000fdae       0x3e ./fatfs/source/ff.o
 .text.get_fat  0x6000fdec      0x14e ./fatfs/source/ff.o
 .text.put_fat  0x6000ff3a      0x1d4 ./fatfs/source/ff.o
 .text.remove_chain
                0x6001010e       0xca ./fatfs/source/ff.o
 .text.create_chain
                0x600101d8      0x1a2 ./fatfs/source/ff.o
 .text.dir_clear
                0x6001037a       0x90 ./fatfs/source/ff.o
 .text.dir_sdi  0x6001040a       0xf6 ./fatfs/source/ff.o
 .text.dir_next
                0x60010500      0x12c ./fatfs/source/ff.o
 .text.dir_alloc
                0x6001062c       0x8e ./fatfs/source/ff.o
 .text.ld_clust
                0x600106ba       0x3e ./fatfs/source/ff.o
 .text.st_clust
                0x600106f8       0x40 ./fatfs/source/ff.o
 .text.dir_find
                0x60010738       0xaa ./fatfs/source/ff.o
 .text.dir_register
                0x600107e2       0x64 ./fatfs/source/ff.o
 .text.follow_path
                0x60010846       0xde ./fatfs/source/ff.o
 .text.get_ldnumber
                0x60010924       0x8a ./fatfs/source/ff.o
 .text.find_volume
                0x600109ae       0xbe ./fatfs/source/ff.o
 .text.validate
                0x60010a6c       0x6a ./fatfs/source/ff.o
 .text.f_read   0x60010ad6      0x266 ./fatfs/source/ff.o
                0x60010ad6                f_read
 .text.DCACHE_InvalidateByRange
                0x60010d3c       0x1a ./drivers/fsl_cache.o
                0x60010d3c                DCACHE_InvalidateByRange
 .text.CLOCK_IsPllBypassed
                0x60010d56       0x32 ./drivers/fsl_clock.o
 .text.CLOCK_IsPllEnabled
                0x60010d88       0x3c ./drivers/fsl_clock.o
 .text.CLOCK_GetPllBypassRefClk
                0x60010dc4       0x34 ./drivers/fsl_clock.o
 .text._SDK_AtomicLocalClearAndSet4Byte
                0x60010df8       0x50 ./drivers/fsl_lpuart.o
 .text.CLOCK_EnableClock
                0x60010e48       0x1e ./drivers/fsl_lpuart.o
 .text.LPUART_SoftwareReset
                0x60010e66       0x2c ./drivers/fsl_lpuart.o
 .text.SystemInitHook
                0x60010e92        0xe ./device/system_MIMXRT1062.o
                0x60010e92                SystemInitHook
 .text.HAL_UartGetStatus
                0x60010ea0       0x28 ./component/uart/fsl_adapter_lpuart.o
 .text.DisableGlobalIRQ
                0x60010ec8       0x22 ./component/osa/fsl_os_abstraction_bm.o
 .text.EnableGlobalIRQ
                0x60010eea       0x20 ./component/osa/fsl_os_abstraction_bm.o
 .text.OSA_MemoryAllocate
                0x60010f0a       0x2a ./component/osa/fsl_os_abstraction_bm.o
                0x60010f0a                OSA_MemoryAllocate
 .text.OSA_MemoryFree
                0x60010f34       0x16 ./component/osa/fsl_os_abstraction_bm.o
                0x60010f34                OSA_MemoryFree
 .text.OSA_EnterCritical
                0x60010f4a       0x1a ./component/osa/fsl_os_abstraction_bm.o
                0x60010f4a                OSA_EnterCritical
 .text.OSA_ExitCritical
                0x60010f64       0x16 ./component/osa/fsl_os_abstraction_bm.o
                0x60010f64                OSA_ExitCritical
 .text.OSA_MutexLock
                0x60010f7a       0x52 ./component/osa/fsl_os_abstraction_bm.o
                0x60010f7a                OSA_MutexLock
 .text.OSA_EventSet
                0x60010fcc       0x36 ./component/osa/fsl_os_abstraction_bm.o
                0x60010fcc                OSA_EventSet
 .text.OSA_EventWait
                0x60011002       0x94 ./component/osa/fsl_os_abstraction_bm.o
                0x60011002                OSA_EventWait
 .text.BOARD_InitDebugConsole
                0x60011096       0x22 ./board/board.o
                0x60011096                BOARD_InitDebugConsole
 .text._SDK_AtomicLocalClearAndSet4Byte
                0x600110b8       0x50 ./board/clock_config.o
 .text.CLOCK_DisableClock
                0x60011108       0x1e ./board/clock_config.o
 .text.CLOCK_SetPllBypass
                0x60011126       0x4e ./board/clock_config.o
 .text.IOMUXC_SetSaiMClkClockSource
                0x60011174       0x6c ./board/clock_config.o
 .text.BOARD_InitBootClocks
                0x600111e0        0xc ./board/clock_config.o
                0x600111e0                BOARD_InitBootClocks
 .text._SDK_AtomicLocalClearAndSet4Byte
                0x600111ec       0x50 ./board/pin_mux.o
 .text.CLOCK_EnableClock
                0x6001123c       0x1e ./board/pin_mux.o
 .text.IOMUXC_SetPinMux
                0x6001125a       0x3a ./board/pin_mux.o
 .text.IOMUXC_SetPinConfig
                0x60011294       0x26 ./board/pin_mux.o
 .text.BOARD_InitBootPins
                0x600112ba        0xc ./board/pin_mux.o
                0x600112ba                BOARD_InitBootPins
 .text.__main   0x600112c6        0xe c:/nxp/mcuxpressoide_11.8.0_1165/ide/plugins/com.nxp.mcuxpresso.tools.win32_11.8.0.202306131047/tools/bin/../lib/gcc/arm-none-eabi/12.2.1/../../../../arm-none-eabi/lib/thumb/v7e-m+dp/hard\libcr_nohost_nf.a(_cr__main.o)
                0x600112c6                __main
 .text.memcpy   0x600112d4        0x4 c:/nxp/mcuxpressoide_11.8.0_1165/ide/plugins/com.nxp.mcuxpresso.tools.win32_11.8.0.202306131047/tools/bin/../lib/gcc/arm-none-eabi/12.2.1/../../../../arm-none-eabi/lib/thumb/v7e-m+dp/hard\libcr_c.a(memcpy.o)
                0x600112d4                memcpy
 .text.memset   0x600112d8        0x4 c:/nxp/mcuxpressoide_11.8.0_1165/ide/plugins/com.nxp.mcuxpresso.tools.win32_11.8.0.202306131047/tools/bin/../lib/gcc/arm-none-eabi/12.2.1/../../../../arm-none-eabi/lib/thumb/v7e-m+dp/hard\libcr_c.a(memset.o)
                0x600112d8                memset
 .text.free     0x600112dc       0x30 c:/nxp/mcuxpressoide_11.8.0_1165/ide/plugins/com.nxp.mcuxpresso.tools.win32_11.8.0.202306131047/tools/bin/../lib/gcc/arm-none-eabi/12.2.1/../../../../arm-none-eabi/lib/thumb/v7e-m+dp/hard\libcr_c.a(alloc.o)
                0x600112dc                free
 .text.memcmp   0x6001130c       0x40 c:/nxp/mcuxpressoide_11.8.0_1165/ide/plugins/com.nxp.mcuxpresso.tools.win32_11.8.0.202306131047/tools/bin/../lib/gcc/arm-none-eabi/12.2.1/../../../../arm-none-eabi/lib/thumb/v7e-m+dp/hard\libcr_c.a(memcmp.o)
                0x6001130c                memcmp
 .text.no_fp_display
                0x6001134c        0x4 c:/nxp/mcuxpressoide_11.8.0_1165/ide/plugins/com.nxp.mcuxpresso.tools.win32_11.8.0.202306131047/tools/bin/../lib/gcc/arm-none-eabi/12.2.1/../../../../arm-none-eabi/lib/thumb/v7e-m+dp/hard\libcr_c.a(printf.o)
 .text.setvbuf  0x60011350       0x3e c:/nxp/mcuxpressoide_11.8.0_1165/ide/plugins/com.nxp.mcuxpresso.tools.win32_11.8.0.202306131047/tools/bin/../lib/gcc/arm-none-eabi/12.2.1/../../../../arm-none-eabi/lib/thumb/v7e-m+dp/hard\libcr_c.a(setvbuf.o)
                0x60011350                setvbuf
 .text.strchr   0x6001138e       0x16 c:/nxp/mcuxpressoide_11.8.0_1165/ide/plugins/com.nxp.mcuxpresso.tools.win32_11.8.0.202306131047/tools/bin/../lib/gcc/arm-none-eabi/12.2.1/../../../../arm-none-eabi/lib/thumb/v7e-m+dp/hard\libcr_c.a(strchr.o)
                0x6001138e                strchr
 .text.strlen   0x600113a4       0x4e c:/nxp/mcuxpressoide_11.8.0_1165/ide/plugins/com.nxp.mcuxpresso.tools.win32_11.8.0.202306131047/tools/bin/../lib/gcc/arm-none-eabi/12.2.1/../../../../arm-none-eabi/lib/thumb/v7e-m+dp/hard\libcr_c.a(strlen.o)
                0x600113a4                strlen
 .text._deferredlazyseek
                0x600113f2       0x40 c:/nxp/mcuxpressoide_11.8.0_1165/ide/plugins/com.nxp.mcuxpresso.tools.win32_11.8.0.202306131047/tools/bin/../lib/gcc/arm-none-eabi/12.2.1/../../../../arm-none-eabi/lib/thumb/v7e-m+dp/hard\libcr_c.a(_deferredlazyseek.o)
                0x600113f2                _deferredlazyseek
 .text.__flsbuf
                0x60011432      0x140 c:/nxp/mcuxpressoide_11.8.0_1165/ide/plugins/com.nxp.mcuxpresso.tools.win32_11.8.0.202306131047/tools/bin/../lib/gcc/arm-none-eabi/12.2.1/../../../../arm-none-eabi/lib/thumb/v7e-m+dp/hard\libcr_c.a(_deferredlazyseek.o)
                0x60011432                __flsbuf
 .text._fdopen  0x60011572       0x68 c:/nxp/mcuxpressoide_11.8.0_1165/ide/plugins/com.nxp.mcuxpresso.tools.win32_11.8.0.202306131047/tools/bin/../lib/gcc/arm-none-eabi/12.2.1/../../../../arm-none-eabi/lib/thumb/v7e-m+dp/hard\libcr_c.a(_fdopen.o)
                0x60011572                _fdopen
 .text._fflush  0x600115da       0x52 c:/nxp/mcuxpressoide_11.8.0_1165/ide/plugins/com.nxp.mcuxpresso.tools.win32_11.8.0.202306131047/tools/bin/../lib/gcc/arm-none-eabi/12.2.1/../../../../arm-none-eabi/lib/thumb/v7e-m+dp/hard\libcr_c.a(_fflush.o)
                0x600115da                _fflush
 .text.fclose   0x6001162c       0x58 c:/nxp/mcuxpressoide_11.8.0_1165/ide/plugins/com.nxp.mcuxpresso.tools.win32_11.8.0.202306131047/tools/bin/../lib/gcc/arm-none-eabi/12.2.1/../../../../arm-none-eabi/lib/thumb/v7e-m+dp/hard\libcr_c.a(fclose.o)
                0x6001162c                fclose
 .text.remove   0x60011684       0x14 c:/nxp/mcuxpressoide_11.8.0_1165/ide/plugins/com.nxp.mcuxpresso.tools.win32_11.8.0.202306131047/tools/bin/../lib/gcc/arm-none-eabi/12.2.1/../../../../arm-none-eabi/lib/thumb/v7e-m+dp/hard\libcr_c.a(remove.o)
                0x60011684                remove
 .text._do_fflush
                0x60011698       0x40 c:/nxp/mcuxpressoide_11.8.0_1165/ide/plugins/com.nxp.mcuxpresso.tools.win32_11.8.0.202306131047/tools/bin/../lib/gcc/arm-none-eabi/12.2.1/../../../../arm-none-eabi/lib/thumb/v7e-m+dp/hard\libcr_c.a(_do_fflush.o)
                0x60011698                _do_fflush
 .text.__aeabi_memcpy
                0x600116d8       0x34 c:/nxp/mcuxpressoide_11.8.0_1165/ide/plugins/com.nxp.mcuxpresso.tools.win32_11.8.0.202306131047/tools/bin/../lib/gcc/arm-none-eabi/12.2.1/thumb/v7e-m+dp/hard\libcr_eabihelpers.a(memcpy.o)
                0x600116d8                __aeabi_memcpy
                0x600116e2                __aeabi_memcpy8
                0x600116e2                __aeabi_memcpy4
 .text.__aeabi_memset_lowlevel
                0x6001170c       0x32 c:/nxp/mcuxpressoide_11.8.0_1165/ide/plugins/com.nxp.mcuxpresso.tools.win32_11.8.0.202306131047/tools/bin/../lib/gcc/arm-none-eabi/12.2.1/thumb/v7e-m+dp/hard\libcr_eabihelpers.a(memcpy.o)
                0x6001170c                __aeabi_lowlevel_memset
 .text.__sys_appexit
                0x6001173e        0x2 c:/nxp/mcuxpressoide_11.8.0_1165/ide/plugins/com.nxp.mcuxpresso.tools.win32_11.8.0.202306131047/tools/bin/../lib/gcc/arm-none-eabi/12.2.1/../../../../arm-none-eabi/lib/thumb/v7e-m+dp/hard\libcr_nohost_nf.a(__sys_appexit.o)
                0x6001173e                __sys_appexit
                0x6001173e                __exit
 .text.__sys_close
                0x60011740        0x6 c:/nxp/mcuxpressoide_11.8.0_1165/ide/plugins/com.nxp.mcuxpresso.tools.win32_11.8.0.202306131047/tools/bin/../lib/gcc/arm-none-eabi/12.2.1/../../../../arm-none-eabi/lib/thumb/v7e-m+dp/hard\libcr_nohost_nf.a(__sys_close.o)
                0x60011740                __sys_close
 .text.__sys_flen
                0x60011746        0x6 c:/nxp/mcuxpressoide_11.8.0_1165/ide/plugins/com.nxp.mcuxpresso.tools.win32_11.8.0.202306131047/tools/bin/../lib/gcc/arm-none-eabi/12.2.1/../../../../arm-none-eabi/lib/thumb/v7e-m+dp/hard\libcr_nohost_nf.a(__sys_flen.o)
                0x60011746                __sys_flen
 .text.__sys_istty
                0x6001174c        0x6 c:/nxp/mcuxpressoide_11.8.0_1165/ide/plugins/com.nxp.mcuxpresso.tools.win32_11.8.0.202306131047/tools/bin/../lib/gcc/arm-none-eabi/12.2.1/../../../../arm-none-eabi/lib/thumb/v7e-m+dp/hard\libcr_nohost_nf.a(__sys_istty.o)
                0x6001174c                __sys_istty
 .text.__sys_remove
                0x60011752        0x6 c:/nxp/mcuxpressoide_11.8.0_1165/ide/plugins/com.nxp.mcuxpresso.tools.win32_11.8.0.202306131047/tools/bin/../lib/gcc/arm-none-eabi/12.2.1/../../../../arm-none-eabi/lib/thumb/v7e-m+dp/hard\libcr_nohost_nf.a(__sys_remove.o)
                0x60011752                __sys_remove
 .text.__sys_seek
                0x60011758        0x6 c:/nxp/mcuxpressoide_11.8.0_1165/ide/plugins/com.nxp.mcuxpresso.tools.win32_11.8.0.202306131047/tools/bin/../lib/gcc/arm-none-eabi/12.2.1/../../../../arm-none-eabi/lib/thumb/v7e-m+dp/hard\libcr_nohost_nf.a(__sys_seek.o)
                0x60011758                __sys_seek
 .text.__sys_tmpnam