C:\Users\PDS-User\Documents\MCUXpressoIDE_11.8.0_1165\workspace\evkbmimxrt1060_flexspi_nor_polling_transfer\drivers/fsl_common_arm.h:717:24:DisableGlobalIRQ	16	static
C:\Users\PDS-User\Documents\MCUXpressoIDE_11.8.0_1165\workspace\evkbmimxrt1060_flexspi_nor_polling_transfer\drivers/fsl_common_arm.h:743:20:EnableGlobalIRQ	24	static
../source/host_msd_fatfs.c:171:10:UIntToString	48	static
../source/host_msd_fatfs.c:190:10:StringToBuffer	32	static
../source/host_msd_fatfs.c:200:10:FileCSVWrite	64	static
../source/host_msd_fatfs.c:390:6:USB_HostMsdControlCallback	32	static
../source/host_msd_fatfs.c:403:13:USB_HostMsdFatfsTestDone	8	static
../source/host_msd_fatfs.c:534:13:USB_HostMsdFatfsDisplayFileInfo	88	static
../source/host_msd_fatfs.c:551:16:USB_HostMsdFatfsListDirectory	88	static
../source/host_msd_fatfs.c:603:13:USB_HostMsdFatfsTest	720	static
../source/host_msd_fatfs.c:1156:6:USB_HostMsdTask	32	static
../source/host_msd_fatfs.c:1227:14:USB_HostMsdEvent	48	static
../source/host_msd_fatfs.c:1393:6:getFileInformation	88	static
../source/host_msd_fatfs.c:1622:6:protocol_setIsFirstAddress	16	static
../source/host_msd_fatfs.c:1629:6:protocol_getIsFirstAddress	4	static
../source/host_msd_fatfs.c:1636:6:protocol_setAddressToFirmware	16	static
../source/host_msd_fatfs.c:1643:10:protocol_getAddressToFirmware	4	static
../source/host_msd_fatfs.c:1650:10:protocol_fullAddressHex	24	static
../source/host_msd_fatfs.c:1686:6:businessRules_updateFirmware	792	static
../source/host_msd_fatfs.c:1713:6:protocol_feedFirmwareBuffer	24	static
../source/host_msd_fatfs.c:1761:6:businessRules_saveFirmware	16	static
../source/host_msd_fatfs.c:1769:6:FLASH_writeData	4904	static
../source/host_msd_fatfs.c:1808:10:FLASH_checkWhichAddrPage	24	static
../source/host_msd_fatfs.c:1817:10:FLASH_checkWhichAddrSector	24	static
../source/host_msd_fatfs.c:1826:6:FLASH_readData	24	static
../source/host_msd_fatfs.c:1833:6:setArquivoGravado	16	static
../source/host_msd_fatfs.c:1838:6:getArquivoGravado	4	static
