Archive member included to satisfy reference by file (symbol)

c:/nxp/mcuxpressoide_11.8.0_1165/ide/plugins/com.nxp.mcuxpresso.tools.win32_11.8.0.202306131047/tools/bin/../lib/gcc/arm-none-eabi/12.2.1/../../../../arm-none-eabi/lib/thumb/v7e-m+dp/hard\libcr_nohost_nf.a(_cr__main.o)
                              ./startup/startup_mimxrt1062.o (__main)
c:/nxp/mcuxpressoide_11.8.0_1165/ide/plugins/com.nxp.mcuxpresso.tools.win32_11.8.0.202306131047/tools/bin/../lib/gcc/arm-none-eabi/12.2.1/../../../../arm-none-eabi/lib/thumb/v7e-m+dp/hard\libcr_c.a(memset.o)
                              ./utilities/fsl_debug_console.o (memset)
c:/nxp/mcuxpressoide_11.8.0_1165/ide/plugins/com.nxp.mcuxpresso.tools.win32_11.8.0.202306131047/tools/bin/../lib/gcc/arm-none-eabi/12.2.1/../../../../arm-none-eabi/lib/thumb/v7e-m+dp/hard\libcr_c.a(alloc.o)
                              ./drivers/fsl_common.o (malloc)
c:/nxp/mcuxpressoide_11.8.0_1165/ide/plugins/com.nxp.mcuxpresso.tools.win32_11.8.0.202306131047/tools/bin/../lib/gcc/arm-none-eabi/12.2.1/../../../../arm-none-eabi/lib/thumb/v7e-m+dp/hard\libcr_c.a(errno.o)
                              ./utilities/fsl_str.o (errno)
c:/nxp/mcuxpressoide_11.8.0_1165/ide/plugins/com.nxp.mcuxpresso.tools.win32_11.8.0.202306131047/tools/bin/../lib/gcc/arm-none-eabi/12.2.1/../../../../arm-none-eabi/lib/thumb/v7e-m+dp/hard\libcr_c.a(initio.o)
                              c:/nxp/mcuxpressoide_11.8.0_1165/ide/plugins/com.nxp.mcuxpresso.tools.win32_11.8.0.202306131047/tools/bin/../lib/gcc/arm-none-eabi/12.2.1/../../../../arm-none-eabi/lib/thumb/v7e-m+dp/hard\libcr_nohost_nf.a(_cr__main.o) (_initio)
c:/nxp/mcuxpressoide_11.8.0_1165/ide/plugins/com.nxp.mcuxpresso.tools.win32_11.8.0.202306131047/tools/bin/../lib/gcc/arm-none-eabi/12.2.1/../../../../arm-none-eabi/lib/thumb/v7e-m+dp/hard\libcr_c.a(scanf.o)
                              ./utilities/fsl_str.o (strtoul)
c:/nxp/mcuxpressoide_11.8.0_1165/ide/plugins/com.nxp.mcuxpresso.tools.win32_11.8.0.202306131047/tools/bin/../lib/gcc/arm-none-eabi/12.2.1/../../../../arm-none-eabi/lib/thumb/v7e-m+dp/hard\libcr_c.a(setvbuf.o)
                              c:/nxp/mcuxpressoide_11.8.0_1165/ide/plugins/com.nxp.mcuxpresso.tools.win32_11.8.0.202306131047/tools/bin/../lib/gcc/arm-none-eabi/12.2.1/../../../../arm-none-eabi/lib/thumb/v7e-m+dp/hard\libcr_c.a(initio.o) (setvbuf)
c:/nxp/mcuxpressoide_11.8.0_1165/ide/plugins/com.nxp.mcuxpresso.tools.win32_11.8.0.202306131047/tools/bin/../lib/gcc/arm-none-eabi/12.2.1/../../../../arm-none-eabi/lib/thumb/v7e-m+dp/hard\libcr_c.a(strlen.o)
                              ./utilities/fsl_str.o (strlen)
c:/nxp/mcuxpressoide_11.8.0_1165/ide/plugins/com.nxp.mcuxpresso.tools.win32_11.8.0.202306131047/tools/bin/../lib/gcc/arm-none-eabi/12.2.1/../../../../arm-none-eabi/lib/thumb/v7e-m+dp/hard\libcr_c.a(ungetc.o)
                              c:/nxp/mcuxpressoide_11.8.0_1165/ide/plugins/com.nxp.mcuxpresso.tools.win32_11.8.0.202306131047/tools/bin/../lib/gcc/arm-none-eabi/12.2.1/../../../../arm-none-eabi/lib/thumb/v7e-m+dp/hard\libcr_c.a(scanf.o) (ungetc)
c:/nxp/mcuxpressoide_11.8.0_1165/ide/plugins/com.nxp.mcuxpresso.tools.win32_11.8.0.202306131047/tools/bin/../lib/gcc/arm-none-eabi/12.2.1/../../../../arm-none-eabi/lib/thumb/v7e-m+dp/hard\libcr_c.a(__fillbuf.o)
                              c:/nxp/mcuxpressoide_11.8.0_1165/ide/plugins/com.nxp.mcuxpresso.tools.win32_11.8.0.202306131047/tools/bin/../lib/gcc/arm-none-eabi/12.2.1/../../../../arm-none-eabi/lib/thumb/v7e-m+dp/hard\libcr_c.a(scanf.o) (__filbuf)
c:/nxp/mcuxpressoide_11.8.0_1165/ide/plugins/com.nxp.mcuxpresso.tools.win32_11.8.0.202306131047/tools/bin/../lib/gcc/arm-none-eabi/12.2.1/../../../../arm-none-eabi/lib/thumb/v7e-m+dp/hard\libcr_c.a(__init_alloc.o)
                              c:/nxp/mcuxpressoide_11.8.0_1165/ide/plugins/com.nxp.mcuxpresso.tools.win32_11.8.0.202306131047/tools/bin/../lib/gcc/arm-none-eabi/12.2.1/../../../../arm-none-eabi/lib/thumb/v7e-m+dp/hard\libcr_c.a(alloc.o) (__heaps)
c:/nxp/mcuxpressoide_11.8.0_1165/ide/plugins/com.nxp.mcuxpresso.tools.win32_11.8.0.202306131047/tools/bin/../lib/gcc/arm-none-eabi/12.2.1/../../../../arm-none-eabi/lib/thumb/v7e-m+dp/hard\libcr_c.a(_cr_sbrk.o)
                              c:/nxp/mcuxpressoide_11.8.0_1165/ide/plugins/com.nxp.mcuxpresso.tools.win32_11.8.0.202306131047/tools/bin/../lib/gcc/arm-none-eabi/12.2.1/../../../../arm-none-eabi/lib/thumb/v7e-m+dp/hard\libcr_c.a(alloc.o) (_sbrk)
c:/nxp/mcuxpressoide_11.8.0_1165/ide/plugins/com.nxp.mcuxpresso.tools.win32_11.8.0.202306131047/tools/bin/../lib/gcc/arm-none-eabi/12.2.1/../../../../arm-none-eabi/lib/thumb/v7e-m+dp/hard\libcr_c.a(_deferredlazyseek.o)
                              c:/nxp/mcuxpressoide_11.8.0_1165/ide/plugins/com.nxp.mcuxpresso.tools.win32_11.8.0.202306131047/tools/bin/../lib/gcc/arm-none-eabi/12.2.1/../../../../arm-none-eabi/lib/thumb/v7e-m+dp/hard\libcr_c.a(__fillbuf.o) (_deferredlazyseek)
[...]
Memory Configuration

Name             Origin             Length             Attributes
BOARD_FLASH      0x60400000         0x00400000         xr
SRAM_DTC         0x20000000         0x00020000         xrw
SRAM_ITC         0x00000000         0x00020000         xrw
SRAM_OC          0x20200000         0x000c0000         xrw
BOARD_SDRAM      0x80000000         0x01e00000         xrw
NCACHE_REGION    0x81e00000         0x00200000         xrw
*default*        0x00000000         0xffffffff

Linker script and memory map

LOAD ./xip/evkbmimxrt1060_flexspi_nor_config.o
LOAD ./xip/fsl_flexspi_nor_boot.o
LOAD ./utilities/fsl_assert.o
LOAD ./utilities/fsl_debug_console.o
LOAD ./utilities/fsl_memcpy.o
LOAD ./utilities/fsl_str.o
LOAD ./startup/startup_mimxrt1062.o
LOAD ./source/led_blinky.o
LOAD ./source/semihost_hardfault.o
LOAD ./drivers/fsl_clock.o
LOAD ./drivers/fsl_common.o
LOAD ./drivers/fsl_common_arm.o
LOAD ./drivers/fsl_gpio.o
LOAD ./drivers/fsl_lpuart.o
LOAD ./device/system_MIMXRT1062.o
LOAD ./component/uart/fsl_adapter_lpuart.o
LOAD ./component/serial_manager/fsl_component_serial_manager.o
LOAD ./component/serial_manager/fsl_component_serial_port_uart.o
LOAD ./component/lists/fsl_component_generic_list.o
LOAD ./board/board.o
LOAD ./board/clock_config.o
LOAD ./board/dcd.o
LOAD ./board/pin_mux.o
START GROUP
LOAD c:/nxp/mcuxpressoide_11.8.0_1165/ide/plugins/com.nxp.mcuxpresso.tools.win32_11.8.0.202306131047/tools/bin/../lib/gcc/arm-none-eabi/12.2.1/../../../../arm-none-eabi/lib/thumb/v7e-m+dp/hard\libcr_nohost_nf.a
LOAD c:/nxp/mcuxpressoide_11.8.0_1165/ide/plugins/com.nxp.mcuxpresso.tools.win32_11.8.0.202306131047/tools/bin/../lib/gcc/arm-none-eabi/12.2.1/../../../../arm-none-eabi/lib/thumb/v7e-m+dp/hard\libcr_c.a
LOAD c:/nxp/mcuxpressoide_11.8.0_1165/ide/plugins/com.nxp.mcuxpresso.tools.win32_11.8.0.202306131047/tools/bin/../lib/gcc/arm-none-eabi/12.2.1/thumb/v7e-m+dp/hard\libcr_eabihelpers.a
LOAD c:/nxp/mcuxpressoide_11.8.0_1165/ide/plugins/com.nxp.mcuxpresso.tools.win32_11.8.0.202306131047/tools/bin/../lib/gcc/arm-none-eabi/12.2.1/thumb/v7e-m+dp/hard\libgcc.a
END GROUP
                0x60400000                __base_BOARD_FLASH = 0x60400000
                0x60400000                __base_Flash = 0x60400000
                0x60800000                __top_BOARD_FLASH = 0x60800000
                0x60800000                __top_Flash = 0x60800000
                0x20000000                __base_SRAM_DTC = 0x20000000
                0x20000000                __base_RAM = 0x20000000
                0x20020000                __top_SRAM_DTC = 0x20020000
                0x20020000                __top_RAM = 0x20020000
                0x00000000                __base_SRAM_ITC = 0x0
                0x00000000                __base_RAM2 = 0x0
                0x00020000                __top_SRAM_ITC = 0x20000
                0x00020000                __top_RAM2 = 0x20000
                0x20200000                __base_SRAM_OC = 0x20200000
                0x20200000                __base_RAM3 = 0x20200000
                0x202c0000                __top_SRAM_OC = 0x202c0000
                0x202c0000                __top_RAM3 = 0x202c0000
                0x80000000                __base_BOARD_SDRAM = 0x80000000
                0x80000000                __base_RAM4 = 0x80000000
                0x81e00000                __top_BOARD_SDRAM = 0x81e00000
                0x81e00000                __top_RAM4 = 0x81e00000
                0x81e00000                __base_NCACHE_REGION = 0x81e00000
                0x81e00000                __base_RAM5 = 0x81e00000
                0x82000000                __top_NCACHE_REGION = 0x82000000
                0x82000000                __top_RAM5 = 0x82000000

.text           0x60400000     0x38a8
 FILL mask 0xff
                0x60400000                __vectors_start__ = ABSOLUTE (.)
 *(SORT_BY_ALIGNMENT(.isr_vector))
 .isr_vector    0x60400000      0x2b8 ./startup/startup_mimxrt1062.o
                0x60400000                g_pfnVectors
                0x60400000                __Vectors
                0x604002b8                . = ALIGN (0x4)
                0x604002b8                __section_table_start = .
                0x604002b8                __data_section_table = .
                0x604002b8        0x4 LONG 0x604038a8 LOADADDR (.data)
                0x604002bc        0x4 LONG 0x20000000 ADDR (.data)
                0x604002c0        0x4 LONG 0x4 SIZEOF (.data)
                0x604002c4        0x4 LONG 0x604038a8 LOADADDR (.data_RAM2)
                0x604002c8        0x4 LONG 0x0 ADDR (.data_RAM2)
                0x604002cc        0x4 LONG 0x0 SIZEOF (.data_RAM2)
                0x604002d0        0x4 LONG 0x604038a8 LOADADDR (.data_RAM3)
                0x604002d4        0x4 LONG 0x20200000 ADDR (.data_RAM3)
                0x604002d8        0x4 LONG 0x0 SIZEOF (.data_RAM3)
                0x604002dc        0x4 LONG 0x604038a8 LOADADDR (.data_RAM4)
                0x604002e0        0x4 LONG 0x80000000 ADDR (.data_RAM4)
                0x604002e4        0x4 LONG 0x0 SIZEOF (.data_RAM4)
                0x604002e8        0x4 LONG 0x604038a8 LOADADDR (.data_RAM5)
                0x604002ec        0x4 LONG 0x81e00000 ADDR (.data_RAM5)
                0x604002f0        0x4 LONG 0x0 SIZEOF (.data_RAM5)
                0x604002f4                __data_section_table_end = .
                0x604002f4                __bss_section_table = .
                0x604002f4        0x4 LONG 0x20000004 ADDR (.bss)
                0x604002f8        0x4 LONG 0x134 SIZEOF (.bss)
                0x604002fc        0x4 LONG 0x0 ADDR (.bss_RAM2)
                0x60400300        0x4 LONG 0x0 SIZEOF (.bss_RAM2)
                0x60400304        0x4 LONG 0x20200000 ADDR (.bss_RAM3)
                0x60400308        0x4 LONG 0x0 SIZEOF (.bss_RAM3)
                0x6040030c        0x4 LONG 0x80000000 ADDR (.bss_RAM4)
                0x60400310        0x4 LONG 0x0 SIZEOF (.bss_RAM4)
                0x60400314        0x4 LONG 0x81e00000 ADDR (.bss_RAM5)
                0x60400318        0x4 LONG 0x0 SIZEOF (.bss_RAM5)
                0x6040031c                __bss_section_table_end = .
                0x6040031c                __section_table_end = .
 *(SORT_BY_ALIGNMENT(.after_vectors*))
 .after_vectors.reset
                0x6040031c       0x54 ./startup/startup_mimxrt1062.o
                0x6040031c                ResetISR
 .after_vectors.init_data
                0x60400370       0x1e ./startup/startup_mimxrt1062.o
                0x60400370                data_init
 .after_vectors.init_bss
                0x6040038e       0x12 ./startup/startup_mimxrt1062.o
                0x6040038e                bss_init
 .after_vectors
                0x604003a0       0x14 ./startup/startup_mimxrt1062.o
                0x604003a0                NMI_Handler
                0x604003a4                MemManage_Handler
                0x604003a6                BusFault_Handler
                0x604003a8                UsageFault_Handler
                0x604003aa                SVC_Handler
                0x604003ac                DebugMon_Handler
                0x604003ae                PendSV_Handler
                0x604003b2                CCM_2_DriverIRQHandler
                0x604003b2                PIT_DriverIRQHandler
                0x604003b2                PMU_EVENT_DriverIRQHandler
                0x604003b2                PWM4_FAULT_DriverIRQHandler
                0x604003b2                DMA13_DMA29_DriverIRQHandler
                0x604003b2                SAI3_RX_DriverIRQHandler
                0x604003b2                LPSPI4_DriverIRQHandler
                0x604003b2                SEMC_DriverIRQHandler
                0x604003b2                SPDIF_DriverIRQHandler
                0x604003b2                PWM4_3_DriverIRQHandler
                0x604003b2                ENET2_DriverIRQHandler
                0x604003b2                FLEXRAM_DriverIRQHandler
                0x604003b2                LCDIF_DriverIRQHandler
                0x604003b2                USB_PHY1_DriverIRQHandler
                0x604003b2                GPIO3_Combined_0_15_DriverIRQHandler
                0x604003b2                CAN3_DriverIRQHandler
                0x604003b2                Reserved171_DriverIRQHandler
                0x604003b2                DMA7_DMA23_DriverIRQHandler
                0x604003b2                BEE_DriverIRQHandler
                0x604003b2                LPI2C3_DriverIRQHandler
                0x604003b2                GPR_IRQ_DriverIRQHandler
                0x604003b2                PWM2_FAULT_DriverIRQHandler
                0x604003b2                PWM3_1_DriverIRQHandler
                0x604003b2                DMA14_DMA30_DriverIRQHandler
                0x604003b2                TMR1_DriverIRQHandler
                0x604003b2                TRNG_DriverIRQHandler
                0x604003b2                PWM3_2_DriverIRQHandler
                0x604003b2                ENET_1588_Timer_DriverIRQHandler
                0x604003b2                FLEXIO2_DriverIRQHandler
                0x604003b2                GPIO2_Combined_16_31_DriverIRQHandler
                0x604003b2                Reserved143_DriverIRQHandler
                0x604003b2                LPSPI2_DriverIRQHandler
                0x604003b2                PWM4_1_DriverIRQHandler
                0x604003b2                PWM3_3_DriverIRQHandler
                0x604003b2                DMA0_DMA16_DriverIRQHandler
                0x604003b2                IntDefaultHandler
                0x604003b2                DMA2_DMA18_DriverIRQHandler
                0x604003b2                SRC_DriverIRQHandler
                0x604003b2                GPIO1_INT4_DriverIRQHandler
                0x604003b2                Reserved144_DriverIRQHandler
                0x604003b2                USDHC1_DriverIRQHandler
                0x604003b2                ENC3_DriverIRQHandler
                0x604003b2                PWM3_FAULT_DriverIRQHandler
                0x604003b2                EWM_DriverIRQHandler
                0x604003b2                TSC_DIG_DriverIRQHandler
                0x604003b2                FLEXSPI2_DriverIRQHandler
                0x604003b2                FLEXIO1_DriverIRQHandler
                0x604003b2                ENET_DriverIRQHandler
                0x604003b2                Reserved78_DriverIRQHandler
                0x604003b2                TMR4_DriverIRQHandler
                0x604003b2                ENC2_DriverIRQHandler
                0x604003b2                ADC_ETC_IRQ2_DriverIRQHandler
                0x604003b2                GPIO1_Combined_16_31_DriverIRQHandler
                0x604003b2                GPIO1_INT7_DriverIRQHandler
                0x604003b2                SAI1_DriverIRQHandler
                0x604003b2                DCDC_DriverIRQHandler
                0x604003b2                DMA12_DMA28_DriverIRQHandler
                0x604003b2                PWM4_0_DriverIRQHandler
                0x604003b2                ADC_ETC_ERROR_IRQ_DriverIRQHandler
                0x604003b2                ACMP2_DriverIRQHandler
                0x604003b2                GPIO5_Combined_0_15_DriverIRQHandler
                0x604003b2                GPIO1_INT0_DriverIRQHandler
                0x604003b2                GPIO1_INT2_DriverIRQHandler
                0x604003b2                RTWDOG_DriverIRQHandler
                0x604003b2                FLEXSPI_DriverIRQHandler
                0x604003b2                GPT2_DriverIRQHandler
                0x604003b2                USB_PHY2_DriverIRQHandler
                0x604003b2                DMA10_DMA26_DriverIRQHandler
                0x604003b2                PWM2_1_DriverIRQHandler
                0x604003b2                PWM1_1_DriverIRQHandler
                0x604003b2                PXP_DriverIRQHandler
                0x604003b2                ADC1_DriverIRQHandler
                0x604003b2                GPIO10_Combined_0_31_DriverIRQHandler
                0x604003b2                PWM1_0_DriverIRQHandler
                0x604003b2                SJC_DriverIRQHandler
                0x604003b2                DMA1_DMA17_DriverIRQHandler
                0x604003b2                ENC1_DriverIRQHandler
                0x604003b2                ENC4_DriverIRQHandler
                0x604003b2                CAN2_DriverIRQHandler
                0x604003b2                DCP_DriverIRQHandler
                0x604003b2                CTI0_ERROR_DriverIRQHandler
                0x604003b2                DMA8_DMA24_DriverIRQHandler
                0x604003b2                GPT1_DriverIRQHandler
                0x604003b2                ACMP3_DriverIRQHandler
                0x604003b2                DMA6_DMA22_DriverIRQHandler
                0x604003b2                CSU_DriverIRQHandler
                0x604003b2                GPIO1_INT5_DriverIRQHandler
                0x604003b2                TMR3_DriverIRQHandler
                0x604003b2                TMR2_DriverIRQHandler
                0x604003b2                CTI1_ERROR_DriverIRQHandler
                0x604003b2                GPIO1_Combined_0_15_DriverIRQHandler
                0x604003b2                USDHC2_DriverIRQHandler
                0x604003b2                PWM4_2_DriverIRQHandler
                0x604003b2                KPP_DriverIRQHandler
                0x604003b2                SAI2_DriverIRQHandler
                0x604003b2                CORE_DriverIRQHandler
                0x604003b2                WDOG1_DriverIRQHandler
                0x604003b2                DMA11_DMA27_DriverIRQHandler
                0x604003b2                CSI_DriverIRQHandler
                0x604003b2                PWM2_3_DriverIRQHandler
                0x604003b2                XBAR1_IRQ_2_3_DriverIRQHandler
                0x604003b2                SNVS_HP_WRAPPER_TZ_DriverIRQHandler
                0x604003b2                GPIO3_Combined_16_31_DriverIRQHandler
                0x604003b2                PWM1_FAULT_DriverIRQHandler
                0x604003b2                LPI2C1_DriverIRQHandler
                0x604003b2                ENET2_1588_Timer_DriverIRQHandler
                0x604003b2                PWM2_2_DriverIRQHandler
                0x604003b2                DMA4_DMA20_DriverIRQHandler
                0x604003b2                DMA9_DMA25_DriverIRQHandler
                0x604003b2                SNVS_HP_WRAPPER_DriverIRQHandler
                0x604003b2                XBAR1_IRQ_0_1_DriverIRQHandler
                0x604003b2                ADC_ETC_IRQ1_DriverIRQHandler
                0x604003b2                LPSPI1_DriverIRQHandler
                0x604003b2                DMA3_DMA19_DriverIRQHandler
                0x604003b2                GPIO1_INT3_DriverIRQHandler
                0x604003b2                DCP_VMI_DriverIRQHandler
                0x604003b2                LPI2C4_DriverIRQHandler
                0x604003b2                GPC_DriverIRQHandler
                0x604003b2                GPIO2_Combined_0_15_DriverIRQHandler
                0x604003b2                PWM1_2_DriverIRQHandler
                0x604003b2                USB_OTG1_DriverIRQHandler
                0x604003b2                TEMP_LOW_HIGH_DriverIRQHandler
                0x604003b2                SAI3_TX_DriverIRQHandler
                0x604003b2                FLEXIO3_DriverIRQHandler
                0x604003b2                WDOG2_DriverIRQHandler
                0x604003b2                Reserved68_DriverIRQHandler
                0x604003b2                PWM3_0_DriverIRQHandler
                0x604003b2                GPIO4_Combined_0_15_DriverIRQHandler
                0x604003b2                GPIO4_Combined_16_31_DriverIRQHandler
                0x604003b2                GPIO6_7_8_9_DriverIRQHandler
                0x604003b2                GPIO5_Combined_16_31_DriverIRQHandler
                0x604003b2                DMA5_DMA21_DriverIRQHandler
                0x604003b2                CCM_1_DriverIRQHandler
                0x604003b2                ADC2_DriverIRQHandler
                0x604003b2                Reserved115_DriverIRQHandler
                0x604003b2                TEMP_PANIC_DriverIRQHandler
                0x604003b2                ACMP4_DriverIRQHandler
                0x604003b2                DMA15_DMA31_DriverIRQHandler
                0x604003b2                LPSPI3_DriverIRQHandler
                0x604003b2                PWM1_3_DriverIRQHandler
                0x604003b2                ACMP1_DriverIRQHandler
                0x604003b2                LPI2C2_DriverIRQHandler
                0x604003b2                Reserved86_DriverIRQHandler
                0x604003b2                DMA_ERROR_DriverIRQHandler
                0x604003b2                ADC_ETC_IRQ0_DriverIRQHandler
                0x604003b2                CAN1_DriverIRQHandler
                0x604003b2                GPIO1_INT6_DriverIRQHandler
                0x604003b2                GPIO1_INT1_DriverIRQHandler
                0x604003b2                PWM2_0_DriverIRQHandler
                0x604003b2                SNVS_LP_WRAPPER_DriverIRQHandler
                0x604003b2                USB_OTG2_DriverIRQHandler
 *(SORT_BY_ALIGNMENT(.text*))
 .text.__assertion_failed
                0x604003b4       0x18 ./utilities/fsl_assert.o
                0x604003b4                __assertion_failed
 .text.DbgConsole_SendDataReliable
                0x604003cc       0x54 ./utilities/fsl_debug_console.o
                0x604003cc                DbgConsole_SendDataReliable
 .text.DbgConsole_Vprintf
                0x60400420       0x6c ./utilities/fsl_debug_console.o
                0x60400420                DbgConsole_Vprintf
 .text          0x6040048c       0xa0 ./utilities/fsl_memcpy.o
                0x6040048c                memcpy
 .text.__NVIC_SetPriority
                0x6040052c       0x54 ./source/led_blinky.o
 .text.SysTick_Config
                0x60400580       0x44 ./source/led_blinky.o
 .text.SysTick_Handler
                0x604005c4       0x24 ./source/led_blinky.o
                0x604005c4                SysTick_Handler
 .text.SysTick_DelayTicks
                0x604005e8       0x2c ./source/led_blinky.o
                0x604005e8                SysTick_DelayTicks
 .text.main     0x60400614       0x74 ./source/led_blinky.o
                0x60400614                main
 .text.CLOCK_InitExternalClk
                0x60400688       0x6c ./drivers/fsl_clock.o
                0x60400688                CLOCK_InitExternalClk
 .text.CLOCK_SwitchOsc
                0x604006f4       0x34 ./drivers/fsl_clock.o
                0x604006f4                CLOCK_SwitchOsc
 .text.CLOCK_InitRcOsc24M
                0x60400728       0x24 ./drivers/fsl_clock.o
                0x60400728                CLOCK_InitRcOsc24M
 .text.CLOCK_InitArmPll
                0x6040074c       0x68 ./drivers/fsl_clock.o
                0x6040074c                CLOCK_InitArmPll
 .text.CLOCK_InitSysPll
                0x604007b4       0x9c ./drivers/fsl_clock.o
                0x604007b4                CLOCK_InitSysPll
 .text.CLOCK_DeinitUsb2Pll
                0x60400850       0x18 ./drivers/fsl_clock.o
                0x60400850                CLOCK_DeinitUsb2Pll
 .text.CLOCK_DeinitAudioPll
                0x60400868       0x1c ./drivers/fsl_clock.o
                0x60400868                CLOCK_DeinitAudioPll
 .text.CLOCK_DeinitEnetPll
                0x60400884       0x1c ./drivers/fsl_clock.o
                0x60400884                CLOCK_DeinitEnetPll
 .text.CLOCK_InitSysPfd
                0x604008a0       0x64 ./drivers/fsl_clock.o
                0x604008a0                CLOCK_InitSysPfd
 .text.CLOCK_ControlGate
                0x60400904       0x60 ./drivers/fsl_gpio.o
 .text.GPIO_GetInstance
                0x60400964       0x4c ./drivers/fsl_gpio.o
 .text.GPIO_PinInit
                0x604009b0       0xa4 ./drivers/fsl_gpio.o
                0x604009b0                GPIO_PinInit
 .text.GPIO_PinWrite
                0x60400a54       0x48 ./drivers/fsl_gpio.o
                0x60400a54                GPIO_PinWrite
 .text.GPIO_PinSetInterruptConfig
                0x60400a9c       0xfc ./drivers/fsl_gpio.o
                0x60400a9c                GPIO_PinSetInterruptConfig
 .text.LPUART_WriteBlocking
                0x60400b98       0x68 ./drivers/fsl_lpuart.o
                0x60400b98                LPUART_WriteBlocking
 .text.LPUART1_DriverIRQHandler
                0x60400c00       0x28 ./drivers/fsl_lpuart.o
                0x60400c00                LPUART1_DriverIRQHandler
 .text.LPUART2_DriverIRQHandler
                0x60400c28       0x28 ./drivers/fsl_lpuart.o
                0x60400c28                LPUART2_DriverIRQHandler
 .text.LPUART3_DriverIRQHandler
                0x60400c50       0x28 ./drivers/fsl_lpuart.o
                0x60400c50                LPUART3_DriverIRQHandler
 .text.LPUART4_DriverIRQHandler
                0x60400c78       0x28 ./drivers/fsl_lpuart.o
                0x60400c78                LPUART4_DriverIRQHandler
 .text.LPUART5_DriverIRQHandler
                0x60400ca0       0x28 ./drivers/fsl_lpuart.o
                0x60400ca0                LPUART5_DriverIRQHandler
 .text.LPUART6_DriverIRQHandler
                0x60400cc8       0x28 ./drivers/fsl_lpuart.o
                0x60400cc8                LPUART6_DriverIRQHandler
 .text.LPUART7_DriverIRQHandler
                0x60400cf0       0x28 ./drivers/fsl_lpuart.o
                0x60400cf0                LPUART7_DriverIRQHandler
 .text.LPUART8_DriverIRQHandler
                0x60400d18       0x28 ./drivers/fsl_lpuart.o
                0x60400d18                LPUART8_DriverIRQHandler
 .text.SystemInit
                0x60400d40      0x144 ./device/system_MIMXRT1062.o
                0x60400d40                SystemInit
 .text.SystemCoreClockUpdate
                0x60400e84      0x214 ./device/system_MIMXRT1062.o
                0x60400e84                SystemCoreClockUpdate
 .text.HAL_UartSendBlocking
                0x60401098       0x64 ./component/uart/fsl_adapter_lpuart.o
                0x60401098                HAL_UartSendBlocking
 .text.ARM_MPU_Enable
                0x604010fc       0x44 ./board/board.o
 .text.ARM_MPU_Disable
                0x60401140       0x40 ./board/board.o
 .text.BOARD_ConfigMPU
                0x60401180      0x34c ./board/board.o
                0x60401180                BOARD_ConfigMPU
 .text.CLOCK_SetMux
                0x604014cc       0x9c ./board/clock_config.o
 .text.CLOCK_SetDiv
                0x60401568       0x9c ./board/clock_config.o
 .text.CLOCK_ControlGate
                0x60401604       0x60 ./board/clock_config.o
 .text.CLOCK_SetXtalFreq
                0x60401664       0x20 ./board/clock_config.o
 .text.CLOCK_SetRtcXtalFreq
                0x60401684       0x20 ./board/clock_config.o
 .text.IOMUXC_MQSConfig
                0x604016a4       0x44 ./board/clock_config.o
 .text.BOARD_BootClockRUN
                0x604016e8      0x6d0 ./board/clock_config.o
                0x604016e8                BOARD_BootClockRUN
 .text.CLOCK_ControlGate
                0x60401db8       0x60 ./board/pin_mux.o
 .text.BOARD_InitPins
                0x60401e18       0xb0 ./board/pin_mux.o
                0x60401e18                BOARD_InitPins
 .text._initio  0x60401ec8       0x78 c:/nxp/mcuxpressoide_11.8.0_1165/ide/plugins/com.nxp.mcuxpresso.tools.win32_11.8.0.202306131047/tools/bin/../lib/gcc/arm-none-eabi/12.2.1/../../../../arm-none-eabi/lib/thumb/v7e-m+dp/hard\libcr_c.a(initio.o)
                0x60401ec8                _initio
 .text._Cwritebuf
                0x60401f40       0x6c c:/nxp/mcuxpressoide_11.8.0_1165/ide/plugins/com.nxp.mcuxpresso.tools.win32_11.8.0.202306131047/tools/bin/../lib/gcc/arm-none-eabi/12.2.1/../../../../arm-none-eabi/lib/thumb/v7e-m+dp/hard\libcr_c.a(_writebuf.o)
                0x60401f40                _Cwritebuf
 .text.fflush   0x60401fac       0x3c c:/nxp/mcuxpressoide_11.8.0_1165/ide/plugins/com.nxp.mcuxpresso.tools.win32_11.8.0.202306131047/tools/bin/../lib/gcc/arm-none-eabi/12.2.1/../../../../arm-none-eabi/lib/thumb/v7e-m+dp/hard\libcr_c.a(fflush.o)
                0x60401fac                fflush
 .text.fseek    0x60401fe8       0xf8 c:/nxp/mcuxpressoide_11.8.0_1165/ide/plugins/com.nxp.mcuxpresso.tools.win32_11.8.0.202306131047/tools/bin/../lib/gcc/arm-none-eabi/12.2.1/../../../../arm-none-eabi/lib/thumb/v7e-m+dp/hard\libcr_c.a(fseek.o)
                0x60401fe8                fseek
 .text.ftell    0x604020e0       0x44 c:/nxp/mcuxpressoide_11.8.0_1165/ide/plugins/com.nxp.mcuxpresso.tools.win32_11.8.0.202306131047/tools/bin/../lib/gcc/arm-none-eabi/12.2.1/../../../../arm-none-eabi/lib/thumb/v7e-m+dp/hard\libcr_c.a(ftell.o)
                0x604020e0                ftell
 .text.DbgConsole_PrintCallback
                0x60402124       0x66 ./utilities/fsl_debug_console.o
 .text.DbgConsole_Printf
                0x6040218a       0x2c ./utilities/fsl_debug_console.o
                0x6040218a                DbgConsole_Printf
 .text.PrintGetWidth
                0x604021b6       0x6a ./utilities/fsl_str.o
 .text.PrintGetPrecision
                0x60402220       0x8c ./utilities/fsl_str.o
 .text.PrintIsobpu
                0x604022ac       0x38 ./utilities/fsl_str.o
 .text.PrintIsdi
                0x604022e4       0x2c ./utilities/fsl_str.o
 .text.PrintOutputdifFobpu
                0x60402310       0x44 ./utilities/fsl_str.o
 .text.PrintOutputxX
                0x60402354       0x44 ./utilities/fsl_str.o
 .text.PrintIsfF
                0x60402398       0x2c ./utilities/fsl_str.o
 .text.PrintIsxX
                0x604023c4       0x2c ./utilities/fsl_str.o
 .text.PrintFilterLengthFlag
                0x604023f0       0x3e ./utilities/fsl_str.o
 .text.PrintGetRadixFromobpu
                0x6040242e       0x40 ./utilities/fsl_str.o
 .text.ConvertRadixNumToString
                0x6040246e       0xc2 ./utilities/fsl_str.o
 .text.StrFormatPrintf
                0x60402530      0x2ac ./utilities/fsl_str.o
                0x60402530                StrFormatPrintf
 .text.DMA0_DMA16_IRQHandler
                0x604027dc        0x8 ./startup/startup_mimxrt1062.o
                0x604027dc                DMA0_DMA16_IRQHandler
 .text.DMA1_DMA17_IRQHandler
                0x604027e4        0x8 ./startup/startup_mimxrt1062.o
                0x604027e4                DMA1_DMA17_IRQHandler
 .text.DMA2_DMA18_IRQHandler
                0x604027ec        0x8 ./startup/startup_mimxrt1062.o
                0x604027ec                DMA2_DMA18_IRQHandler
 .text.DMA3_DMA19_IRQHandler
                0x604027f4        0x8 ./startup/startup_mimxrt1062.o
                0x604027f4                DMA3_DMA19_IRQHandler
 .text.DMA4_DMA20_IRQHandler
                0x604027fc        0x8 ./startup/startup_mimxrt1062.o
                0x604027fc                DMA4_DMA20_IRQHandler
 .text.DMA5_DMA21_IRQHandler
                0x60402804        0x8 ./startup/startup_mimxrt1062.o
                0x60402804                DMA5_DMA21_IRQHandler
 .text.DMA6_DMA22_IRQHandler
                0x6040280c        0x8 ./startup/startup_mimxrt1062.o
                0x6040280c                DMA6_DMA22_IRQHandler
 .text.DMA7_DMA23_IRQHandler
                0x60402814        0x8 ./startup/startup_mimxrt1062.o
                0x60402814                DMA7_DMA23_IRQHandler
 .text.DMA8_DMA24_IRQHandler
                0x6040281c        0x8 ./startup/startup_mimxrt1062.o
                0x6040281c                DMA8_DMA24_IRQHandler
 .text.DMA9_DMA25_IRQHandler
                0x60402824        0x8 ./startup/startup_mimxrt1062.o
                0x60402824                DMA9_DMA25_IRQHandler
 .text.DMA10_DMA26_IRQHandler
                0x6040282c        0x8 ./startup/startup_mimxrt1062.o
                0x6040282c                DMA10_DMA26_IRQHandler
 .text.DMA11_DMA27_IRQHandler
                0x60402834        0x8 ./startup/startup_mimxrt1062.o
                0x60402834                DMA11_DMA27_IRQHandler
 .text.DMA12_DMA28_IRQHandler
                0x6040283c        0x8 ./startup/startup_mimxrt1062.o
                0x6040283c                DMA12_DMA28_IRQHandler
 .text.DMA13_DMA29_IRQHandler
                0x60402844        0x8 ./startup/startup_mimxrt1062.o
                0x60402844                DMA13_DMA29_IRQHandler
 .text.DMA14_DMA30_IRQHandler
                0x6040284c        0x8 ./startup/startup_mimxrt1062.o
                0x6040284c                DMA14_DMA30_IRQHandler
 .text.DMA15_DMA31_IRQHandler
                0x60402854        0x8 ./startup/startup_mimxrt1062.o
                0x60402854                DMA15_DMA31_IRQHandler
 .text.DMA_ERROR_IRQHandler
                0x6040285c        0x8 ./startup/startup_mimxrt1062.o
                0x6040285c                DMA_ERROR_IRQHandler
 .text.CTI0_ERROR_IRQHandler
                0x60402864        0x8 ./startup/startup_mimxrt1062.o
                0x60402864                CTI0_ERROR_IRQHandler
 .text.CTI1_ERROR_IRQHandler
                0x6040286c        0x8 ./startup/startup_mimxrt1062.o
                0x6040286c                CTI1_ERROR_IRQHandler
 .text.CORE_IRQHandler
                0x60402874        0x8 ./startup/startup_mimxrt1062.o
                0x60402874                CORE_IRQHandler
 .text.LPUART1_IRQHandler
                0x6040287c        0x8 ./startup/startup_mimxrt1062.o
                0x6040287c                LPUART1_IRQHandler
 .text.LPUART2_IRQHandler
                0x60402884        0x8 ./startup/startup_mimxrt1062.o
                0x60402884                LPUART2_IRQHandler
 .text.LPUART3_IRQHandler
                0x6040288c        0x8 ./startup/startup_mimxrt1062.o
                0x6040288c                LPUART3_IRQHandler
 .text.LPUART4_IRQHandler
                0x60402894        0x8 ./startup/startup_mimxrt1062.o
                0x60402894                LPUART4_IRQHandler
 .text.LPUART5_IRQHandler
                0x6040289c        0x8 ./startup/startup_mimxrt1062.o
                0x6040289c                LPUART5_IRQHandler
 .text.LPUART6_IRQHandler
                0x604028a4        0x8 ./startup/startup_mimxrt1062.o
                0x604028a4                LPUART6_IRQHandler
 .text.LPUART7_IRQHandler
                0x604028ac        0x8 ./startup/startup_mimxrt1062.o
                0x604028ac                LPUART7_IRQHandler
 .text.LPUART8_IRQHandler
                0x604028b4        0x8 ./startup/startup_mimxrt1062.o
                0x604028b4                LPUART8_IRQHandler
 .text.LPI2C1_IRQHandler
                0x604028bc        0x8 ./startup/startup_mimxrt1062.o
                0x604028bc                LPI2C1_IRQHandler
 .text.LPI2C2_IRQHandler
                0x604028c4        0x8 ./startup/startup_mimxrt1062.o
                0x604028c4                LPI2C2_IRQHandler
 .text.LPI2C3_IRQHandler
                0x604028cc        0x8 ./startup/startup_mimxrt1062.o
                0x604028cc                LPI2C3_IRQHandler
 .text.LPI2C4_IRQHandler
                0x604028d4        0x8 ./startup/startup_mimxrt1062.o
                0x604028d4                LPI2C4_IRQHandler
 .text.LPSPI1_IRQHandler
                0x604028dc        0x8 ./startup/startup_mimxrt1062.o
                0x604028dc                LPSPI1_IRQHandler
 .text.LPSPI2_IRQHandler
                0x604028e4        0x8 ./startup/startup_mimxrt1062.o
                0x604028e4                LPSPI2_IRQHandler
 .text.LPSPI3_IRQHandler
                0x604028ec        0x8 ./startup/startup_mimxrt1062.o
                0x604028ec                LPSPI3_IRQHandler
 .text.LPSPI4_IRQHandler
                0x604028f4        0x8 ./startup/startup_mimxrt1062.o
                0x604028f4                LPSPI4_IRQHandler
 .text.CAN1_IRQHandler
                0x604028fc        0x8 ./startup/startup_mimxrt1062.o
                0x604028fc                CAN1_IRQHandler
 .text.CAN2_IRQHandler
                0x60402904        0x8 ./startup/startup_mimxrt1062.o
                0x60402904                CAN2_IRQHandler
 .text.FLEXRAM_IRQHandler
                0x6040290c        0x8 ./startup/startup_mimxrt1062.o
                0x6040290c                FLEXRAM_IRQHandler
 .text.KPP_IRQHandler
                0x60402914        0x8 ./startup/startup_mimxrt1062.o
                0x60402914                KPP_IRQHandler
 .text.TSC_DIG_IRQHandler
                0x6040291c        0x8 ./startup/startup_mimxrt1062.o
                0x6040291c                TSC_DIG_IRQHandler
 .text.GPR_IRQ_IRQHandler
                0x60402924        0x8 ./startup/startup_mimxrt1062.o
                0x60402924                GPR_IRQ_IRQHandler
 .text.LCDIF_IRQHandler
                0x6040292c        0x8 ./startup/startup_mimxrt1062.o
                0x6040292c                LCDIF_IRQHandler
 .text.CSI_IRQHandler
                0x60402934        0x8 ./startup/startup_mimxrt1062.o
                0x60402934                CSI_IRQHandler
 .text.PXP_IRQHandler
                0x6040293c        0x8 ./startup/startup_mimxrt1062.o
                0x6040293c                PXP_IRQHandler
 .text.WDOG2_IRQHandler
                0x60402944        0x8 ./startup/startup_mimxrt1062.o
                0x60402944                WDOG2_IRQHandler
 .text.SNVS_HP_WRAPPER_IRQHandler
                0x6040294c        0x8 ./startup/startup_mimxrt1062.o
                0x6040294c                SNVS_HP_WRAPPER_IRQHandler
 .text.SNVS_HP_WRAPPER_TZ_IRQHandler
                0x60402954        0x8 ./startup/startup_mimxrt1062.o
                0x60402954                SNVS_HP_WRAPPER_TZ_IRQHandler
 .text.SNVS_LP_WRAPPER_IRQHandler
                0x6040295c        0x8 ./startup/startup_mimxrt1062.o
                0x6040295c                SNVS_LP_WRAPPER_IRQHandler
 .text.CSU_IRQHandler
                0x60402964        0x8 ./startup/startup_mimxrt1062.o
                0x60402964                CSU_IRQHandler
 .text.DCP_IRQHandler
                0x6040296c        0x8 ./startup/startup_mimxrt1062.o
                0x6040296c                DCP_IRQHandler
 .text.DCP_VMI_IRQHandler
                0x60402974        0x8 ./startup/startup_mimxrt1062.o
                0x60402974                DCP_VMI_IRQHandler
 .text.Reserved68_IRQHandler
                0x6040297c        0x8 ./startup/startup_mimxrt1062.o
                0x6040297c                Reserved68_IRQHandler
 .text.TRNG_IRQHandler
                0x60402984        0x8 ./startup/startup_mimxrt1062.o
                0x60402984                TRNG_IRQHandler
 .text.SJC_IRQHandler
                0x6040298c        0x8 ./startup/startup_mimxrt1062.o
                0x6040298c                SJC_IRQHandler
 .text.BEE_IRQHandler
                0x60402994        0x8 ./startup/startup_mimxrt1062.o
                0x60402994                BEE_IRQHandler
 .text.SAI1_IRQHandler
                0x6040299c        0x8 ./startup/startup_mimxrt1062.o
                0x6040299c                SAI1_IRQHandler
 .text.SAI2_IRQHandler
                0x604029a4        0x8 ./startup/startup_mimxrt1062.o
                0x604029a4                SAI2_IRQHandler
 .text.SAI3_RX_IRQHandler
                0x604029ac        0x8 ./startup/startup_mimxrt1062.o
                0x604029ac                SAI3_RX_IRQHandler
 .text.SAI3_TX_IRQHandler
                0x604029b4        0x8 ./startup/startup_mimxrt1062.o
                0x604029b4                SAI3_TX_IRQHandler
 .text.SPDIF_IRQHandler
                0x604029bc        0x8 ./startup/startup_mimxrt1062.o
                0x604029bc                SPDIF_IRQHandler
 .text.PMU_EVENT_IRQHandler
                0x604029c4        0x8 ./startup/startup_mimxrt1062.o
                0x604029c4                PMU_EVENT_IRQHandler
 .text.Reserved78_IRQHandler
                0x604029cc        0x8 ./startup/startup_mimxrt1062.o
                0x604029cc                Reserved78_IRQHandler
 .text.TEMP_LOW_HIGH_IRQHandler
                0x604029d4        0x8 ./startup/startup_mimxrt1062.o
                0x604029d4                TEMP_LOW_HIGH_IRQHandler
 .text.TEMP_PANIC_IRQHandler
                0x604029dc        0x8 ./startup/startup_mimxrt1062.o
                0x604029dc                TEMP_PANIC_IRQHandler
 .text.USB_PHY1_IRQHandler
                0x604029e4        0x8 ./startup/startup_mimxrt1062.o
                0x604029e4                USB_PHY1_IRQHandler
 .text.USB_PHY2_IRQHandler
                0x604029ec        0x8 ./startup/startup_mimxrt1062.o
                0x604029ec                USB_PHY2_IRQHandler
 .text.ADC1_IRQHandler
                0x604029f4        0x8 ./startup/startup_mimxrt1062.o
                0x604029f4                ADC1_IRQHandler
 .text.ADC2_IRQHandler
                0x604029fc        0x8 ./startup/startup_mimxrt1062.o
                0x604029fc                ADC2_IRQHandler
 .text.DCDC_IRQHandler
                0x60402a04        0x8 ./startup/startup_mimxrt1062.o
                0x60402a04                DCDC_IRQHandler
 .text.Reserved86_IRQHandler
                0x60402a0c        0x8 ./startup/startup_mimxrt1062.o
                0x60402a0c                Reserved86_IRQHandler
 .text.GPIO10_Combined_0_31_IRQHandler
                0x60402a14        0x8 ./startup/startup_mimxrt1062.o
                0x60402a14                GPIO10_Combined_0_31_IRQHandler
 .text.GPIO1_INT0_IRQHandler
                0x60402a1c        0x8 ./startup/startup_mimxrt1062.o
                0x60402a1c                GPIO1_INT0_IRQHandler
 .text.GPIO1_INT1_IRQHandler
                0x60402a24        0x8 ./startup/startup_mimxrt1062.o
                0x60402a24                GPIO1_INT1_IRQHandler
 .text.GPIO1_INT2_IRQHandler
                0x60402a2c        0x8 ./startup/startup_mimxrt1062.o
                0x60402a2c                GPIO1_INT2_IRQHandler
 .text.GPIO1_INT3_IRQHandler
                0x60402a34        0x8 ./startup/startup_mimxrt1062.o
                0x60402a34                GPIO1_INT3_IRQHandler
 .text.GPIO1_INT4_IRQHandler
                0x60402a3c        0x8 ./startup/startup_mimxrt1062.o
                0x60402a3c                GPIO1_INT4_IRQHandler
 .text.GPIO1_INT5_IRQHandler
                0x60402a44        0x8 ./startup/startup_mimxrt1062.o
                0x60402a44                GPIO1_INT5_IRQHandler
 .text.GPIO1_INT6_IRQHandler
                0x60402a4c        0x8 ./startup/startup_mimxrt1062.o
                0x60402a4c                GPIO1_INT6_IRQHandler
 .text.GPIO1_INT7_IRQHandler
                0x60402a54        0x8 ./startup/startup_mimxrt1062.o
                0x60402a54                GPIO1_INT7_IRQHandler
 .text.GPIO1_Combined_0_15_IRQHandler
                0x60402a5c        0x8 ./startup/startup_mimxrt1062.o
                0x60402a5c                GPIO1_Combined_0_15_IRQHandler
 .text.GPIO1_Combined_16_31_IRQHandler
                0x60402a64        0x8 ./startup/startup_mimxrt1062.o
                0x60402a64                GPIO1_Combined_16_31_IRQHandler
 .text.GPIO2_Combined_0_15_IRQHandler
                0x60402a6c        0x8 ./startup/startup_mimxrt1062.o
                0x60402a6c                GPIO2_Combined_0_15_IRQHandler
 .text.GPIO2_Combined_16_31_IRQHandler
                0x60402a74        0x8 ./startup/startup_mimxrt1062.o
                0x60402a74                GPIO2_Combined_16_31_IRQHandler
 .text.GPIO3_Combined_0_15_IRQHandler
                0x60402a7c        0x8 ./startup/startup_mimxrt1062.o
                0x60402a7c                GPIO3_Combined_0_15_IRQHandler
 .text.GPIO3_Combined_16_31_IRQHandler
                0x60402a84        0x8 ./startup/startup_mimxrt1062.o
                0x60402a84                GPIO3_Combined_16_31_IRQHandler
 .text.GPIO4_Combined_0_15_IRQHandler
                0x60402a8c        0x8 ./startup/startup_mimxrt1062.o
                0x60402a8c                GPIO4_Combined_0_15_IRQHandler
 .text.GPIO4_Combined_16_31_IRQHandler
                0x60402a94        0x8 ./startup/startup_mimxrt1062.o
                0x60402a94                GPIO4_Combined_16_31_IRQHandler
 .text.GPIO5_Combined_0_15_IRQHandler
                0x60402a9c        0x8 ./startup/startup_mimxrt1062.o
                0x60402a9c                GPIO5_Combined_0_15_IRQHandler
 .text.GPIO5_Combined_16_31_IRQHandler
                0x60402aa4        0x8 ./startup/startup_mimxrt1062.o
                0x60402aa4                GPIO5_Combined_16_31_IRQHandler
 .text.FLEXIO1_IRQHandler
                0x60402aac        0x8 ./startup/startup_mimxrt1062.o
                0x60402aac                FLEXIO1_IRQHandler
 .text.FLEXIO2_IRQHandler
                0x60402ab4        0x8 ./startup/startup_mimxrt1062.o
                0x60402ab4                FLEXIO2_IRQHandler
 .text.WDOG1_IRQHandler
                0x60402abc        0x8 ./startup/startup_mimxrt1062.o
                0x60402abc                WDOG1_IRQHandler
 .text.RTWDOG_IRQHandler
                0x60402ac4        0x8 ./startup/startup_mimxrt1062.o
                0x60402ac4                RTWDOG_IRQHandler
 .text.EWM_IRQHandler
                0x60402acc        0x8 ./startup/startup_mimxrt1062.o
                0x60402acc                EWM_IRQHandler
 .text.CCM_1_IRQHandler
                0x60402ad4        0x8 ./startup/startup_mimxrt1062.o
                0x60402ad4                CCM_1_IRQHandler
 .text.CCM_2_IRQHandler
                0x60402adc        0x8 ./startup/startup_mimxrt1062.o
                0x60402adc                CCM_2_IRQHandler
 .text.GPC_IRQHandler
                0x60402ae4        0x8 ./startup/startup_mimxrt1062.o
                0x60402ae4                GPC_IRQHandler
 .text.SRC_IRQHandler
                0x60402aec        0x8 ./startup/startup_mimxrt1062.o
                0x60402aec                SRC_IRQHandler
 .text.Reserved115_IRQHandler
                0x60402af4        0x8 ./startup/startup_mimxrt1062.o
                0x60402af4                Reserved115_IRQHandler
 .text.GPT1_IRQHandler
                0x60402afc        0x8 ./startup/startup_mimxrt1062.o
                0x60402afc                GPT1_IRQHandler
 .text.GPT2_IRQHandler
                0x60402b04        0x8 ./startup/startup_mimxrt1062.o
                0x60402b04                GPT2_IRQHandler
 .text.PWM1_0_IRQHandler
                0x60402b0c        0x8 ./startup/startup_mimxrt1062.o
                0x60402b0c                PWM1_0_IRQHandler
 .text.PWM1_1_IRQHandler
                0x60402b14        0x8 ./startup/startup_mimxrt1062.o
                0x60402b14                PWM1_1_IRQHandler
 .text.PWM1_2_IRQHandler
                0x60402b1c        0x8 ./startup/startup_mimxrt1062.o
                0x60402b1c                PWM1_2_IRQHandler
 .text.PWM1_3_IRQHandler
                0x60402b24        0x8 ./startup/startup_mimxrt1062.o
                0x60402b24                PWM1_3_IRQHandler
 .text.PWM1_FAULT_IRQHandler
                0x60402b2c        0x8 ./startup/startup_mimxrt1062.o
                0x60402b2c                PWM1_FAULT_IRQHandler
 .text.FLEXSPI2_IRQHandler
                0x60402b34        0x8 ./startup/startup_mimxrt1062.o
                0x60402b34                FLEXSPI2_IRQHandler
 .text.FLEXSPI_IRQHandler
                0x60402b3c        0x8 ./startup/startup_mimxrt1062.o
                0x60402b3c                FLEXSPI_IRQHandler
 .text.SEMC_IRQHandler
                0x60402b44        0x8 ./startup/startup_mimxrt1062.o
                0x60402b44                SEMC_IRQHandler
 .text.USDHC1_IRQHandler
                0x60402b4c        0x8 ./startup/startup_mimxrt1062.o
                0x60402b4c                USDHC1_IRQHandler
 .text.USDHC2_IRQHandler
                0x60402b54        0x8 ./startup/startup_mimxrt1062.o
                0x60402b54                USDHC2_IRQHandler
 .text.USB_OTG2_IRQHandler
                0x60402b5c        0x8 ./startup/startup_mimxrt1062.o
                0x60402b5c                USB_OTG2_IRQHandler
 .text.USB_OTG1_IRQHandler
                0x60402b64        0x8 ./startup/startup_mimxrt1062.o
                0x60402b64                USB_OTG1_IRQHandler
 .text.ENET_IRQHandler
                0x60402b6c        0x8 ./startup/startup_mimxrt1062.o
                0x60402b6c                ENET_IRQHandler
 .text.ENET_1588_Timer_IRQHandler
                0x60402b74        0x8 ./startup/startup_mimxrt1062.o
                0x60402b74                ENET_1588_Timer_IRQHandler
 .text.XBAR1_IRQ_0_1_IRQHandler
                0x60402b7c        0x8 ./startup/startup_mimxrt1062.o
                0x60402b7c                XBAR1_IRQ_0_1_IRQHandler
 .text.XBAR1_IRQ_2_3_IRQHandler
                0x60402b84        0x8 ./startup/startup_mimxrt1062.o
                0x60402b84                XBAR1_IRQ_2_3_IRQHandler
 .text.ADC_ETC_IRQ0_IRQHandler
                0x60402b8c        0x8 ./startup/startup_mimxrt1062.o
                0x60402b8c                ADC_ETC_IRQ0_IRQHandler
 .text.ADC_ETC_IRQ1_IRQHandler
                0x60402b94        0x8 ./startup/startup_mimxrt1062.o
                0x60402b94                ADC_ETC_IRQ1_IRQHandler
 .text.ADC_ETC_IRQ2_IRQHandler
                0x60402b9c        0x8 ./startup/startup_mimxrt1062.o
                0x60402b9c                ADC_ETC_IRQ2_IRQHandler
 .text.ADC_ETC_ERROR_IRQ_IRQHandler
                0x60402ba4        0x8 ./startup/startup_mimxrt1062.o
                0x60402ba4                ADC_ETC_ERROR_IRQ_IRQHandler
 .text.PIT_IRQHandler
                0x60402bac        0x8 ./startup/startup_mimxrt1062.o
                0x60402bac                PIT_IRQHandler
 .text.ACMP1_IRQHandler
                0x60402bb4        0x8 ./startup/startup_mimxrt1062.o
                0x60402bb4                ACMP1_IRQHandler
 .text.ACMP2_IRQHandler
                0x60402bbc        0x8 ./startup/startup_mimxrt1062.o
                0x60402bbc                ACMP2_IRQHandler
 .text.ACMP3_IRQHandler
                0x60402bc4        0x8 ./startup/startup_mimxrt1062.o
                0x60402bc4                ACMP3_IRQHandler
 .text.ACMP4_IRQHandler
                0x60402bcc        0x8 ./startup/startup_mimxrt1062.o
                0x60402bcc                ACMP4_IRQHandler
 .text.Reserved143_IRQHandler
                0x60402bd4        0x8 ./startup/startup_mimxrt1062.o
                0x60402bd4                Reserved143_IRQHandler
 .text.Reserved144_IRQHandler
                0x60402bdc        0x8 ./startup/startup_mimxrt1062.o
                0x60402bdc                Reserved144_IRQHandler
 .text.ENC1_IRQHandler
                0x60402be4        0x8 ./startup/startup_mimxrt1062.o
                0x60402be4                ENC1_IRQHandler
 .text.ENC2_IRQHandler
                0x60402bec        0x8 ./startup/startup_mimxrt1062.o
                0x60402bec                ENC2_IRQHandler
 .text.ENC3_IRQHandler
                0x60402bf4        0x8 ./startup/startup_mimxrt1062.o
                0x60402bf4                ENC3_IRQHandler
 .text.ENC4_IRQHandler
                0x60402bfc        0x8 ./startup/startup_mimxrt1062.o
                0x60402bfc                ENC4_IRQHandler
 .text.TMR1_IRQHandler
                0x60402c04        0x8 ./startup/startup_mimxrt1062.o
                0x60402c04                TMR1_IRQHandler
 .text.TMR2_IRQHandler
                0x60402c0c        0x8 ./startup/startup_mimxrt1062.o
                0x60402c0c                TMR2_IRQHandler
 .text.TMR3_IRQHandler
                0x60402c14        0x8 ./startup/startup_mimxrt1062.o
                0x60402c14                TMR3_IRQHandler
 .text.TMR4_IRQHandler
                0x60402c1c        0x8 ./startup/startup_mimxrt1062.o
                0x60402c1c                TMR4_IRQHandler
 .text.PWM2_0_IRQHandler
                0x60402c24        0x8 ./startup/startup_mimxrt1062.o
                0x60402c24                PWM2_0_IRQHandler
 .text.PWM2_1_IRQHandler
                0x60402c2c        0x8 ./startup/startup_mimxrt1062.o
                0x60402c2c                PWM2_1_IRQHandler
 .text.PWM2_2_IRQHandler
                0x60402c34        0x8 ./startup/startup_mimxrt1062.o
                0x60402c34                PWM2_2_IRQHandler
 .text.PWM2_3_IRQHandler
                0x60402c3c        0x8 ./startup/startup_mimxrt1062.o
                0x60402c3c                PWM2_3_IRQHandler
 .text.PWM2_FAULT_IRQHandler
                0x60402c44        0x8 ./startup/startup_mimxrt1062.o
                0x60402c44                PWM2_FAULT_IRQHandler
 .text.PWM3_0_IRQHandler
                0x60402c4c        0x8 ./startup/startup_mimxrt1062.o
                0x60402c4c                PWM3_0_IRQHandler
 .text.PWM3_1_IRQHandler
                0x60402c54        0x8 ./startup/startup_mimxrt1062.o
                0x60402c54                PWM3_1_IRQHandler
 .text.PWM3_2_IRQHandler
                0x60402c5c        0x8 ./startup/startup_mimxrt1062.o
                0x60402c5c                PWM3_2_IRQHandler
 .text.PWM3_3_IRQHandler
                0x60402c64        0x8 ./startup/startup_mimxrt1062.o
                0x60402c64                PWM3_3_IRQHandler
 .text.PWM3_FAULT_IRQHandler
                0x60402c6c        0x8 ./startup/startup_mimxrt1062.o
                0x60402c6c                PWM3_FAULT_IRQHandler
 .text.PWM4_0_IRQHandler
                0x60402c74        0x8 ./startup/startup_mimxrt1062.o
                0x60402c74                PWM4_0_IRQHandler
 .text.PWM4_1_IRQHandler
                0x60402c7c        0x8 ./startup/startup_mimxrt1062.o
                0x60402c7c                PWM4_1_IRQHandler
 .text.PWM4_2_IRQHandler
                0x60402c84        0x8 ./startup/startup_mimxrt1062.o
                0x60402c84                PWM4_2_IRQHandler
 .text.PWM4_3_IRQHandler
                0x60402c8c        0x8 ./startup/startup_mimxrt1062.o
                0x60402c8c                PWM4_3_IRQHandler
 .text.PWM4_FAULT_IRQHandler
                0x60402c94        0x8 ./startup/startup_mimxrt1062.o
                0x60402c94                PWM4_FAULT_IRQHandler
 .text.ENET2_IRQHandler
                0x60402c9c        0x8 ./startup/startup_mimxrt1062.o
                0x60402c9c                ENET2_IRQHandler
 .text.ENET2_1588_Timer_IRQHandler
                0x60402ca4        0x8 ./startup/startup_mimxrt1062.o
                0x60402ca4                ENET2_1588_Timer_IRQHandler
 .text.CAN3_IRQHandler
                0x60402cac        0x8 ./startup/startup_mimxrt1062.o
                0x60402cac                CAN3_IRQHandler
 .text.Reserved171_IRQHandler
                0x60402cb4        0x8 ./startup/startup_mimxrt1062.o
                0x60402cb4                Reserved171_IRQHandler
 .text.FLEXIO3_IRQHandler
                0x60402cbc        0x8 ./startup/startup_mimxrt1062.o
                0x60402cbc                FLEXIO3_IRQHandler
 .text.GPIO6_7_8_9_IRQHandler
                0x60402cc4        0x8 ./startup/startup_mimxrt1062.o
                0x60402cc4                GPIO6_7_8_9_IRQHandler
 .text.HardFault_Handler
                0x60402ccc       0x36 ./source/semihost_hardfault.o
                0x60402ccc                HardFault_Handler
 .text._SDK_AtomicLocalClearAndSet4Byte
                0x60402d02       0x50 ./drivers/fsl_gpio.o
 .text.CLOCK_EnableClock
                0x60402d52       0x1e ./drivers/fsl_gpio.o
 .text.GPIO_SetPinInterruptConfig
                0x60402d70       0x22 ./drivers/fsl_gpio.o
 .text.SystemInitHook
                0x60402d92        0xe ./device/system_MIMXRT1062.o
                0x60402d92                SystemInitHook
 .text.SerialManager_StartWriting
                0x60402da0       0x38 ./component/serial_manager/fsl_component_serial_manager.o
 .text.SerialManager_Write
                0x60402dd8       0x44 ./component/serial_manager/fsl_component_serial_manager.o
 .text.SerialManager_WriteBlocking
                0x60402e1c       0x20 ./component/serial_manager/fsl_component_serial_manager.o
                0x60402e1c                SerialManager_WriteBlocking
 .text.Serial_UartWrite
                0x60402e3c       0x38 ./component/serial_manager/fsl_component_serial_port_uart.o
                0x60402e3c                Serial_UartWrite
 .text._SDK_AtomicLocalClearAndSet4Byte
                0x60402e74       0x50 ./board/clock_config.o
 .text.CLOCK_DisableClock
                0x60402ec4       0x1e ./board/clock_config.o
 .text.CLOCK_SetPllBypass
                0x60402ee2       0x4e ./board/clock_config.o
 .text.IOMUXC_SetSaiMClkClockSource
                0x60402f30       0x6c ./board/clock_config.o
 .text.BOARD_InitBootClocks
                0x60402f9c        0xc ./board/clock_config.o
                0x60402f9c                BOARD_InitBootClocks
 .text._SDK_AtomicLocalClearAndSet4Byte
                0x60402fa8       0x50 ./board/pin_mux.o
 .text.CLOCK_EnableClock
                0x60402ff8       0x1e ./board/pin_mux.o
 .text.IOMUXC_SetPinMux
                0x60403016       0x3a ./board/pin_mux.o
 .text.IOMUXC_SetPinConfig
                0x60403050       0x26 ./board/pin_mux.o
 .text.BOARD_InitBootPins
                0x60403076        0xc ./board/pin_mux.o
                0x60403076                BOARD_InitBootPins
 .text.__main   0x60403082        0xe c:/nxp/mcuxpressoide_11.8.0_1165/ide/plugins/com.nxp.mcuxpresso.tools.win32_11.8.0.202306131047/tools/bin/../lib/gcc/arm-none-eabi/12.2.1/../../../../arm-none-eabi/lib/thumb/v7e-m+dp/hard\libcr_nohost_nf.a(_cr__main.o)
                0x60403082                __main
 .text.memset   0x60403090        0x4 c:/nxp/mcuxpressoide_11.8.0_1165/ide/plugins/com.nxp.mcuxpresso.tools.win32_11.8.0.202306131047/tools/bin/../lib/gcc/arm-none-eabi/12.2.1/../../../../arm-none-eabi/lib/thumb/v7e-m+dp/hard\libcr_c.a(memset.o)
                0x60403090                memset
 .text.free     0x60403094       0x30 c:/nxp/mcuxpressoide_11.8.0_1165/ide/plugins/com.nxp.mcuxpresso.tools.win32_11.8.0.202306131047/tools/bin/../lib/gcc/arm-none-eabi/12.2.1/../../../../arm-none-eabi/lib/thumb/v7e-m+dp/hard\libcr_c.a(alloc.o)
                0x60403094                free
 .text.setvbuf  0x604030c4       0x3e c:/nxp/mcuxpressoide_11.8.0_1165/ide/plugins/com.nxp.mcuxpresso.tools.win32_11.8.0.202306131047/tools/bin/../lib/gcc/arm-none-eabi/12.2.1/../../../../arm-none-eabi/lib/thumb/v7e-m+dp/hard\libcr_c.a(setvbuf.o)
                0x604030c4                setvbuf
 .text.strlen   0x60403102       0x4e c:/nxp/mcuxpressoide_11.8.0_1165/ide/plugins/com.nxp.mcuxpresso.tools.win32_11.8.0.202306131047/tools/bin/../lib/gcc/arm-none-eabi/12.2.1/../../../../arm-none-eabi/lib/thumb/v7e-m+dp/hard\libcr_c.a(strlen.o)
                0x60403102                strlen
 .text._deferredlazyseek
                0x60403150       0x40 c:/nxp/mcuxpressoide_11.8.0_1165/ide/plugins/com.nxp.mcuxpresso.tools.win32_11.8.0.202306131047/tools/bin/../lib/gcc/arm-none-eabi/12.2.1/../../../../arm-none-eabi/lib/thumb/v7e-m+dp/hard\libcr_c.a(_deferredlazyseek.o)
                0x60403150                _deferredlazyseek
 .text._fdopen  0x60403190       0x68 c:/nxp/mcuxpressoide_11.8.0_1165/ide/plugins/com.nxp.mcuxpresso.tools.win32_11.8.0.202306131047/tools/bin/../lib/gcc/arm-none-eabi/12.2.1/../../../../arm-none-eabi/lib/thumb/v7e-m+dp/hard\libcr_c.a(_fdopen.o)
                0x60403190                _fdopen
 .text._fflush  0x604031f8       0x52 c:/nxp/mcuxpressoide_11.8.0_1165/ide/plugins/com.nxp.mcuxpresso.tools.win32_11.8.0.202306131047/tools/bin/../lib/gcc/arm-none-eabi/12.2.1/../../../../arm-none-eabi/lib/thumb/v7e-m+dp/hard\libcr_c.a(_fflush.o)
                0x604031f8                _fflush
 .text.fclose   0x6040324a       0x58 c:/nxp/mcuxpressoide_11.8.0_1165/ide/plugins/com.nxp.mcuxpresso.tools.win32_11.8.0.202306131047/tools/bin/../lib/gcc/arm-none-eabi/12.2.1/../../../../arm-none-eabi/lib/thumb/v7e-m+dp/hard\libcr_c.a(fclose.o)
                0x6040324a                fclose
 .text.remove   0x604032a2       0x14 c:/nxp/mcuxpressoide_11.8.0_1165/ide/plugins/com.nxp.mcuxpresso.tools.win32_11.8.0.202306131047/tools/bin/../lib/gcc/arm-none-eabi/12.2.1/../../../../arm-none-eabi/lib/thumb/v7e-m+dp/hard\libcr_c.a(remove.o)
                0x604032a2                remove
 .text._do_fflush
                0x604032b6       0x40 c:/nxp/mcuxpressoide_11.8.0_1165/ide/plugins/com.nxp.mcuxpresso.tools.win32_11.8.0.202306131047/tools/bin/../lib/gcc/arm-none-eabi/12.2.1/../../../../arm-none-eabi/lib/thumb/v7e-m+dp/hard\libcr_c.a(_do_fflush.o)
                0x604032b6                _do_fflush
 .text.__aeabi_division_uldivmod
                0x604032f6      0x174 c:/nxp/mcuxpressoide_11.8.0_1165/ide/plugins/com.nxp.mcuxpresso.tools.win32_11.8.0.202306131047/tools/bin/../lib/gcc/arm-none-eabi/12.2.1/thumb/v7e-m+dp/hard\libcr_eabihelpers.a(division_64.o)
                0x604032f6                __aeabi_uldivmod
                0x604032fa                __bhs_ldivmod1
 .text.__aeabi_division_idiv0
                0x6040346a        0x2 c:/nxp/mcuxpressoide_11.8.0_1165/ide/plugins/com.nxp.mcuxpresso.tools.win32_11.8.0.202306131047/tools/bin/../lib/gcc/arm-none-eabi/12.2.1/thumb/v7e-m+dp/hard\libcr_eabihelpers.a(division_idiv0.o)
                0x6040346a                __aeabi_idiv0
 .text.__aeabi_memset_lowlevel
                0x6040346c       0x32 c:/nxp/mcuxpressoide_11.8.0_1165/ide/plugins/com.nxp.mcuxpresso.tools.win32_11.8.0.202306131047/tools/bin/../lib/gcc/arm-none-eabi/12.2.1/thumb/v7e-m+dp/hard\libcr_eabihelpers.a(memcpy.o)
                0x6040346c                __aeabi_lowlevel_memset
 .text.__sys_close
                0x6040349e        0x6 c:/nxp/mcuxpressoide_11.8.0_1165/ide/plugins/com.nxp.mcuxpresso.tools.win32_11.8.0.202306131047/tools/bin/../lib/gcc/arm-none-eabi/12.2.1/../../../../arm-none-eabi/lib/thumb/v7e-m+dp/hard\libcr_nohost_nf.a(__sys_close.o)
                0x6040349e                __sys_close
 .text.__sys_flen
                0x604034a4        0x6 c:/nxp/mcuxpressoide_11.8.0_1165/ide/plugins/com.nxp.mcuxpresso.tools.win32_11.8.0.202306131047/tools/bin/../lib/gcc/arm-none-eabi/12.2.1/../../../../arm-none-eabi/lib/thumb/v7e-m+dp/hard\libcr_nohost_nf.a(__sys_flen.o)
                0x604034a4                __sys_flen
 .text.__sys_istty
                0x604034aa        0x6 c:/nxp/mcuxpressoide_11.8.0_1165/ide/plugins/com.nxp.mcuxpresso.tools.win32_11.8.0.202306131047/tools/bin/../lib/gcc/arm-none-eabi/12.2.1/../../../../arm-none-eabi/lib/thumb/v7e-m+dp/hard\libcr_nohost_nf.a(__sys_istty.o)
                0x604034aa                __sys_istty
 .text.__sys_remove
                0x604034b0        0x6 c:/nxp/mcuxpressoide_11.8.0_1165/ide/plugins/com.nxp.mcuxpresso.tools.win32_11.8.0.202306131047/tools/bin/../lib/gcc/arm-none-eabi/12.2.1/../../../../arm-none-eabi/lib/thumb/v7e-m+dp/hard\libcr_nohost_nf.a(__sys_remove.o)
                0x604034b0                __sys_remove
 .text.__sys_seek
                0x604034b6        0x6 c:/nxp/mcuxpressoide_11.8.0_1165/ide/plugins/com.nxp.mcuxpresso.tools.win32_11.8.0.202306131047/tools/bin/../lib/gcc/arm-none-eabi/12.2.1/../../../../arm-none-eabi/lib/thumb/v7e-m+dp/hard\libcr_nohost_nf.a(__sys_seek.o)
                0x604034b6                __sys_seek
 .text.__sys_tmpnam
                0x604034bc        0x6 c:/nxp/mcuxpressoide_11.8.0_1165/ide/plugins/com.nxp.mcuxpresso.tools.win32_11.8.0.202306131047/tools/bin/../lib/gcc/arm-none-eabi/12.2.1/../../../../arm-none-eabi/lib/thumb/v7e-m+dp/hard\libcr_nohost_nf.a(__sys_tmpnam.o)
                0x604034bc                __sys_tmpnam
 .text.__sys_write
                0x604034c2        0x4 c:/nxp/mcuxpressoide_11.8.0_1165/ide/plugins/com.nxp.mcuxpresso.tools.win32_11.8.0.202306131047/tools/bin/../lib/gcc/arm-none-eabi/12.2.1/../../../../arm-none-eabi/lib/thumb/v7e-m+dp/hard\libcr_nohost_nf.a(__sys_write.o)
                0x604034c2                __sys_write
 *(SORT_BY_ALIGNMENT(.rodata) SORT_BY_ALIGNMENT(.rodata.*) SORT_BY_ALIGNMENT(.constdata) SORT_BY_ALIGNMENT(.constdata.*))
 *fill*         0x604034c6        0x2 ff
 .rodata.__assertion_failed.str1.4
                0x604034c8       0x14 ./utilities/fsl_assert.o
 .rodata.CLOCK_InitExternalClk.str1.4
                0x604034dc       0x21 ./drivers/fsl_clock.o
 *fill*         0x604034fd        0x3 ff
 .rodata.CLOCK_ControlGate.str1.4
                0x60403500       0x20 ./drivers/fsl_gpio.o
 .rodata.s_gpioBases
                0x60403520       0x2c ./drivers/fsl_gpio.o
 .rodata.s_gpioClock
                0x6040354c        0xc ./drivers/fsl_gpio.o
 .rodata.GPIO_GetInstance.str1.4
                0x60403558       0x33 ./drivers/fsl_gpio.o
 *fill*         0x6040358b        0x1 ff
 .rodata.GPIO_PinWrite.str1.4
                0x6040358c       0x1b ./drivers/fsl_gpio.o
 *fill*         0x604035a7        0x1 ff
 .rodata.LPUART_WriteBlocking.str1.4
                0x604035a8       0x21 ./drivers/fsl_lpuart.o
 *fill*         0x604035c9        0x3 ff
 .rodata.s_LpuartAdapterBase
                0x604035cc       0x24 ./component/uart/fsl_adapter_lpuart.o
 .rodata.HAL_UartSendBlocking.str1.4
                0x604035f0       0x7b ./component/uart/fsl_adapter_lpuart.o
 *fill*         0x6040366b        0x1 ff
 .rodata.BOARD_ConfigMPU.str1.4
                0x6040366c       0x69 ./board/board.o
 *fill*         0x604036d5        0x3 ff
 .rodata.CLOCK_SetMux.str1.4
                0x604036d8       0x94 ./board/clock_config.o
 .rodata.CLOCK_SetDiv.str1.4
                0x6040376c       0x94 ./board/clock_config.o
 .rodata.CLOCK_ControlGate.str1.4
                0x60403800       0x83 ./board/clock_config.o
 *fill*         0x60403883        0x1 ff
 .rodata.armPllConfig_BOARD_BootClockRUN
                0x60403884        0x8 ./board/clock_config.o
                0x60403884                armPllConfig_BOARD_BootClockRUN
 .rodata.sysPllConfig_BOARD_BootClockRUN
                0x6040388c       0x14 ./board/clock_config.o
                0x6040388c                sysPllConfig_BOARD_BootClockRUN
 .rodata.CLOCK_ControlGate.str1.4
                0x604038a0       0x83 ./board/pin_mux.o
 .rodata.__num_Ciob_streams
                0x604038a0        0x4 c:/nxp/mcuxpressoide_11.8.0_1165/ide/plugins/com.nxp.mcuxpresso.tools.win32_11.8.0.202306131047/tools/bin/../lib/gcc/arm-none-eabi/12.2.1/../../../../arm-none-eabi/lib/thumb/v7e-m+dp/hard\libcr_nohost_nf.a(__ciob.o)
                0x604038a0                __num_Ciob_streams
 .rodata._initio.str1.1
                0x604038a4        0x4 c:/nxp/mcuxpressoide_11.8.0_1165/ide/plugins/com.nxp.mcuxpresso.tools.win32_11.8.0.202306131047/tools/bin/../lib/gcc/arm-none-eabi/12.2.1/../../../../arm-none-eabi/lib/thumb/v7e-m+dp/hard\libcr_c.a(initio.o)
                0x60403924                . = ALIGN (0x4)

.glue_7         0x604038a8        0x0
 .glue_7        0x604038a8        0x0 linker stubs

.glue_7t        0x604038a8        0x0
 .glue_7t       0x604038a8        0x0 linker stubs

.vfp11_veneer   0x604038a8        0x0
 .vfp11_veneer  0x604038a8        0x0 linker stubs

.v4_bx          0x604038a8        0x0
 .v4_bx         0x604038a8        0x0 linker stubs

.iplt           0x604038a8        0x0
 .iplt          0x604038a8        0x0 ./utilities/fsl_assert.o

.rel.dyn        0x604038a8        0x0
 .rel.iplt      0x604038a8        0x0 ./utilities/fsl_assert.o

.ARM.extab
 *(SORT_BY_ALIGNMENT(.ARM.extab*) SORT_BY_ALIGNMENT(.gnu.linkonce.armextab.*))

.ARM.exidx      0x604038a8        0x0
                0x604038a8                __exidx_start = .
 *(SORT_BY_ALIGNMENT(.ARM.exidx*) SORT_BY_ALIGNMENT(.gnu.linkonce.armexidx.*))
                0x604038a8                __exidx_end = .
                0x604038a8                _etext = .

.data_RAM2      0x00000000        0x0 load address 0x604038a8
 FILL mask 0xff
                [!provide]                PROVIDE (__start_data_RAM2 = .)
                [!provide]                PROVIDE (__start_data_SRAM_ITC = .)
 *(SORT_BY_ALIGNMENT(.ramfunc.$RAM2))
 *(SORT_BY_ALIGNMENT(.ramfunc.$SRAM_ITC))
 *(SORT_BY_ALIGNMENT(.data.$RAM2))
 *(SORT_BY_ALIGNMENT(.data.$SRAM_ITC))
 *(SORT_BY_ALIGNMENT(.data.$RAM2.*))
 *(SORT_BY_ALIGNMENT(.data.$SRAM_ITC.*))
                0x00000000                . = ALIGN (0x4)
                [!provide]                PROVIDE (__end_data_RAM2 = .)
                [!provide]                PROVIDE (__end_data_SRAM_ITC = .)

.data_RAM3      0x20200000        0x0 load address 0x604038a8
 FILL mask 0xff
                [!provide]                PROVIDE (__start_data_RAM3 = .)
                [!provide]                PROVIDE (__start_data_SRAM_OC = .)
 *(SORT_BY_ALIGNMENT(.ramfunc.$RAM3))
 *(SORT_BY_ALIGNMENT(.ramfunc.$SRAM_OC))
 *(SORT_BY_ALIGNMENT(.data.$RAM3))
 *(SORT_BY_ALIGNMENT(.data.$SRAM_OC))
 *(SORT_BY_ALIGNMENT(.data.$RAM3.*))
 *(SORT_BY_ALIGNMENT(.data.$SRAM_OC.*))
                0x20200000                . = ALIGN (0x4)
                [!provide]                PROVIDE (__end_data_RAM3 = .)
                [!provide]                PROVIDE (__end_data_SRAM_OC = .)

.data_RAM4      0x80000000        0x0 load address 0x604038a8
 FILL mask 0xff
                [!provide]                PROVIDE (__start_data_RAM4 = .)
                [!provide]                PROVIDE (__start_data_BOARD_SDRAM = .)
 *(SORT_BY_ALIGNMENT(.ramfunc.$RAM4))
 *(SORT_BY_ALIGNMENT(.ramfunc.$BOARD_SDRAM))
 *(SORT_BY_ALIGNMENT(.data.$RAM4))
 *(SORT_BY_ALIGNMENT(.data.$BOARD_SDRAM))
 *(SORT_BY_ALIGNMENT(.data.$RAM4.*))
 *(SORT_BY_ALIGNMENT(.data.$BOARD_SDRAM.*))
                0x80000000                . = ALIGN (0x4)
                [!provide]                PROVIDE (__end_data_RAM4 = .)
                [!provide]                PROVIDE (__end_data_BOARD_SDRAM = .)

.data_RAM5      0x81e00000        0x0 load address 0x604038a8
 FILL mask 0xff
                [!provide]                PROVIDE (__start_data_RAM5 = .)
                [!provide]                PROVIDE (__start_data_NCACHE_REGION = .)
 *(SORT_BY_ALIGNMENT(.ramfunc.$RAM5))
 *(SORT_BY_ALIGNMENT(.ramfunc.$NCACHE_REGION))
 *(SORT_BY_ALIGNMENT(.data.$RAM5))
 *(SORT_BY_ALIGNMENT(.data.$NCACHE_REGION))
 *(SORT_BY_ALIGNMENT(.data.$RAM5.*))
 *(SORT_BY_ALIGNMENT(.data.$NCACHE_REGION.*))
                0x81e00000                . = ALIGN (0x4)
                [!provide]                PROVIDE (__end_data_RAM5 = .)
                [!provide]                PROVIDE (__end_data_NCACHE_REGION = .)

.uninit_RESERVED
                0x20000000        0x0
                0x20000000                _start_uninit_RESERVED = .
 *(SORT_BY_ALIGNMENT(.bss.$RESERVED*))
                0x20000000                . = ALIGN (0x4)
                0x20000000                _end_uninit_RESERVED = .

.data           0x20000000        0x4 load address 0x604038a8
 FILL mask 0xff
                0x20000000                _data = .
                [!provide]                PROVIDE (__start_data_RAM = .)
                [!provide]                PROVIDE (__start_data_SRAM_DTC = .)
 *(SORT_BY_ALIGNMENT(vtable))
 *(SORT_BY_ALIGNMENT(.ramfunc*))
 *(SORT_BY_ALIGNMENT(CodeQuickAccess))
 *(SORT_BY_ALIGNMENT(DataQuickAccess))
 *(SORT_BY_ALIGNMENT(RamFunction))
 *(SORT_BY_ALIGNMENT(NonCacheable.init))
 *(SORT_BY_ALIGNMENT(.data*))
 .data.SystemCoreClock
                0x20000000        0x4 ./device/system_MIMXRT1062.o
                0x20000000                SystemCoreClock
                0x20000004                . = ALIGN (0x4)
                0x20000004                _edata = .
                [!provide]                PROVIDE (__end_data_RAM = .)
                [!provide]                PROVIDE (__end_data_SRAM_DTC = .)

.igot.plt       0x20000004        0x0 load address 0x604038ac
 .igot.plt      0x20000004        0x0 ./utilities/fsl_assert.o

.bss_RAM2       0x00000000        0x0
                [!provide]                PROVIDE (__start_bss_RAM2 = .)
                [!provide]                PROVIDE (__start_bss_SRAM_ITC = .)
 *(SORT_BY_ALIGNMENT(.bss.$RAM2))
 *(SORT_BY_ALIGNMENT(.bss.$SRAM_ITC))
 *(SORT_BY_ALIGNMENT(.bss.$RAM2.*))
 *(SORT_BY_ALIGNMENT(.bss.$SRAM_ITC.*))
                0x00000000                . = ALIGN ((. != 0x0)?0x4:0x1)
                [!provide]                PROVIDE (__end_bss_RAM2 = .)
                [!provide]                PROVIDE (__end_bss_SRAM_ITC = .)

.bss_RAM3       0x20200000        0x0
                [!provide]                PROVIDE (__start_bss_RAM3 = .)
                [!provide]                PROVIDE (__start_bss_SRAM_OC = .)
 *(SORT_BY_ALIGNMENT(.bss.$RAM3))
 *(SORT_BY_ALIGNMENT(.bss.$SRAM_OC))
 *(SORT_BY_ALIGNMENT(.bss.$RAM3.*))
 *(SORT_BY_ALIGNMENT(.bss.$SRAM_OC.*))
                0x20200000                . = ALIGN ((. != 0x0)?0x4:0x1)
                [!provide]                PROVIDE (__end_bss_RAM3 = .)
                [!provide]                PROVIDE (__end_bss_SRAM_OC = .)

.bss_RAM4       0x80000000        0x0
                [!provide]                PROVIDE (__start_bss_RAM4 = .)
                [!provide]                PROVIDE (__start_bss_BOARD_SDRAM = .)
 *(SORT_BY_ALIGNMENT(.bss.$RAM4))
 *(SORT_BY_ALIGNMENT(.bss.$BOARD_SDRAM))
 *(SORT_BY_ALIGNMENT(.bss.$RAM4.*))
 *(SORT_BY_ALIGNMENT(.bss.$BOARD_SDRAM.*))
                0x80000000                . = ALIGN ((. != 0x0)?0x4:0x1)
                [!provide]                PROVIDE (__end_bss_RAM4 = .)
                [!provide]                PROVIDE (__end_bss_BOARD_SDRAM = .)

.bss_RAM5       0x81e00000        0x0
                [!provide]                PROVIDE (__start_bss_RAM5 = .)
                [!provide]                PROVIDE (__start_bss_NCACHE_REGION = .)
 *(SORT_BY_ALIGNMENT(.bss.$RAM5))
 *(SORT_BY_ALIGNMENT(.bss.$NCACHE_REGION))
 *(SORT_BY_ALIGNMENT(.bss.$RAM5.*))
 *(SORT_BY_ALIGNMENT(.bss.$NCACHE_REGION.*))
                0x81e00000                . = ALIGN ((. != 0x0)?0x4:0x1)
                [!provide]                PROVIDE (__end_bss_RAM5 = .)
                [!provide]                PROVIDE (__end_bss_NCACHE_REGION = .)

.bss            0x20000004      0x134
                0x20000004                _bss = .
                [!provide]                PROVIDE (__start_bss_RAM = .)
                [!provide]                PROVIDE (__start_bss_SRAM_DTC = .)
 *(SORT_BY_ALIGNMENT(NonCacheable))
 *(SORT_BY_ALIGNMENT(.bss*))
 .bss.s_debugConsoleState
                0x20000004       0x20 ./utilities/fsl_debug_console.o
 .bss.g_serialHandle
                0x20000024        0x4 ./utilities/fsl_debug_console.o
                0x20000024                g_serialHandle
 .bss.g_systickCounter
                0x20000028        0x4 ./source/led_blinky.o
                0x20000028                g_systickCounter
 .bss.g_xtalFreq
                0x2000002c        0x4 ./drivers/fsl_clock.o
                0x2000002c                g_xtalFreq
 .bss.g_rtcXtalFreq
                0x20000030        0x4 ./drivers/fsl_clock.o
                0x20000030                g_rtcXtalFreq
 .bss.s_lpuartHandle
                0x20000034       0x24 ./drivers/fsl_lpuart.o
                0x20000034                s_lpuartHandle
 .bss.s_lpuartIsr
                0x20000058       0x24 ./drivers/fsl_lpuart.o
                0x20000058                s_lpuartIsr
 .bss.errno     0x2000007c        0x4 c:/nxp/mcuxpressoide_11.8.0_1165/ide/plugins/com.nxp.mcuxpresso.tools.win32_11.8.0.202306131047/tools/bin/../lib/gcc/arm-none-eabi/12.2.1/../../../../arm-none-eabi/lib/thumb/v7e-m+dp/hard\libcr_c.a(errno.o)
                0x2000007c                errno
 .bss.__Ciob    0x20000080       0xb4 c:/nxp/mcuxpressoide_11.8.0_1165/ide/plugins/com.nxp.mcuxpresso.tools.win32_11.8.0.202306131047/tools/bin/../lib/gcc/arm-none-eabi/12.2.1/../../../../arm-none-eabi/lib/thumb/v7e-m+dp/hard\libcr_nohost_nf.a(__ciob.o)
                0x20000080                __Ciob
 .bss.g_pinSet  0x20000134        0x1 ./source/led_blinky.o
                0x20000134                g_pinSet
 *(SORT_BY_ALIGNMENT(COMMON))
                0x20000138                . = ALIGN (0x4)
 *fill*         0x20000135        0x3 
                0x20000138                _ebss = .
                [!provide]                PROVIDE (__end_bss_RAM = .)
                [!provide]                PROVIDE (__end_bss_SRAM_DTC = .)
                [!provide]                PROVIDE (end = .)

.noinit_RAM2    0x00000000        0x0
                [!provide]                PROVIDE (__start_noinit_RAM2 = .)
                [!provide]                PROVIDE (__start_noinit_SRAM_ITC = .)
 *(SORT_BY_ALIGNMENT(.noinit.$RAM2))
 *(SORT_BY_ALIGNMENT(.noinit.$SRAM_ITC))
 *(SORT_BY_ALIGNMENT(.noinit.$RAM2.*))
 *(SORT_BY_ALIGNMENT(.noinit.$SRAM_ITC.*))
                0x00000000                . = ALIGN (0x4)
                [!provide]                PROVIDE (__end_noinit_RAM2 = .)
                [!provide]                PROVIDE (__end_noinit_SRAM_ITC = .)

.noinit_RAM3    0x20200000        0x0
                [!provide]                PROVIDE (__start_noinit_RAM3 = .)
                [!provide]                PROVIDE (__start_noinit_SRAM_OC = .)
 *(SORT_BY_ALIGNMENT(.noinit.$RAM3))
 *(SORT_BY_ALIGNMENT(.noinit.$SRAM_OC))
 *(SORT_BY_ALIGNMENT(.noinit.$RAM3.*))
 *(SORT_BY_ALIGNMENT(.noinit.$SRAM_OC.*))
                0x20200000                . = ALIGN (0x4)
                [!provide]                PROVIDE (__end_noinit_RAM3 = .)
                [!provide]                PROVIDE (__end_noinit_SRAM_OC = .)

.noinit_RAM4    0x80000000        0x0
                [!provide]                PROVIDE (__start_noinit_RAM4 = .)
                [!provide]                PROVIDE (__start_noinit_BOARD_SDRAM = .)
 *(SORT_BY_ALIGNMENT(.noinit.$RAM4))
 *(SORT_BY_ALIGNMENT(.noinit.$BOARD_SDRAM))
 *(SORT_BY_ALIGNMENT(.noinit.$RAM4.*))
 *(SORT_BY_ALIGNMENT(.noinit.$BOARD_SDRAM.*))
                0x80000000                . = ALIGN (0x4)
                [!provide]                PROVIDE (__end_noinit_RAM4 = .)
                [!provide]                PROVIDE (__end_noinit_BOARD_SDRAM = .)

.noinit_RAM5    0x81e00000        0x0
                [!provide]                PROVIDE (__start_noinit_RAM5 = .)
                [!provide]                PROVIDE (__start_noinit_NCACHE_REGION = .)
 *(SORT_BY_ALIGNMENT(.noinit.$RAM5))
 *(SORT_BY_ALIGNMENT(.noinit.$NCACHE_REGION))
 *(SORT_BY_ALIGNMENT(.noinit.$RAM5.*))
 *(SORT_BY_ALIGNMENT(.noinit.$NCACHE_REGION.*))
                0x81e00000                . = ALIGN (0x4)
                [!provide]                PROVIDE (__end_noinit_RAM5 = .)
                [!provide]                PROVIDE (__end_noinit_NCACHE_REGION = .)

.noinit         0x20000138        0x0
                0x20000138                _noinit = .
                [!provide]                PROVIDE (__start_noinit_RAM = .)
                [!provide]                PROVIDE (__start_noinit_SRAM_DTC = .)
 *(SORT_BY_ALIGNMENT(.noinit*))
                0x20000138                . = ALIGN (0x4)
                0x20000138                _end_noinit = .
                [!provide]                PROVIDE (__end_noinit_RAM = .)
                [!provide]                PROVIDE (__end_noinit_SRAM_DTC = .)
                0x00001000                _HeapSize = 0x1000

.heap           0x20000138     0x1000
                0x20000138                _pvHeapStart = .
                0x20001138                . = (. + _HeapSize)
 *fill*         0x20000138     0x1000 
                0x20001138                . = ALIGN (0x4)
                0x20001138                _pvHeapLimit = .
                0x00001000                _StackSize = 0x1000

.heap2stackfill
                0x20001138     0x1000
                0x20002138                . = (. + _StackSize)
 *fill*         0x20001138     0x1000 

.stack          0x2001f000        0x0
                0x2001f000                _vStackBase = .
                0x2001f000                . = ALIGN (0x4)
                0x20020000                _vStackTop = (. + _StackSize)
                0x60400000                _image_start = LOADADDR (.text)
                0x604038ac                _image_end = (LOADADDR (.data) + SIZEOF (.data))
                0x000038ac                _image_size = (_image_end - _image_start)
OUTPUT(evkbmimxrt1060_iled_blinky.axf elf32-littlearm)
LOAD linker stubs

.debug_info     0x00000000     0xf723
 .debug_info    0x00000000       0xcb ./utilities/fsl_assert.o
 .debug_info    0x000000cb      0xda7 ./utilities/fsl_debug_console.o
 .debug_info    0x00000e72       0x25 ./utilities/fsl_memcpy.o
 .debug_info    0x00000e97      0xaed ./utilities/fsl_str.o
 .debug_info    0x00001984     0x1402 ./startup/startup_mimxrt1062.o
 .debug_info    0x00002d86      0xe5e ./source/led_blinky.o
 .debug_info    0x00003be4       0x3d ./source/semihost_hardfault.o
 .debug_info    0x00003c21     0x240c ./drivers/fsl_clock.o
 .debug_info    0x0000602d      0xdd0 ./drivers/fsl_gpio.o
 .debug_info    0x00006dfd     0x27f3 ./drivers/fsl_lpuart.o
 .debug_info    0x000095f0      0xc28 ./device/system_MIMXRT1062.o
 .debug_info    0x0000a218      0xb96 ./component/uart/fsl_adapter_lpuart.o
 .debug_info    0x0000adae      0xd49 ./component/serial_manager/fsl_component_serial_manager.o
 .debug_info    0x0000baf7      0x518 ./component/serial_manager/fsl_component_serial_port_uart.o
 .debug_info    0x0000c00f     0x1009 ./board/board.o
 .debug_info    0x0000d018     0x1ad1 ./board/clock_config.o
 .debug_info    0x0000eae9      0xc3a ./board/pin_mux.o

.debug_abbrev   0x00000000     0x249c
 .debug_abbrev  0x00000000       0x8f ./utilities/fsl_assert.o
 .debug_abbrev  0x0000008f      0x27a ./utilities/fsl_debug_console.o
 .debug_abbrev  0x00000309       0x14 ./utilities/fsl_memcpy.o
 .debug_abbrev  0x0000031d      0x276 ./utilities/fsl_str.o
 .debug_abbrev  0x00000593      0x149 ./startup/startup_mimxrt1062.o
 .debug_abbrev  0x000006dc      0x206 ./source/led_blinky.o
 .debug_abbrev  0x000008e2       0x2f ./source/semihost_hardfault.o
 .debug_abbrev  0x00000911      0x376 ./drivers/fsl_clock.o
 .debug_abbrev  0x00000c87      0x2ce ./drivers/fsl_gpio.o
 .debug_abbrev  0x00000f55      0x4a1 ./drivers/fsl_lpuart.o
 .debug_abbrev  0x000013f6      0x178 ./device/system_MIMXRT1062.o
 .debug_abbrev  0x0000156e      0x1ee ./component/uart/fsl_adapter_lpuart.o
 .debug_abbrev  0x0000175c      0x2c5 ./component/serial_manager/fsl_component_serial_manager.o
 .debug_abbrev  0x00001a21      0x196 ./component/serial_manager/fsl_component_serial_port_uart.o
 .debug_abbrev  0x00001bb7      0x302 ./board/board.o
 .debug_abbrev  0x00001eb9      0x33b ./board/clock_config.o
 .debug_abbrev  0x000021f4      0x2a8 ./board/pin_mux.o

.debug_aranges  0x00000000      0xdb8
 .debug_aranges
                0x00000000       0x20 ./utilities/fsl_assert.o
 .debug_aranges
                0x00000020       0xa8 ./utilities/fsl_debug_console.o
 .debug_aranges
                0x000000c8       0x20 ./utilities/fsl_memcpy.o
 .debug_aranges
                0x000000e8       0xb8 ./utilities/fsl_str.o
 .debug_aranges
                0x000001a0      0x570 ./startup/startup_mimxrt1062.o
 .debug_aranges
                0x00000710       0x40 ./source/led_blinky.o
 .debug_aranges
                0x00000750       0x20 ./source/semihost_hardfault.o
 .debug_aranges
                0x00000770      0x1b0 ./drivers/fsl_clock.o
 .debug_aranges
                0x00000920       0x58 ./drivers/fsl_gpio.o
 .debug_aranges
                0x00000978      0x1a8 ./drivers/fsl_lpuart.o
 .debug_aranges
                0x00000b20       0x30 ./device/system_MIMXRT1062.o
 .debug_aranges
                0x00000b50       0x58 ./component/uart/fsl_adapter_lpuart.o
 .debug_aranges
                0x00000ba8       0xa0 ./component/serial_manager/fsl_component_serial_manager.o
 .debug_aranges
                0x00000c48       0x48 ./component/serial_manager/fsl_component_serial_port_uart.o
 .debug_aranges
                0x00000c90       0x58 ./board/board.o
 .debug_aranges
                0x00000ce8       0x80 ./board/clock_config.o
 .debug_aranges
                0x00000d68       0x50 ./board/pin_mux.o

.debug_rnglists
                0x00000000      0xa2d
 .debug_rnglists
                0x00000000       0x13 ./utilities/fsl_assert.o
 .debug_rnglists
                0x00000013       0x7c ./utilities/fsl_debug_console.o
 .debug_rnglists
                0x0000008f       0xa6 ./utilities/fsl_str.o
 .debug_rnglists
                0x00000135      0x40f ./startup/startup_mimxrt1062.o
 .debug_rnglists
                0x00000544       0x2b ./source/led_blinky.o
 .debug_rnglists
                0x0000056f       0x13 ./source/semihost_hardfault.o
 .debug_rnglists
                0x00000582      0x14c ./drivers/fsl_clock.o
 .debug_rnglists
                0x000006ce       0x3f ./drivers/fsl_gpio.o
 .debug_rnglists
                0x0000070d      0x147 ./drivers/fsl_lpuart.o
 .debug_rnglists
                0x00000854       0x21 ./device/system_MIMXRT1062.o
 .debug_rnglists
                0x00000875       0x3f ./component/uart/fsl_adapter_lpuart.o
 .debug_rnglists
                0x000008b4       0x73 ./component/serial_manager/fsl_component_serial_manager.o
 .debug_rnglists
                0x00000927       0x31 ./component/serial_manager/fsl_component_serial_port_uart.o
 .debug_rnglists
                0x00000958       0x3e ./board/board.o
 .debug_rnglists
                0x00000996       0x5f ./board/clock_config.o
 .debug_rnglists
                0x000009f5       0x38 ./board/pin_mux.o

.debug_macro    0x00000000     0x3981
 .debug_macro   0x00000000      0x16b ./utilities/fsl_assert.o
 .debug_macro   0x0000016b       0x1c ./utilities/fsl_assert.o
 .debug_macro   0x00000187       0x7a ./utilities/fsl_assert.o
 .debug_macro   0x00000201       0x47 ./utilities/fsl_assert.o
 .debug_macro   0x00000248       0x16 ./utilities/fsl_assert.o
 .debug_macro   0x0000025e       0x6d ./utilities/fsl_assert.o
 .debug_macro   0x000002cb       0x16 ./utilities/fsl_assert.o
 .debug_macro   0x000002e1       0x1c ./utilities/fsl_assert.o
 .debug_macro   0x000002fd       0x1c ./utilities/fsl_assert.o
 .debug_macro   0x00000319      0x1e2 ./utilities/fsl_debug_console.o
 .debug_macro   0x000004fb       0x16 ./utilities/fsl_debug_console.o
 .debug_macro   0x00000511       0x10 ./utilities/fsl_debug_console.o
 .debug_macro   0x00000521       0x28 ./utilities/fsl_debug_console.o
 .debug_macro   0x00000549       0x3c ./utilities/fsl_debug_console.o
 .debug_macro   0x00000585       0x1c ./utilities/fsl_debug_console.o
 .debug_macro   0x000005a1       0x1c ./utilities/fsl_debug_console.o
 .debug_macro   0x000005bd      0x165 ./utilities/fsl_str.o
 .debug_macro   0x00000722       0xc4 ./utilities/fsl_str.o
 .debug_macro   0x000007e6      0x1c7 ./utilities/fsl_str.o
 .debug_macro   0x000009ad       0x16 ./utilities/fsl_str.o
 .debug_macro   0x000009c3       0x29 ./startup/startup_mimxrt1062.o
 .debug_macro   0x000009ec      0x16f ./source/led_blinky.o
 .debug_macro   0x00000b5b       0x52 ./source/led_blinky.o
 .debug_macro   0x00000bad      0x2a7 ./source/led_blinky.o
 .debug_macro   0x00000e54      0x162 ./source/led_blinky.o
 .debug_macro   0x00000fb6       0x11 ./source/semihost_hardfault.o
 .debug_macro   0x00000fc7      0x12d ./drivers/fsl_clock.o
 .debug_macro   0x000010f4      0x13d ./drivers/fsl_gpio.o
 .debug_macro   0x00001231      0x13c ./drivers/fsl_lpuart.o
 .debug_macro   0x0000136d       0x10 ./drivers/fsl_lpuart.o
 .debug_macro   0x0000137d       0xb3 ./device/system_MIMXRT1062.o
 .debug_macro   0x00001430      0x15b ./component/uart/fsl_adapter_lpuart.o
 .debug_macro   0x0000158b       0x41 ./component/uart/fsl_adapter_lpuart.o
 .debug_macro   0x000015cc      0x1ac ./component/serial_manager/fsl_component_serial_manager.o
 .debug_macro   0x00001778       0x74 ./component/serial_manager/fsl_component_serial_manager.o
 .debug_macro   0x000017ec      0x16a ./component/serial_manager/fsl_component_serial_port_uart.o
 .debug_macro   0x00001956      0x199 ./board/board.o
 .debug_macro   0x00001aef     0x1c11 ./board/board.o
 .debug_macro   0x00003700      0x13f ./board/clock_config.o
 .debug_macro   0x0000383f      0x142 ./board/pin_mux.o

.debug_line     0x00000000     0x9098
 .debug_line    0x00000000      0x538 ./utilities/fsl_assert.o
 .debug_line    0x00000538      0x95c ./utilities/fsl_debug_console.o
 .debug_line    0x00000e94       0x88 ./utilities/fsl_memcpy.o
 .debug_line    0x00000f1c      0xb7f ./utilities/fsl_str.o
 .debug_line    0x00001a9b     0x11a5 ./startup/startup_mimxrt1062.o
 .debug_line    0x00002c40      0x54b ./source/led_blinky.o
 .debug_line    0x0000318b       0x59 ./source/semihost_hardfault.o
 .debug_line    0x000031e4     0x11d5 ./drivers/fsl_clock.o
 .debug_line    0x000043b9      0x58f ./drivers/fsl_gpio.o
 .debug_line    0x00004948     0x1527 ./drivers/fsl_lpuart.o
 .debug_line    0x00005e6f      0x518 ./device/system_MIMXRT1062.o
 .debug_line    0x00006387      0x5cd ./component/uart/fsl_adapter_lpuart.o
 .debug_line    0x00006954      0x83a ./component/serial_manager/fsl_component_serial_manager.o
 .debug_line    0x0000718e      0x5f6 ./component/serial_manager/fsl_component_serial_port_uart.o
 .debug_line    0x00007784      0xa05 ./board/board.o
 .debug_line    0x00008189      0x9f1 ./board/clock_config.o
 .debug_line    0x00008b7a      0x51e ./board/pin_mux.o

.debug_str      0x00000000   0x16a193
 .debug_str     0x00000000   0x14d075 ./utilities/fsl_assert.o
                             0x14d11b (size before relaxing)
 .debug_str     0x0014d075     0x177a ./utilities/fsl_debug_console.o
                             0x14e8e2 (size before relaxing)
 .debug_str     0x0014e7ef       0x28 ./utilities/fsl_memcpy.o
                                 0x89 (size before relaxing)
 .debug_str     0x0014e817      0xbf8 ./utilities/fsl_str.o
                             0x14d2dc (size before relaxing)
 .debug_str     0x0014f40f      0xe55 ./startup/startup_mimxrt1062.o
                               0x3e0d (size before relaxing)
 .debug_str     0x00150264     0x29ca ./source/led_blinky.o
                             0x14f95d (size before relaxing)
 .debug_str     0x00152c2e       0x1f ./source/semihost_hardfault.o
                               0x2f73 (size before relaxing)
 .debug_str     0x00152c4d     0x1adb ./drivers/fsl_clock.o
                             0x14eb0f (size before relaxing)
 .debug_str     0x00154728      0x96a ./drivers/fsl_gpio.o
                             0x14da45 (size before relaxing)
 .debug_str     0x00155092     0x1204 ./drivers/fsl_lpuart.o
                             0x14f539 (size before relaxing)
 .debug_str     0x00156296       0x8a ./device/system_MIMXRT1062.o
                             0x149911 (size before relaxing)
 .debug_str     0x00156320      0x385 ./component/uart/fsl_adapter_lpuart.o
                             0x14da67 (size before relaxing)
 .debug_str     0x001566a5      0x4af ./component/serial_manager/fsl_component_serial_manager.o
                             0x14e37f (size before relaxing)
 .debug_str     0x00156b54       0x92 ./component/serial_manager/fsl_component_serial_port_uart.o
                             0x14d541 (size before relaxing)
 .debug_str     0x00156be6    0x13141 ./board/board.o
                             0x16276b (size before relaxing)
 .debug_str     0x00169d27      0x3c0 ./board/clock_config.o
                             0x162834 (size before relaxing)
 .debug_str     0x0016a0e7       0xac ./board/pin_mux.o
                             0x1602c4 (size before relaxing)

.comment        0x00000000       0x45
 .comment       0x00000000       0x45 ./utilities/fsl_assert.o
                                 0x46 (size before relaxing)
 .comment       0x00000045       0x46 ./utilities/fsl_debug_console.o
 .comment       0x00000045       0x46 ./utilities/fsl_str.o
 .comment       0x00000045       0x46 ./startup/startup_mimxrt1062.o
 .comment       0x00000045       0x46 ./source/led_blinky.o
 .comment       0x00000045       0x46 ./source/semihost_hardfault.o
 .comment       0x00000045       0x46 ./drivers/fsl_clock.o
 .comment       0x00000045       0x46 ./drivers/fsl_gpio.o
 .comment       0x00000045       0x46 ./drivers/fsl_lpuart.o
 .comment       0x00000045       0x46 ./device/system_MIMXRT1062.o
 .comment       0x00000045       0x46 ./component/uart/fsl_adapter_lpuart.o
 .comment       0x00000045       0x46 ./component/serial_manager/fsl_component_serial_manager.o
 .comment       0x00000045       0x46 ./component/serial_manager/fsl_component_serial_port_uart.o
 .comment       0x00000045       0x46 ./board/board.o
 .comment       0x00000045       0x46 ./board/clock_config.o
 .comment       0x00000045       0x46 ./board/pin_mux.o
 .comment       0x00000045       0x46 c:/nxp/mcuxpressoide_11.8.0_1165/ide/plugins/com.nxp.mcuxpresso.tools.win32_11.8.0.202306131047/tools/bin/../lib/gcc/arm-none-eabi/12.2.1/../../../../arm-none-eabi/lib/thumb/v7e-m+dp/hard\libcr_nohost_nf.a(_cr__main.o)
 .comment       0x00000045       0x46 c:/nxp/mcuxpressoide_11.8.0_1165/ide/plugins/com.nxp.mcuxpresso.tools.win32_11.8.0.202306131047/tools/bin/../lib/gcc/arm-none-eabi/12.2.1/../../../../arm-none-eabi/lib/thumb/v7e-m+dp/hard\libcr_c.a(memset.o)
 .comment       0x00000045       0x46 c:/nxp/mcuxpressoide_11.8.0_1165/ide/plugins/com.nxp.mcuxpresso.tools.win32_11.8.0.202306131047/tools/bin/../lib/gcc/arm-none-eabi/12.2.1/../../../../arm-none-eabi/lib/thumb/v7e-m+dp/hard\libcr_c.a(alloc.o)
 .comment       0x00000045       0x46 c:/nxp/mcuxpressoide_11.8.0_1165/ide/plugins/com.nxp.mcuxpresso.tools.win32_11.8.0.202306131047/tools/bin/../lib/gcc/arm-none-eabi/12.2.1/../../../../arm-none-eabi/lib/thumb/v7e-m+dp/hard\libcr_c.a(errno.o)
 .comment       0x00000045       0x46 c:/nxp/mcuxpressoide_11.8.0_1165/ide/plugins/com.nxp.mcuxpresso.tools.win32_11.8.0.202306131047/tools/bin/../lib/gcc/arm-none-eabi/12.2.1/../../../../arm-none-eabi/lib/thumb/v7e-m+dp/hard\libcr_c.a(initio.o)
 .comment       0x00000045       0x46 c:/nxp/mcuxpressoide_11.8.0_1165/ide/plugins/com.nxp.mcuxpresso.tools.win32_11.8.0.202306131047/tools/bin/../lib/gcc/arm-none-eabi/12.2.1/../../../../arm-none-eabi/lib/thumb/v7e-m+dp/hard\libcr_c.a(setvbuf.o)
 .comment       0x00000045       0x46 c:/nxp/mcuxpressoide_11.8.0_1165/ide/plugins/com.nxp.mcuxpresso.tools.win32_11.8.0.202306131047/tools/bin/../lib/gcc/arm-none-eabi/12.2.1/../../../../arm-none-eabi/lib/thumb/v7e-m+dp/hard\libcr_c.a(strlen.o)
 .comment       0x00000045       0x46 c:/nxp/mcuxpressoide_11.8.0_1165/ide/plugins/com.nxp.mcuxpresso.tools.win32_11.8.0.202306131047/tools/bin/../lib/gcc/arm-none-eabi/12.2.1/../../../../arm-none-eabi/lib/thumb/v7e-m+dp/hard\libcr_c.a(_deferredlazyseek.o)
 .comment       0x00000045       0x46 c:/nxp/mcuxpressoide_11.8.0_1165/ide/plugins/com.nxp.mcuxpresso.tools.win32_11.8.0.202306131047/tools/bin/../lib/gcc/arm-none-eabi/12.2.1/../../../../arm-none-eabi/lib/thumb/v7e-m+dp/hard\libcr_c.a(_fdopen.o)
 .comment       0x00000045       0x46 c:/nxp/mcuxpressoide_11.8.0_1165/ide/plugins/com.nxp.mcuxpresso.tools.win32_11.8.0.202306131047/tools/bin/../lib/gcc/arm-none-eabi/12.2.1/../../../../arm-none-eabi/lib/thumb/v7e-m+dp/hard\libcr_c.a(_fflush.o)
 .comment       0x00000045       0x46 c:/nxp/mcuxpressoide_11.8.0_1165/ide/plugins/com.nxp.mcuxpresso.tools.win32_11.8.0.202306131047/tools/bin/../lib/gcc/arm-none-eabi/12.2.1/../../../../arm-none-eabi/lib/thumb/v7e-m+dp/hard\libcr_c.a(_writebuf.o)
 .comment       0x00000045       0x46 c:/nxp/mcuxpressoide_11.8.0_1165/ide/plugins/com.nxp.mcuxpresso.tools.win32_11.8.0.202306131047/tools/bin/../lib/gcc/arm-none-eabi/12.2.1/../../../../arm-none-eabi/lib/thumb/v7e-m+dp/hard\libcr_c.a(fclose.o)
 .comment       0x00000045       0x46 c:/nxp/mcuxpressoide_11.8.0_1165/ide/plugins/com.nxp.mcuxpresso.tools.win32_11.8.0.202306131047/tools/bin/../lib/gcc/arm-none-eabi/12.2.1/../../../../arm-none-eabi/lib/thumb/v7e-m+dp/hard\libcr_c.a(fflush.o)
 .comment       0x00000045       0x46 c:/nxp/mcuxpressoide_11.8.0_1165/ide/plugins/com.nxp.mcuxpresso.tools.win32_11.8.0.202306131047/tools/bin/../lib/gcc/arm-none-eabi/12.2.1/../../../../arm-none-eabi/lib/thumb/v7e-m+dp/hard\libcr_c.a(fseek.o)
 .comment       0x00000045       0x46 c:/nxp/mcuxpressoide_11.8.0_1165/ide/plugins/com.nxp.mcuxpresso.tools.win32_11.8.0.202306131047/tools/bin/../lib/gcc/arm-none-eabi/12.2.1/../../../../arm-none-eabi/lib/thumb/v7e-m+dp/hard\libcr_c.a(ftell.o)
 .comment       0x00000045       0x46 c:/nxp/mcuxpressoide_11.8.0_1165/ide/plugins/com.nxp.mcuxpresso.tools.win32_11.8.0.202306131047/tools/bin/../lib/gcc/arm-none-eabi/12.2.1/../../../../arm-none-eabi/lib/thumb/v7e-m+dp/hard\libcr_c.a(remove.o)
 .comment       0x00000045       0x46 c:/nxp/mcuxpressoide_11.8.0_1165/ide/plugins/com.nxp.mcuxpresso.tools.win32_11.8.0.202306131047/tools/bin/../lib/gcc/arm-none-eabi/12.2.1/../../../../arm-none-eabi/lib/thumb/v7e-m+dp/hard\libcr_c.a(_do_fflush.o)
 .comment       0x00000045       0x46 c:/nxp/mcuxpressoide_11.8.0_1165/ide/plugins/com.nxp.mcuxpresso.tools.win32_11.8.0.202306131047/tools/bin/../lib/gcc/arm-none-eabi/12.2.1/../../../../arm-none-eabi/lib/thumb/v7e-m+dp/hard\libcr_nohost_nf.a(__ciob.o)
 .comment       0x00000045       0x46 c:/nxp/mcuxpressoide_11.8.0_1165/ide/plugins/com.nxp.mcuxpresso.tools.win32_11.8.0.202306131047/tools/bin/../lib/gcc/arm-none-eabi/12.2.1/../../../../arm-none-eabi/lib/thumb/v7e-m+dp/hard\libcr_nohost_nf.a(__sys_close.o)
 .comment       0x00000045       0x46 c:/nxp/mcuxpressoide_11.8.0_1165/ide/plugins/com.nxp.mcuxpresso.tools.win32_11.8.0.202306131047/tools/bin/../lib/gcc/arm-none-eabi/12.2.1/../../../../arm-none-eabi/lib/thumb/v7e-m+dp/hard\libcr_nohost_nf.a(__sys_flen.o)
 .comment       0x00000045       0x46 c:/nxp/mcuxpressoide_11.8.0_1165/ide/plugins/com.nxp.mcuxpresso.tools.win32_11.8.0.202306131047/tools/bin/../lib/gcc/arm-none-eabi/12.2.1/../../../../arm-none-eabi/lib/thumb/v7e-m+dp/hard\libcr_nohost_nf.a(__sys_istty.o)
 .comment       0x00000045       0x46 c:/nxp/mcuxpressoide_11.8.0_1165/ide/plugins/com.nxp.mcuxpresso.tools.win32_11.8.0.202306131047/tools/bin/../lib/gcc/arm-none-eabi/12.2.1/../../../../arm-none-eabi/lib/thumb/v7e-m+dp/hard\libcr_nohost_nf.a(__sys_remove.o)