../usb/host/usb_host_ehci.c:997:17:USB_HostBandwidthComputeTime	24	static
../usb/host/usb_host_ehci.c:1060:13:USB_HostBandwidthFslsHostComputeCurrent	32	static
../usb/host/usb_host_ehci.c:1089:13:USB_HostBandwidthHsHostComputeCurrentFsls	40	static
../usb/host/usb_host_ehci.c:1162:13:USB_HostBandwidthHsHostComputeCurrentHsAll	40	static
../usb/host/usb_host_ehci.c:1258:21:USB_HostBandwidthHsHostAllocateHsCommon	48	static
../usb/host/usb_host_ehci.c:1545:21:USB_HostBandwidthHsHostAllocateInterrupt	64	static
../usb/host/usb_host_ehci.c:1717:21:USB_HostBandwidthFslsHostAllocate	40	static
../usb/host/usb_host_ehci.c:1768:16:USB_HostEhciGet2PowerValue	16	static
../usb/host/usb_host_ehci.c:1814:13:USB_HostEhciZeroMem	16	static
../usb/host/usb_host_ehci.c:1825:13:USB_HostEhciDelay	32	static
../usb/host/usb_host_ehci.c:1841:13:USB_HostEhciStartAsync	24	static
../usb/host/usb_host_ehci.c:1865:13:USB_HostEhciStopAsync	24	static
../usb/host/usb_host_ehci.c:1882:13:USB_HostEhciStartPeriodic	24	static
../usb/host/usb_host_ehci.c:1910:13:USB_HostEhciStopPeriodic	24	static
../usb/host/usb_host_ehci.c:1927:21:USB_HostEhciQhQtdListInit	64	static
../usb/host/usb_host_ehci.c:2204:17:USB_HostEhciQtdListRelease	32	static
../usb/host/usb_host_ehci.c:2256:21:USB_HostEhciQhQtdListDeinit	40	static
../usb/host/usb_host_ehci.c:2336:21:USB_HostEhciTransferQtdListDeinit	48	static
../usb/host/usb_host_ehci.c:2445:21:USB_HostEhciQhInit	48	static
../usb/host/usb_host_ehci.c:2550:21:USB_HostEhciQhDeinit	24	static
../usb/host/usb_host_ehci.c:2567:13:USB_HostEhciAddQhToFrame	40	static
../usb/host/usb_host_ehci.c:2629:13:USB_HostEhciRemoveFromFrame	40	static
../usb/host/usb_host_ehci.c:3335:21:USB_HostEhciOpenControlBulk	24	static
../usb/host/usb_host_ehci.c:3364:21:USB_HostEhciCloseControlBulk	32	static
../usb/host/usb_host_ehci.c:3431:21:USB_HostEhciOpenInterrupt	32	static
../usb/host/usb_host_ehci.c:3469:21:USB_HostEhciCloseInterrupt	24	static
../usb/host/usb_host_ehci.c:3562:21:USB_HostEhciResetIP	16	static
../usb/host/usb_host_ehci.c:3588:21:USB_HostEhciStartIP	24	static
../usb/host/usb_host_ehci.c:3640:21:USB_HostEhciCancelPipe	32	static
../usb/host/usb_host_ehci.c:3722:21:USB_HostEhciControlBus	24	static
../usb/host/usb_host_ehci.c:3815:6:USB_HostEhciTransactionDone	56	static
../usb/host/usb_host_ehci.c:4098:13:USB_HostEhciPortChange	32	static
../usb/host/usb_host_ehci.c:4205:13:USB_HostEhciTimer0	48	static
../usb/host/usb_host_ehci.c:4441:14:USB_HostEhciCreate	64	static
../usb/host/usb_host_ehci.c:4664:14:USB_HostEhciDestory	24	static
../usb/host/usb_host_ehci.c:4699:14:USB_HostEhciOpenPipe	48	static
../usb/host/usb_host_ehci.c:4823:14:USB_HostEhciClosePipe	40	static
../usb/host/usb_host_ehci.c:4892:14:USB_HostEhciWritePipe	40	static
../usb/host/usb_host_ehci.c:4942:14:USB_HostEhciReadpipe	24	static
../usb/host/usb_host_ehci.c:4949:14:USB_HostEhciIoctl	56	static
../usb/host/usb_host_ehci.c:5022:6:USB_HostEhciTaskFunction	40	static
../usb/host/usb_host_ehci.c:5092:6:USB_HostEhciIsrFunction	24	static
